visualisation/dataset_final.csv
date,sales,prix,wday,month,event_name_1,event_type_1,snap_WI,temp,feelslike,humidity,precip,preciptype,windspeed,visibility,cloudcover,uvindex
2011-09-23,111.0,1.28,7,9,no_event,no_event,0,8.6,8.6,81.8,0.0,no_precip,11.8,15.8,71.0,6
2011-09-24,168.0,1.28,1,9,no_event,no_event,0,9.6,9.4,83.6,0.0,no_precip,23.6,11.2,68.1,5
2011-10-01,166.0,1.28,1,10,no_event,no_event,0,7.1,6.0,72.6,0.0,no_precip,14.6,15.9,5.2,7
2011-10-02,207.0,1.28,2,10,no_event,no_event,1,9.1,9.1,69.4,0.0,no_precip,9.4,14.0,1.8,7
2011-10-03,116.0,1.28,3,10,no_event,no_event,1,13.1,13.1,70.0,0.0,no_precip,14.4,15.9,0.0,7
2011-10-04,85.0,1.28,4,10,no_event,no_event,0,13.7,13.7,69.4,0.0,no_precip,12.8,14.3,6.4,7
2011-10-05,102.0,1.28,5,10,no_event,no_event,1,15.7,15.7,64.6,0.0,no_precip,17.8,14.8,0.0,7
2011-10-06,102.0,1.28,6,10,no_event,no_event,1,17.1,17.1,64.8,0.0,no_precip,20.4,13.8,0.0,7
2011-10-07,227.0,1.28,7,10,no_event,no_event,0,20.8,20.8,55.8,0.0,no_precip,33.3,16.0,1.1,7
2011-10-08,182.0,1.28,1,10,no_event,no_event,1,21.4,21.3,53.7,0.0,no_precip,20.6,16.0,0.0,7
2011-10-09,176.0,1.28,2,10,no_event,no_event,1,17.6,17.6,65.2,0.0,no_precip,18.2,16.0,5.3,7
2011-10-14,155.0,1.28,7,10,no_event,no_event,1,11.1,10.5,62.0,0.0,no_precip,29.0,16.0,37.5,6
2011-10-16,184.0,1.28,2,10,no_event,no_event,0,11.6,11.5,53.6,0.0,no_precip,26.1,16.0,58.9,7
2011-10-17,110.0,1.28,3,10,no_event,no_event,0,9.6,8.5,47.1,0.0,no_precip,23.3,16.0,1.1,4
2011-10-18,75.0,1.28,4,10,no_event,no_event,0,7.1,5.9,64.1,0.0,no_precip,20.8,16.0,56.0,4
2011-10-19,53.0,1.28,5,10,no_event,no_event,0,6.9,3.1,70.2,0.0,no_precip,38.1,15.9,89.6,5
2011-10-20,71.0,1.28,6,10,no_event,no_event,0,6.9,3.4,62.5,0.0,no_precip,34.4,16.0,87.1,6
2011-10-21,102.0,1.28,7,10,no_event,no_event,0,5.9,5.2,64.5,0.0,no_precip,12.9,16.0,8.7,6
2011-10-22,145.0,1.28,1,10,no_event,no_event,0,8.0,7.9,65.2,0.0,no_precip,10.6,15.9,4.3,6
2011-10-24,82.0,1.28,3,10,no_event,no_event,0,10.2,9.6,69.3,0.0,no_precip,20.9,16.0,12.5,6
2011-10-26,82.0,1.28,5,10,no_event,no_event,0,6.7,4.1,78.0,0.0,no_precip,27.2,15.1,76.8,3
2011-10-29,173.0,1.28,1,10,no_event,no_event,0,3.8,3.3,67.9,0.0,no_precip,11.2,13.6,25.6,5
2011-11-01,69.0,1.28,4,11,no_event,no_event,0,9.6,8.5,66.9,0.0,no_precip,25.5,14.6,21.0,5
2011-11-04,130.0,1.28,7,11,no_event,no_event,0,3.2,2.5,76.1,0.0,no_precip,15.3,15.6,0.9,5
2011-11-05,140.0,1.28,1,11,no_event,no_event,1,6.9,4.7,69.7,0.0,no_precip,27.5,15.7,1.1,5
2011-11-06,149.0,1.28,2,11,no_event,no_event,1,11.3,10.2,70.6,0.0,no_precip,27.4,15.4,45.1,2
2011-11-12,156.0,1.28,1,11,no_event,no_event,1,7.3,6.4,68.4,0.0,no_precip,30.8,15.8,4.7,5
2011-11-13,114.0,1.28,2,11,no_event,no_event,0,11.6,10.7,71.3,0.0,no_precip,24.1,16.0,43.5,5
2011-11-15,100.0,1.28,4,11,no_event,no_event,1,7.2,5.7,57.4,0.0,no_precip,27.5,16.0,17.5,5
2011-11-16,83.0,1.28,5,11,no_event,no_event,0,1.4,-2.3,45.1,0.0,no_precip,24.0,16.0,4.8,5
2011-11-17,75.0,1.28,6,11,no_event,no_event,0,-2.4,-6.4,51.7,0.0,no_precip,24.2,16.0,6.9,5
2011-11-18,119.0,1.28,7,11,no_event,no_event,0,4.4,0.5,44.9,0.0,no_precip,32.2,16.0,5.4,3
2011-11-19,106.0,1.28,1,11,no_event,no_event,0,6.6,4.3,60.7,0.0,no_precip,21.3,15.7,95.4,2
2011-11-20,107.0,1.28,2,11,no_event,no_event,0,2.1,-1.5,75.8,0.0,no_precip,24.1,15.8,98.7,4
2011-11-21,91.0,1.28,3,11,no_event,no_event,0,1.0,-1.4,78.2,0.0,no_precip,14.4,15.7,50.9,5
2011-11-22,92.0,1.28,4,11,no_event,no_event,0,2.3,-0.9,85.2,0.0,no_precip,22.3,11.5,64.7,1
2011-11-23,163.0,1.28,5,11,no_event,no_event,0,2.7,1.7,81.4,0.0,no_precip,13.6,9.0,26.3,5
2011-11-25,100.0,1.28,7,11,no_event,no_event,0,9.2,7.6,75.3,0.0,no_precip,20.3,15.3,50.3,2
2011-11-27,91.0,1.28,2,11,no_event,no_event,0,1.9,-2.6,75.6,0.0,no_precip,27.8,16.0,100.0,4
2011-11-28,39.0,1.28,3,11,no_event,no_event,0,-1.2,-2.2,76.7,0.0,no_precip,9.4,14.0,62.6,5
2011-11-29,94.0,1.28,4,11,no_event,no_event,0,0.2,-5.1,67.8,0.0,no_precip,36.7,16.0,11.7,3
2011-11-30,69.0,1.28,5,11,no_event,no_event,0,0.6,-1.7,51.1,0.0,no_precip,14.7,16.0,18.0,4
2011-12-01,66.0,1.28,6,12,no_event,no_event,0,2.2,-0.5,60.2,0.0,no_precip,23.2,15.7,50.1,2
2011-12-02,173.0,1.28,7,12,no_event,no_event,1,-1.4,-4.4,69.7,0.0,no_precip,21.5,15.5,7.5,5
2011-12-05,112.0,1.28,3,12,no_event,no_event,1,-0.2,-4.1,85.6,0.0,no_precip,19.3,12.1,100.0,2
2011-12-06,93.0,1.28,4,12,no_event,no_event,1,-2.6,-5.4,68.4,0.0,no_precip,18.0,16.0,95.8,2
2011-12-07,81.0,1.28,5,12,no_event,no_event,0,-3.6,-7.4,66.9,0.0,no_precip,16.5,15.9,57.1,4
2011-12-08,126.0,1.28,6,12,no_event,no_event,1,-2.3,-5.3,60.7,0.0,no_precip,18.4,15.2,60.6,3
2011-12-09,116.0,1.28,7,12,no_event,no_event,1,-6.9,-11.3,50.3,0.0,no_precip,16.6,16.0,21.8,4
2011-12-10,166.0,1.28,1,12,no_event,no_event,0,-7.1,-10.9,59.3,0.0,no_precip,22.0,16.0,22.4,4
2011-12-11,128.0,1.28,2,12,no_event,no_event,1,0.7,-3.7,72.1,0.0,no_precip,23.7,13.4,9.9,4
2011-12-12,114.0,1.28,3,12,no_event,no_event,1,2.9,-0.2,72.0,0.0,no_precip,17.9,12.5,93.0,3
2011-12-13,75.0,1.28,4,12,no_event,no_event,0,4.0,3.5,65.9,0.0,no_precip,10.8,15.3,100.0,4
2011-12-16,178.0,1.28,7,12,no_event,no_event,0,-3.5,-5.7,67.7,0.0,no_precip,12.4,16.0,19.2,4
2011-12-18,102.0,1.28,2,12,no_event,no_event,0,-0.3,-3.0,80.3,0.0,no_precip,24.9,12.4,3.1,4
2011-12-19,222.0,1.28,3,12,no_event,no_event,0,2.9,0.6,76.9,0.0,no_precip,24.0,15.2,41.9,4
2011-12-20,2.0,1.28,4,12,no_event,no_event,0,-0.8,-2.1,80.6,0.0,no_precip,12.8,15.4,54.8,3
2011-12-23,10.0,1.28,7,12,no_event,no_event,0,-4.8,-7.9,73.1,0.0,no_precip,23.2,15.3,46.3,3
2011-12-24,288.0,1.48,1,12,no_event,no_event,0,-0.6,-4.1,71.8,0.0,no_precip,21.0,15.7,11.7,4
2011-12-26,86.0,1.48,3,12,no_event,no_event,0,1.7,-1.6,67.3,0.0,no_precip,26.4,16.0,20.2,4
2011-12-27,106.0,1.48,4,12,no_event,no_event,0,0.7,-3.6,68.8,0.0,no_precip,33.0,16.0,49.2,3
2011-12-29,51.67176704894183,1.48,6,12,no_event,no_event,0,1.2,-1.3,78.9,0.0,no_precip,22.0,13.6,33.1,4
2011-12-31,374.0,1.28,1,12,no_event,no_event,0,-1.0,-4.7,93.0,0.0,no_precip,25.6,5.3,71.2,2
2012-01-02,76.0,1.28,3,1,no_event,no_event,1,-7.0,-14.7,60.9,0.0,no_precip,33.7,14.8,72.6,3
2012-01-03,106.0,1.28,4,1,no_event,no_event,1,-7.4,-11.9,56.7,0.0,no_precip,33.5,16.0,0.0,4
2012-01-04,128.0,1.28,5,1,no_event,no_event,0,-1.6,-3.8,61.7,0.0,no_precip,17.4,16.0,8.1,3
2012-01-05,85.0,1.28,6,1,no_event,no_event,1,2.9,1.4,65.4,0.0,no_precip,14.7,16.0,2.6,4
2012-01-06,96.0,1.28,7,1,no_event,no_event,1,6.0,4.9,58.5,0.0,no_precip,15.4,15.9,22.3,2
2012-01-08,134.0,1.28,2,1,no_event,no_event,1,-2.0,-3.1,73.9,0.0,no_precip,13.8,16.0,0.0,4
2012-01-09,102.0,1.28,3,1,no_event,no_event,1,2.8,-0.1,65.0,0.0,no_precip,23.8,16.0,12.4,4
2012-01-10,97.0,1.28,4,1,no_event,no_event,0,2.5,1.5,70.8,0.0,no_precip,19.9,15.3,0.0,4
2012-01-11,135.0,1.28,5,1,no_event,no_event,1,4.0,2.1,63.7,0.0,no_precip,18.3,15.2,8.3,4
2012-01-13,143.0,1.28,7,1,no_event,no_event,0,-8.1,-14.2,71.0,0.0,no_precip,23.0,12.5,99.3,3
2012-01-14,197.0,1.28,1,1,no_event,no_event,1,-9.7,-10.7,69.9,0.0,no_precip,9.2,14.1,81.0,4
2012-01-15,139.0,1.28,2,1,no_event,no_event,1,-4.4,-10.3,73.0,0.0,no_precip,31.3,14.0,54.1,4
2012-01-18,91.0,1.28,5,1,no_event,no_event,0,-11.4,-15.7,70.1,0.0,no_precip,26.4,15.9,21.8,5
2012-01-21,193.0,1.28,1,1,no_event,no_event,0,-14.0,-16.1,69.5,0.0,no_precip,13.2,15.6,17.0,5
2012-01-24,106.21457663376384,1.28,4,1,no_event,no_event,0,-3.5,-6.6,75.3,0.0,no_precip,17.7,14.2,48.7,5
2012-01-25,111.79981190577831,1.28,5,1,no_event,no_event,0,-3.5,-5.8,81.5,0.0,no_precip,24.2,9.0,65.3,3
2012-01-26,100.85060685206679,1.28,6,1,no_event,no_event,0,-0.4,-3.5,91.1,0.0,no_precip,20.8,4.3,92.5,4
2012-01-30,107.58639338089324,1.28,3,1,no_event,no_event,0,0.0,-3.5,67.4,0.0,no_precip,21.6,16.0,50.6,4
2012-01-31,112.78286683874148,1.28,4,1,no_event,no_event,0,6.4,3.8,73.1,0.0,no_precip,23.4,16.0,4.7,2
2012-02-01,103.95091883389614,1.28,5,2,no_event,no_event,0,2.0,0.4,80.8,0.0,no_precip,14.6,12.0,55.0,4
2012-02-02,108.3208528858338,1.28,6,2,no_event,no_event,1,-1.6,-3.2,91.3,0.0,no_precip,10.8,5.5,80.4,5
2012-02-03,99.24624504167912,1.28,7,2,no_event,no_event,1,-0.4,-3.3,90.9,0.0,no_precip,15.9,4.9,100.0,3
2012-02-04,121.82951013052065,1.28,1,2,no_event,no_event,0,1.3,-1.2,74.7,0.0,no_precip,16.8,15.3,38.2,5
2012-02-06,116.95672408129155,1.28,3,2,no_event,no_event,1,-0.9,-3.7,82.4,0.0,no_precip,15.5,12.2,55.1,6
2012-02-07,101.68700481736141,1.28,4,2,no_event,no_event,0,-2.6,-6.7,76.7,0.0,no_precip,30.7,14.9,81.0,4
2012-02-08,113.75995415066188,1.28,5,2,no_event,no_event,1,-4.8,-6.7,62.0,0.0,no_precip,14.4,15.3,0.0,6
2012-02-09,99.50598118016921,1.28,6,2,no_event,no_event,1,-2.9,-6.0,61.1,0.0,no_precip,21.7,16.0,30.1,6
2012-02-11,107.36219306930866,1.34,1,2,no_event,no_event,1,-10.5,-18.2,44.0,0.0,no_precip,23.9,16.0,0.0,6
2012-02-12,106.86389976622809,1.34,2,2,no_event,no_event,1,-5.4,-10.0,42.4,0.0,no_precip,18.8,16.0,0.0,6
2012-02-15,87.64344658299166,1.34,5,2,no_event,no_event,1,2.9,0.0,80.2,0.0,no_precip,19.8,10.6,85.5,6
2012-02-16,63.0,1.34,6,2,no_event,no_event,0,3.0,0.6,65.5,0.0,no_precip,24.6,11.6,43.0,6
2012-02-18,149.0,1.34,1,2,no_event,no_event,0,-0.4,-3.1,62.0,0.0,no_precip,20.0,16.0,29.0,6
2012-02-19,120.0,1.34,2,2,no_event,no_event,0,-2.1,-3.0,66.8,0.0,no_precip,11.9,15.8,3.9,6
2012-02-25,133.0,1.34,1,2,no_event,no_event,0,-5.2,-10.1,62.6,0.0,no_precip,22.7,16.0,27.6,7
2012-02-26,131.0,1.34,2,2,no_event,no_event,0,0.1,-4.9,62.6,0.0,no_precip,38.3,16.0,30.1,7
2012-02-27,62.0,1.34,3,2,no_event,no_event,0,-1.0,-4.9,60.8,0.0,no_precip,25.4,16.0,34.2,7
2012-03-01,62.0,1.34,6,3,no_event,no_event,0,2.0,0.0,78.6,0.0,no_precip,15.3,16.0,99.5,6
2012-03-03,159.0,1.34,1,3,no_event,no_event,1,-1.5,-6.2,71.2,0.0,no_precip,23.4,15.4,95.4,4
2012-03-05,77.0,1.34,3,3,no_event,no_event,1,-4.2,-7.1,72.6,0.0,no_precip,23.0,14.5,36.5,7
2012-03-06,137.0,1.34,4,3,no_event,no_event,1,7.7,5.1,59.4,0.0,no_precip,32.1,16.0,8.0,7
2012-03-09,101.0,1.34,7,3,no_event,no_event,1,-1.3,-5.9,40.0,0.0,no_precip,31.4,16.0,1.2,8
2012-03-10,166.0,1.34,1,3,no_event,no_event,0,6.9,4.1,43.4,0.0,no_precip,33.1,16.0,2.8,7
2012-03-11,130.0,1.34,2,3,no_event,no_event,1,11.8,10.7,40.4,0.0,no_precip,24.6,16.0,12.6,6
2012-03-13,88.0,1.34,4,3,no_event,no_event,0,12.3,12.0,55.3,0.0,no_precip,14.1,15.8,2.4,7
2012-03-14,114.0,1.34,5,3,no_event,no_event,1,16.8,16.6,63.0,0.0,no_precip,24.9,16.0,18.8,7
2012-03-15,91.0,1.34,6,3,no_event,no_event,1,17.6,17.6,73.1,0.0,no_precip,10.7,10.7,30.8,7
2012-03-16,142.0,1.34,7,3,no_event,no_event,0,16.2,16.2,68.8,0.0,no_precip,23.7,14.0,17.5,6
2012-03-18,124.0,1.34,2,3,no_event,no_event,0,20.5,20.5,61.5,0.0,no_precip,27.7,16.0,27.3,5
2012-03-20,92.0,1.34,4,3,no_event,no_event,0,21.9,21.8,51.2,0.0,no_precip,34.1,16.0,7.9,8
2012-03-21,77.0,1.34,5,3,no_event,no_event,0,21.3,21.3,54.6,0.0,no_precip,25.6,16.0,27.6,7
2012-03-25,116.0,1.34,2,3,no_event,no_event,0,15.2,15.1,74.4,0.0,no_precip,28.7,12.7,45.9,8
2012-03-27,65.0,1.34,4,3,no_event,no_event,0,12.6,10.6,53.8,0.0,no_precip,36.8,16.0,44.2,8
2012-03-28,5.0,1.34,5,3,no_event,no_event,0,12.8,12.7,52.3,0.0,no_precip,27.4,16.0,24.4,8
2012-03-29,84.22771463385573,1.34,6,3,no_event,no_event,0,6.1,4.1,68.5,0.0,no_precip,25.8,16.0,14.6,5
2012-03-31,160.0,1.48,1,3,no_event,no_event,0,4.5,1.7,87.3,0.0,no_precip,19.1,9.7,90.8,8
2012-04-02,82.0,1.48,3,4,no_event,no_event,1,11.0,9.9,59.8,0.0,no_precip,32.0,16.0,21.3,8
2012-04-03,84.0,1.48,4,4,no_event,no_event,1,11.8,11.0,67.1,0.0,no_precip,34.6,16.0,40.6,8
2012-04-04,78.0,1.48,5,4,no_event,no_event,0,9.8,9.0,59.8,0.0,no_precip,24.9,15.9,0.1,9
2012-04-05,82.0,1.48,6,4,no_event,no_event,1,5.9,2.9,59.3,0.0,no_precip,27.7,16.0,6.8,9
2012-04-06,127.0,1.48,7,4,no_event,no_event,1,6.5,5.4,53.6,0.0,no_precip,17.0,16.0,0.0,9
2012-04-09,62.0,1.48,3,4,no_event,no_event,1,8.0,6.7,46.0,0.0,no_precip,36.2,16.0,12.1,9
2012-04-10,58.0,1.48,4,4,no_event,no_event,0,2.7,-1.2,44.2,0.0,no_precip,29.8,16.0,32.8,9
2012-04-11,78.0,1.48,5,4,no_event,no_event,1,5.6,3.9,49.4,0.0,no_precip,15.9,16.0,11.6,9
2012-04-12,55.0,1.48,6,4,no_event,no_event,1,9.3,8.6,46.1,0.0,no_precip,15.0,16.0,7.8,9
2012-04-13,95.0,1.48,7,4,no_event,no_event,0,10.8,10.0,49.1,0.0,no_precip,34.3,16.0,52.0,6
2012-04-17,55.0,1.48,4,4,no_event,no_event,0,7.6,7.2,60.2,0.0,no_precip,14.2,16.0,23.4,9
2012-04-18,57.0,1.48,5,4,no_event,no_event,0,13.3,12.3,60.5,0.0,no_precip,32.0,16.0,65.5,8
2012-04-21,104.0,1.48,1,4,no_event,no_event,0,6.3,5.7,60.9,0.0,no_precip,16.7,15.8,27.5,8
2012-04-22,96.0,1.48,2,4,no_event,no_event,0,6.8,5.7,54.6,0.0,no_precip,25.1,16.0,41.0,9
2012-04-23,52.0,1.48,3,4,no_event,no_event,0,7.5,7.3,60.0,0.0,no_precip,22.9,15.8,15.6,9
2012-04-24,45.0,1.48,4,4,no_event,no_event,0,11.4,11.1,45.4,0.0,no_precip,11.2,16.0,38.8,8
2012-04-26,44.0,1.48,6,4,no_event,no_event,0,9.2,8.2,64.3,0.0,no_precip,28.8,13.3,29.4,9
2012-04-27,89.0,1.48,7,4,no_event,no_event,0,6.4,5.1,52.2,0.0,no_precip,26.9,16.0,31.2,8
2012-05-01,53.0,1.48,4,5,no_event,no_event,0,12.1,11.9,80.9,0.0,no_precip,21.2,11.0,44.9,6
2012-05-04,106.0,1.48,7,5,no_event,no_event,0,16.5,16.5,83.8,0.0,no_precip,21.6,13.0,64.5,7
2012-05-09,79.0,1.48,5,5,no_event,no_event,1,12.0,11.7,66.9,0.0,no_precip,24.4,16.0,58.2,9
2012-05-10,78.0,1.48,6,5,no_event,no_event,0,13.4,13.3,51.5,0.0,no_precip,14.0,15.9,0.0,10
2012-05-11,111.0,1.48,7,5,no_event,no_event,1,18.5,18.5,45.1,0.0,no_precip,31.1,16.0,34.3,8
2012-05-12,171.0,1.48,1,5,no_event,no_event,1,16.0,16.0,60.1,0.0,no_precip,18.7,16.0,38.8,6
2012-05-14,91.0,1.48,3,5,no_event,no_event,1,17.5,17.5,47.9,0.0,no_precip,13.6,16.0,0.0,10
2012-05-16,46.0,1.48,5,5,no_event,no_event,0,14.0,13.9,52.9,0.0,no_precip,25.6,16.0,2.8,10
2012-05-17,66.0,1.48,6,5,no_event,no_event,0,16.4,16.4,41.6,0.0,no_precip,29.3,16.0,7.4,9
2012-05-18,132.0,1.48,7,5,no_event,no_event,0,21.7,21.3,36.7,0.0,no_precip,26.7,16.0,0.0,10
2012-05-19,105.0,1.48,1,5,no_event,no_event,0,24.4,24.0,40.8,0.0,no_precip,31.0,15.9,12.5,9
2012-05-20,71.0,1.48,2,5,no_event,no_event,0,23.7,23.7,53.3,0.0,no_precip,29.5,16.0,24.0,7
2012-05-21,32.0,1.48,3,5,no_event,no_event,0,16.4,16.2,51.4,0.0,no_precip,30.1,16.0,26.0,10
2012-05-22,58.0,1.48,4,5,no_event,no_event,0,15.9,15.9,51.2,0.0,no_precip,14.0,16.0,0.0,10
2012-05-23,33.0,1.48,5,5,no_event,no_event,0,20.0,19.8,39.5,0.0,no_precip,30.9,16.0,0.0,10
2012-05-27,97.0,1.48,2,5,no_event,no_event,0,25.9,26.0,56.3,0.0,no_precip,30.0,16.0,16.0,9
2012-05-29,24.0,1.48,4,5,no_event,no_event,0,19.2,19.2,52.3,0.0,no_precip,32.1,16.0,18.3,10
2012-05-30,46.0,1.48,5,5,no_event,no_event,0,14.0,14.0,64.3,0.0,no_precip,17.2,16.0,85.2,10
2012-06-01,65.0,1.48,7,6,no_event,no_event,0,14.2,13.9,54.7,0.0,no_precip,25.6,16.0,70.9,9
2012-06-02,111.0,1.48,1,6,no_event,no_event,1,17.6,17.6,46.0,0.0,no_precip,18.9,16.0,10.8,10
2012-06-03,72.0,1.48,2,6,no_event,no_event,1,19.8,19.8,50.6,0.0,no_precip,16.5,16.0,32.2,10
2012-06-05,39.0,1.48,4,6,no_event,no_event,1,17.9,17.9,60.9,0.0,no_precip,17.6,16.0,67.0,9
2012-06-06,50.0,1.48,5,6,no_event,no_event,1,17.3,17.3,58.1,0.0,no_precip,9.6,16.0,16.6,10
2012-06-08,128.0,1.48,7,6,no_event,no_event,1,23.1,22.9,51.8,0.0,no_precip,19.0,16.0,15.6,10
2012-06-09,98.0,1.48,1,6,no_event,no_event,1,25.9,25.4,41.2,0.0,no_precip,22.6,16.0,3.5,10
2012-06-10,81.0,1.48,2,6,no_event,no_event,0,26.5,26.1,45.6,0.0,no_precip,31.9,16.0,22.7,10
2012-06-13,40.0,1.48,5,6,no_event,no_event,0,16.8,16.8,58.0,0.0,no_precip,30.1,16.0,16.5,9
2012-06-14,89.0,1.48,6,6,no_event,no_event,1,21.1,21.0,46.5,0.0,no_precip,32.3,16.0,3.5,10
2012-06-15,107.0,1.48,7,6,no_event,no_event,1,25.0,24.6,45.3,0.0,no_precip,23.3,16.0,0.0,9
2012-06-18,44.0,1.48,3,6,no_event,no_event,0,28.5,29.7,56.9,0.0,no_precip,32.2,16.0,53.7,9
2012-06-19,65.0,1.48,4,6,no_event,no_event,0,29.9,30.9,50.5,0.0,no_precip,33.5,16.0,28.1,9
2012-06-20,50.0,1.48,5,6,no_event,no_event,0,29.7,30.4,52.3,0.0,no_precip,37.2,16.0,24.4,9
2012-06-22,112.0,1.48,7,6,no_event,no_event,0,22.2,21.9,54.1,0.0,no_precip,13.7,16.0,22.2,10
2012-06-23,80.0,1.48,1,6,no_event,no_event,0,21.9,21.8,59.2,0.0,no_precip,14.0,16.0,35.3,8
2012-06-24,85.0,1.48,2,6,no_event,no_event,0,24.1,24.2,62.0,0.0,no_precip,23.6,16.0,41.3,8
2012-06-25,57.0,1.48,3,6,no_event,no_event,0,19.9,19.9,46.5,0.0,no_precip,20.9,16.0,8.1,10
2012-06-26,46.0,1.48,4,6,no_event,no_event,0,20.1,19.9,50.8,0.0,no_precip,16.2,16.0,0.0,9
2012-06-27,55.0,1.48,5,6,no_event,no_event,0,26.7,26.5,44.4,0.0,no_precip,32.1,16.0,0.0,9
2012-06-28,81.0,1.48,6,6,no_event,no_event,0,29.8,32.2,54.0,0.0,no_precip,18.9,15.8,13.2,7
2012-06-30,51.0,1.48,1,6,no_event,no_event,0,26.3,26.2,61.4,0.0,no_precip,13.0,15.6,9.0,9
2012-07-01,81.0,1.48,2,7,no_event,no_event,0,26.5,26.6,55.9,0.0,no_precip,15.0,16.0,12.4,9
2012-07-02,83.0,1.48,3,7,no_event,no_event,1,29.6,30.8,56.4,0.0,no_precip,15.2,16.0,19.7,9
2012-07-03,156.0,1.48,4,7,no_event,no_event,1,30.6,32.4,54.4,0.0,no_precip,22.5,16.0,25.3,9
2012-07-05,45.0,1.48,6,7,no_event,no_event,1,32.6,34.7,50.4,0.0,no_precip,14.9,16.0,14.8,9
2012-07-06,11.0,1.48,7,7,no_event,no_event,1,32.5,34.7,53.6,0.0,no_precip,14.4,15.8,11.5,7
2012-07-07,91.0,1.34,1,7,no_event,no_event,0,28.4,29.6,55.7,0.0,no_precip,26.7,16.0,26.6,9
2012-07-08,75.0,1.34,2,7,no_event,no_event,1,25.6,25.2,47.5,0.0,no_precip,13.8,16.0,21.6,9
2012-07-09,62.0,1.34,3,7,no_event,no_event,1,25.4,24.9,50.5,0.0,no_precip,17.0,16.0,43.0,9
2012-07-10,45.0,1.34,4,7,no_event,no_event,0,24.1,23.7,47.0,0.0,no_precip,18.2,16.0,46.2,8
2012-07-11,36.0,1.34,5,7,no_event,no_event,1,24.1,23.4,43.1,0.0,no_precip,18.4,16.0,18.5,10
2012-07-12,68.0,1.34,6,7,no_event,no_event,1,25.4,24.8,46.2,0.0,no_precip,15.9,16.0,20.6,9
2012-07-15,116.0,1.34,2,7,no_event,no_event,1,28.3,28.5,56.7,0.0,no_precip,11.7,15.4,23.4,9
2012-07-16,56.0,1.34,3,7,no_event,no_event,0,30.1,30.6,49.6,0.0,no_precip,18.1,16.0,11.1,9
2012-07-21,122.0,1.34,1,7,no_event,no_event,0,24.5,24.9,65.8,0.0,no_precip,11.3,16.0,17.5,6
2012-07-23,49.0,1.34,3,7,no_event,no_event,0,29.6,31.8,58.9,0.0,no_precip,14.6,16.0,11.5,9
2012-07-28,98.0,1.34,1,7,no_event,no_event,0,22.4,22.4,69.0,0.0,no_precip,10.1,13.7,27.9,9
2012-07-30,69.0,1.34,3,7,no_event,no_event,0,26.3,27.3,66.0,0.0,no_precip,14.4,15.7,35.9,9
