visualisation/dataset_final.csv
date,sales,prix,wday,month,event_name_1,event_type_1,snap_WI,temp,feelslike,humidity,precip,preciptype,windspeed,visibility,cloudcover,uvindex
2012-08-01,57.0,1.34,5,8,no_event,no_event,0,25.3,25.4,65.2,0.0,no_precip,14.5,13.8,7.4,9
2012-08-05,1.0,1.38,2,8,no_event,no_event,1,20.8,20.8,65.5,0.0,no_precip,20.0,15.8,11.3,10
2012-08-06,72.0,1.38,3,8,no_event,no_event,1,19.9,19.7,63.0,0.0,no_precip,12.1,15.8,0.4,9
2012-08-07,48.0,1.38,4,8,no_event,no_event,0,24.8,24.9,55.9,0.0,no_precip,13.0,16.0,27.2,9
2012-08-11,115.0,1.38,1,8,no_event,no_event,1,18.0,18.0,61.4,0.0,no_precip,19.8,16.0,3.7,9
2012-08-12,31.0,1.38,2,8,no_event,no_event,1,17.7,17.7,71.9,0.0,no_precip,11.1,16.0,43.9,7
2012-08-14,57.0,1.38,4,8,no_event,no_event,1,20.3,20.3,70.2,0.0,no_precip,7.6,15.6,30.0,9
2012-08-17,92.0,1.38,7,8,no_event,no_event,0,16.9,16.9,62.6,0.0,no_precip,17.7,16.0,4.3,9
2012-08-18,118.0,1.38,1,8,no_event,no_event,0,16.1,16.1,67.3,0.0,no_precip,10.7,14.8,14.3,9
2012-08-20,57.0,1.38,3,8,no_event,no_event,0,16.8,16.8,68.8,0.0,no_precip,12.4,12.9,28.8,9
2012-08-21,7.0,1.38,4,8,no_event,no_event,0,17.7,17.7,61.0,0.0,no_precip,10.4,15.8,6.5,9
2012-08-22,60.0,1.38,5,8,no_event,no_event,0,21.6,21.4,54.0,0.0,no_precip,14.9,16.0,2.0,9
2012-08-23,57.0,1.38,6,8,no_event,no_event,0,25.6,25.4,46.3,0.0,no_precip,19.5,16.0,19.7,8
2012-08-24,74.0,1.38,7,8,no_event,no_event,0,25.6,25.4,50.9,0.0,no_precip,18.4,16.0,22.3,7
2012-08-25,94.0,1.38,1,8,no_event,no_event,0,25.6,25.3,53.3,0.0,no_precip,25.7,16.0,11.4,8
2012-08-28,29.0,1.38,4,8,no_event,no_event,0,21.3,21.2,69.6,0.0,no_precip,14.2,15.4,7.0,8
2012-08-31,88.0,1.38,7,8,no_event,no_event,0,26.5,26.9,55.3,0.0,no_precip,19.0,16.0,0.9,8
2012-09-01,83.0,1.38,1,9,no_event,no_event,0,21.5,21.5,56.3,0.0,no_precip,28.7,16.0,26.9,4
2012-09-02,147.0,1.38,2,9,no_event,no_event,1,23.1,23.4,68.6,0.0,no_precip,21.5,16.0,53.7,8
2012-09-06,80.0,1.38,6,9,no_event,no_event,1,20.5,20.5,62.2,0.0,no_precip,14.1,16.0,0.0,8
2012-09-10,38.0,1.38,3,9,no_event,no_event,0,17.1,17.1,62.5,0.0,no_precip,24.0,15.7,0.9,8
2012-09-11,56.0,1.38,4,9,no_event,no_event,1,22.1,22.0,52.2,0.0,no_precip,25.8,16.0,1.8,8
2012-09-12,43.0,1.38,5,9,no_event,no_event,1,22.3,22.2,51.7,0.0,no_precip,21.9,16.0,13.2,8
2012-09-14,100.0,1.38,7,9,no_event,no_event,1,14.7,14.7,65.5,0.0,no_precip,16.4,15.3,7.5,8
2012-09-15,100.0,1.38,1,9,no_event,no_event,1,16.4,16.4,59.0,0.0,no_precip,11.4,15.6,2.8,8
2012-09-16,78.0,1.38,2,9,no_event,no_event,0,19.2,19.2,47.9,0.0,no_precip,18.5,16.0,0.0,8
2012-09-18,43.0,1.38,4,9,no_event,no_event,0,9.6,8.8,65.4,0.0,no_precip,25.0,16.0,31.8,6
2012-09-20,78.0,1.38,6,9,no_event,no_event,0,13.7,13.7,51.5,0.0,no_precip,27.9,16.0,12.9,6
2012-09-23,61.0,1.38,2,9,no_event,no_event,0,8.0,7.5,62.4,0.0,no_precip,19.8,16.0,15.4,8
2012-09-24,36.0,1.38,3,9,no_event,no_event,0,12.7,12.4,49.4,0.0,no_precip,22.0,16.0,0.0,8
2012-09-25,63.0,1.38,4,9,no_event,no_event,0,17.7,17.6,49.4,0.0,no_precip,16.3,16.0,0.0,7
2012-09-26,39.0,1.38,5,9,no_event,no_event,0,12.0,11.7,62.6,0.0,no_precip,19.4,14.8,5.1,8
2012-09-27,61.0,1.38,6,9,no_event,no_event,0,9.5,9.3,69.6,0.0,no_precip,18.3,16.0,28.0,7
2012-09-28,81.0,1.38,7,9,no_event,no_event,0,11.1,11.1,65.7,0.0,no_precip,10.1,14.5,5.7,7
2012-09-29,109.0,1.38,1,9,no_event,no_event,0,15.5,15.5,53.7,0.0,no_precip,18.0,15.9,2.6,7
2012-09-30,77.0,1.38,2,9,no_event,no_event,0,12.4,12.3,65.7,0.0,no_precip,13.8,15.2,8.2,7
2012-10-01,57.0,1.38,3,10,no_event,no_event,0,11.3,11.2,72.1,0.0,no_precip,9.0,16.0,1.8,3
2012-10-02,77.0,1.38,4,10,no_event,no_event,1,13.2,13.2,70.9,0.0,no_precip,16.4,15.4,0.1,7
2012-10-03,57.0,1.38,5,10,no_event,no_event,1,13.4,13.4,71.8,0.0,no_precip,13.5,11.5,19.4,7
2012-10-04,94.0,1.38,6,10,no_event,no_event,0,14.1,13.9,64.1,0.0,no_precip,19.2,16.0,29.6,6
2012-10-05,83.0,1.38,7,10,no_event,no_event,1,6.6,4.5,50.9,0.0,no_precip,20.2,16.0,9.0,7
2012-10-06,147.0,1.38,1,10,no_event,no_event,1,5.3,2.8,52.8,0.0,no_precip,21.6,16.0,93.8,6
2012-10-07,64.0,1.38,2,10,no_event,no_event,0,6.2,4.9,42.8,0.0,no_precip,12.2,16.0,53.1,7
2012-10-10,76.0,1.38,5,10,no_event,no_event,0,5.3,3.2,60.5,0.0,no_precip,19.8,16.0,26.7,7
2012-10-11,82.0,1.38,6,10,no_event,no_event,1,9.7,8.0,47.6,0.0,no_precip,26.9,16.0,67.9,7
2012-10-12,113.0,1.38,7,10,no_event,no_event,1,4.9,3.8,51.7,0.0,no_precip,20.3,16.0,0.1,7
2012-10-15,63.0,1.38,3,10,no_event,no_event,1,8.9,8.1,70.1,0.0,no_precip,18.3,16.0,19.0,7
2012-10-16,47.0,1.38,4,10,no_event,no_event,0,13.4,12.8,65.5,0.0,no_precip,39.9,16.0,29.3,6
2012-10-20,124.07803306046554,1.25,1,10,no_event,no_event,0,7.9,7.1,74.7,0.0,no_precip,14.4,16.0,32.2,6
2012-10-21,128.22230368821386,1.25,2,10,no_event,no_event,0,10.3,10.3,73.3,0.0,no_precip,22.4,15.2,1.7,6
2012-10-24,75.0,1.25,5,10,no_event,no_event,0,20.1,20.1,82.6,0.0,no_precip,27.2,13.4,81.5,4
2012-10-27,114.0,1.25,1,10,no_event,no_event,0,1.4,0.2,64.6,0.0,no_precip,18.3,16.0,14.3,6
2012-10-28,79.0,1.25,2,10,no_event,no_event,0,2.0,0.8,63.1,0.0,no_precip,17.6,16.0,10.6,6
2012-10-29,58.0,1.25,3,10,no_event,no_event,0,2.8,1.1,61.7,0.0,no_precip,22.0,15.8,0.0,6
2012-10-30,55.0,1.25,4,10,no_event,no_event,0,4.2,-0.2,53.3,0.0,no_precip,38.2,16.0,14.7,4
2012-11-01,73.0,1.25,6,11,no_event,no_event,0,5.5,3.7,47.1,0.0,no_precip,26.1,16.0,67.6,6
2012-11-02,114.0,1.25,7,11,no_event,no_event,1,2.0,-0.1,70.2,0.0,no_precip,12.2,16.0,2.3,5
2012-11-03,140.0,1.25,1,11,no_event,no_event,1,2.4,1.4,70.7,0.0,no_precip,10.7,16.0,79.7,5
2012-11-04,100.0,1.25,2,11,no_event,no_event,0,2.2,1.9,70.8,0.0,no_precip,7.7,15.8,33.8,5
2012-11-05,62.0,1.25,3,11,no_event,no_event,1,0.0,-0.7,79.5,0.0,no_precip,13.7,13.7,32.2,5
2012-11-07,57.0,1.25,5,11,no_event,no_event,0,3.9,2.6,88.5,0.0,no_precip,11.8,6.3,100.0,3
2012-11-08,69.0,1.25,6,11,no_event,no_event,1,6.4,4.5,69.4,0.0,no_precip,22.6,15.3,43.9,5
2012-11-09,163.0,1.25,7,11,no_event,no_event,1,6.0,4.4,82.2,0.0,no_precip,14.8,7.9,77.9,2
2012-11-10,117.0,1.25,1,11,no_event,no_event,0,14.0,13.3,73.4,0.0,no_precip,36.2,12.0,59.5,4
2012-11-12,105.0,1.25,3,11,no_event,no_event,1,-2.3,-7.5,67.2,0.0,no_precip,21.6,15.6,86.6,5
2012-11-13,71.0,1.25,4,11,no_event,no_event,0,-0.9,-3.0,62.0,0.0,no_precip,11.0,16.0,5.1,5
2012-11-14,102.0,1.25,5,11,no_event,no_event,1,4.0,0.5,59.9,0.0,no_precip,25.2,16.0,52.7,4
2012-11-15,87.0,1.25,6,11,no_event,no_event,1,4.8,3.2,63.3,0.0,no_precip,16.6,15.9,18.9,4
2012-11-16,128.0,1.25,7,11,no_event,no_event,0,1.9,0.7,87.7,0.0,no_precip,12.5,9.6,20.1,5
2012-11-17,186.0,1.25,1,11,no_event,no_event,0,5.2,3.5,74.2,0.0,no_precip,17.4,9.2,33.1,5
2012-11-18,167.0,1.25,2,11,no_event,no_event,0,7.1,5.6,62.2,0.0,no_precip,21.3,12.8,0.9,5
2012-11-20,109.0,1.25,4,11,no_event,no_event,0,9.1,9.1,84.0,0.0,no_precip,10.5,7.4,49.6,4
2012-11-21,186.0,1.25,5,11,no_event,no_event,0,7.0,5.8,84.6,0.0,no_precip,22.0,6.9,44.1,5
2012-11-23,6.0,1.25,7,11,no_event,no_event,0,-1.1,-7.3,60.1,0.0,no_precip,33.4,15.7,97.4,4
2012-11-24,169.0,1.25,1,11,no_event,no_event,0,-2.5,-6.7,60.9,0.0,no_precip,25.1,16.0,77.8,5
2012-11-25,92.0,1.25,2,11,no_event,no_event,0,-0.3,-2.9,64.2,0.0,no_precip,18.3,16.0,16.6,5
2012-11-26,66.0,1.25,3,11,no_event,no_event,0,-3.7,-6.1,62.8,0.0,no_precip,17.2,15.9,47.1,3
2012-11-27,64.0,1.25,4,11,no_event,no_event,0,-4.5,-7.2,57.3,0.0,no_precip,16.5,16.0,29.3,4
2012-11-28,70.0,1.25,5,11,no_event,no_event,0,0.2,-1.9,56.4,0.0,no_precip,14.4,16.0,3.7,4
2012-11-29,81.0,1.25,6,11,no_event,no_event,0,3.8,1.8,64.3,0.0,no_precip,13.5,15.2,16.8,4
2012-11-30,128.0,1.25,7,11,no_event,no_event,0,4.2,1.0,82.7,0.0,no_precip,19.4,8.1,99.7,4
2012-12-02,115.0,1.25,2,12,no_event,no_event,1,9.8,9.2,85.5,0.0,no_precip,15.1,6.9,42.8,4
2012-12-04,78.0,1.25,4,12,no_event,no_event,0,6.7,4.9,55.7,0.0,no_precip,26.1,16.0,0.0,4
2012-12-05,86.0,1.25,5,12,no_event,no_event,1,-2.1,-5.5,63.3,0.0,no_precip,18.1,16.0,1.0,4
2012-12-06,95.0,1.25,6,12,no_event,no_event,1,4.2,1.0,73.7,0.0,no_precip,23.9,16.0,72.9,1
2012-12-07,149.0,1.25,7,12,no_event,no_event,0,2.7,0.6,69.5,0.0,no_precip,16.4,16.0,71.8,3
2012-12-08,209.0,1.25,1,12,no_event,no_event,1,0.5,-2.9,76.7,0.0,no_precip,13.2,15.5,60.1,4
2012-12-11,97.0,1.25,4,12,no_event,no_event,1,-3.1,-7.2,75.1,0.0,no_precip,17.5,15.0,81.2,4
2012-12-12,75.0,1.25,5,12,no_event,no_event,1,1.7,-2.1,65.1,0.0,no_precip,27.4,15.7,23.8,4
2012-12-13,92.0,1.25,6,12,no_event,no_event,0,2.2,-0.5,63.2,0.0,no_precip,22.5,16.0,0.0,4
2012-12-14,141.0,1.25,7,12,no_event,no_event,1,0.9,-0.5,76.7,0.0,no_precip,14.4,14.7,0.5,4
2012-12-17,77.0,1.25,3,12,no_event,no_event,0,-1.1,-3.4,81.6,0.0,no_precip,14.7,14.3,98.9,3
2012-12-21,123.0,1.25,7,12,no_event,no_event,0,-6.4,-12.9,72.5,0.0,no_precip,37.2,15.7,40.3,4
2012-12-22,157.0,1.25,1,12,no_event,no_event,0,-9.8,-11.6,78.7,0.0,no_precip,12.7,15.0,0.7,4
2012-12-23,200.0,1.25,2,12,no_event,no_event,0,-9.2,-11.5,85.6,0.0,no_precip,17.1,14.1,40.7,4
2012-12-24,253.0,1.25,3,12,no_event,no_event,0,-6.6,-10.1,81.4,0.0,no_precip,18.1,15.2,88.5,3
2012-12-26,1.0,1.25,5,12,no_event,no_event,0,-5.9,-12.2,78.7,0.0,no_precip,25.0,15.8,89.4,4
2012-12-27,114.0,1.25,6,12,no_event,no_event,0,-4.7,-9.2,76.6,0.0,no_precip,14.7,15.5,99.2,4
2012-12-29,194.0,1.25,1,12,no_event,no_event,0,-5.3,-9.1,82.5,0.0,no_precip,18.4,13.0,88.4,2
2012-12-30,200.0,1.25,2,12,no_event,no_event,0,-9.0,-13.0,81.6,0.0,no_precip,15.5,11.8,24.2,3
2012-12-31,225.0,1.25,3,12,no_event,no_event,0,-6.1,-9.7,74.5,0.0,no_precip,15.4,15.2,25.0,2
2013-01-02,122.0,1.25,5,1,no_event,no_event,1,-7.5,-12.1,67.4,0.0,no_precip,16.3,15.6,69.2,4
2013-01-03,94.0,1.25,6,1,no_event,no_event,1,-5.9,-10.5,78.9,0.0,no_precip,18.4,11.1,70.1,4
2013-01-04,132.0,1.25,7,1,no_event,no_event,0,-6.0,-10.5,72.0,0.0,no_precip,17.5,16.0,0.0,4
2013-01-05,174.0,1.25,1,1,no_event,no_event,1,-3.4,-6.7,82.3,0.0,no_precip,19.4,12.5,37.0,4
2013-01-06,167.0,1.25,2,1,no_event,no_event,1,-4.2,-7.9,76.2,0.0,no_precip,19.5,13.6,52.3,4
2013-01-08,95.0,1.25,4,1,no_event,no_event,1,-0.3,-3.6,77.9,0.0,no_precip,24.8,12.7,9.8,4
2013-01-09,109.0,1.25,5,1,no_event,no_event,1,1.0,-1.8,69.2,0.0,no_precip,22.4,16.0,2.1,5
2013-01-12,211.0,1.25,1,1,no_event,no_event,1,1.4,-2.5,73.3,0.0,no_precip,24.3,15.8,42.7,3
2013-01-14,79.0,1.25,3,1,no_event,no_event,1,-9.0,-11.9,65.5,0.0,no_precip,14.7,16.0,2.0,5
2013-01-15,84.0,1.25,4,1,no_event,no_event,1,-6.4,-9.8,66.0,0.0,no_precip,18.3,16.0,0.0,5
2013-01-16,108.0,1.25,5,1,no_event,no_event,0,-2.7,-6.8,69.3,0.0,no_precip,29.4,15.8,60.8,4
2013-01-17,81.0,1.25,6,1,no_event,no_event,0,-6.3,-10.0,56.6,0.0,no_precip,18.4,16.0,3.0,5
2013-01-18,118.0,1.25,7,1,no_event,no_event,0,-0.9,-5.2,68.1,0.0,no_precip,30.0,15.9,39.4,4
2013-01-19,229.0,1.25,1,1,no_event,no_event,0,3.0,-0.5,64.6,0.0,no_precip,36.9,16.0,48.3,4
2013-01-20,159.0,1.25,2,1,no_event,no_event,0,-11.7,-18.2,55.5,0.0,no_precip,33.5,15.9,27.0,3
2013-01-22,112.0,1.25,4,1,no_event,no_event,0,-17.0,-22.8,60.8,0.0,no_precip,16.4,15.9,22.0,5
2013-01-24,125.0,1.25,6,1,no_event,no_event,0,-13.8,-19.8,61.9,0.0,no_precip,23.7,16.0,28.1,4
2013-01-26,217.0,1.25,1,1,no_event,no_event,0,-8.4,-11.6,61.8,0.0,no_precip,18.0,16.0,28.2,5
2013-02-06,87.0,1.25,5,2,no_event,no_event,1,-7.4,-9.9,78.5,0.0,no_precip,27.1,9.9,47.3,6
2013-02-12,115.0,1.25,4,2,no_event,no_event,1,-3.9,-8.6,72.3,0.0,no_precip,19.0,15.8,60.2,5
2013-02-15,115.0,1.25,7,2,no_event,no_event,1,-6.5,-11.7,58.4,0.0,no_precip,22.4,16.0,28.9,6
2013-02-16,170.0,1.25,1,2,no_event,no_event,0,-11.4,-15.7,62.9,0.0,no_precip,17.3,15.9,41.9,4
2013-02-17,169.0,1.25,2,2,no_event,no_event,0,-9.5,-13.0,68.0,0.0,no_precip,23.5,16.0,1.2,6
2013-02-19,50.0,1.25,4,2,no_event,no_event,0,-10.3,-18.6,70.0,0.0,no_precip,30.1,11.0,73.1,3
2013-02-23,148.0,1.25,1,2,no_event,no_event,0,-3.3,-7.4,73.2,0.0,no_precip,16.2,15.0,95.4,4
2013-02-25,81.0,1.25,3,2,no_event,no_event,0,-2.6,-3.9,76.2,0.0,no_precip,14.8,12.5,33.5,6
2013-02-28,76.0,1.25,6,2,no_event,no_event,0,-0.3,-5.4,77.5,0.0,no_precip,25.5,15.3,100.0,4
2013-03-02,177.0,1.25,1,3,no_event,no_event,1,-9.6,-13.4,69.6,0.0,no_precip,18.4,15.9,0.8,7
2013-03-03,137.0,1.25,2,3,no_event,no_event,1,-10.4,-11.5,67.7,0.0,no_precip,9.0,15.7,3.5,7
2013-03-06,69.0,1.25,5,3,no_event,no_event,1,-2.0,-6.4,75.4,0.0,no_precip,20.7,16.0,99.2,5
2013-03-07,56.0,1.25,6,3,no_event,no_event,0,-6.4,-7.4,74.6,0.0,no_precip,11.8,14.5,6.1,7
2013-03-08,120.0,1.25,7,3,no_event,no_event,1,-4.0,-6.6,77.4,0.0,no_precip,19.8,11.3,5.6,7
2013-03-13,75.0,1.25,5,3,no_event,no_event,0,-3.9,-8.5,54.8,0.0,no_precip,22.9,15.7,13.0,8
2013-03-16,146.0,1.25,1,3,no_event,no_event,0,-3.0,-8.2,76.5,0.0,no_precip,30.0,15.2,95.4,7
2013-03-19,101.0,1.25,4,3,no_event,no_event,0,-6.6,-13.6,58.1,0.0,no_precip,26.0,15.1,39.3,8
2013-03-20,63.0,1.25,5,3,no_event,no_event,0,-9.4,-16.4,54.8,0.0,no_precip,25.0,16.0,26.6,5
2013-03-21,69.0,1.25,6,3,no_event,no_event,0,-7.9,-11.1,59.4,0.0,no_precip,14.4,16.0,0.0,8
2013-03-22,120.0,1.25,7,3,no_event,no_event,0,-5.3,-6.2,62.4,0.0,no_precip,10.9,16.0,0.0,8
2013-03-23,155.0,1.25,1,3,no_event,no_event,0,-2.3,-3.6,65.4,0.0,no_precip,13.0,15.8,2.5,8
2013-03-25,71.0,1.25,3,3,no_event,no_event,0,-0.8,-5.9,68.3,0.0,no_precip,33.0,16.0,94.9,6
2013-03-26,66.0,1.25,4,3,no_event,no_event,0,1.4,-1.5,61.6,0.0,no_precip,17.6,16.0,89.4,6
2013-03-27,63.0,1.25,5,3,no_event,no_event,0,1.9,0.1,57.3,0.0,no_precip,12.9,16.0,71.0,7
2013-03-28,48.0,1.25,6,3,no_event,no_event,0,1.7,1.2,56.2,0.0,no_precip,7.7,16.0,7.7,8
2013-03-29,120.0,1.25,7,3,no_event,no_event,0,2.7,2.3,58.8,0.0,no_precip,9.2,16.0,2.5,8
2013-04-01,62.0,1.25,3,4,no_event,no_event,0,-0.8,-5.4,48.5,0.0,no_precip,24.0,16.0,21.9,9
2013-04-03,105.0,1.25,5,4,no_event,no_event,1,1.4,-0.3,46.8,0.0,no_precip,16.6,16.0,0.0,9
2013-04-04,69.0,1.25,6,4,no_event,no_event,0,6.3,4.5,48.7,0.0,no_precip,18.7,16.0,11.2,9
2013-04-05,128.0,1.25,7,4,no_event,no_event,1,4.2,1.6,54.9,0.0,no_precip,28.7,16.0,27.2,9
2013-04-07,109.0,1.38,2,4,no_event,no_event,0,7.3,5.1,67.9,0.0,no_precip,22.8,15.7,58.9,8
2013-04-13,120.0,1.38,1,4,no_event,no_event,0,1.9,-1.4,69.6,0.0,no_precip,23.5,15.8,98.5,6
2013-04-16,50.0,1.38,4,4,no_event,no_event,0,5.9,4.1,65.2,0.0,no_precip,20.4,16.0,22.2,9
2013-04-20,72.0,1.38,1,4,no_event,no_event,0,1.9,-1.0,48.9,0.0,no_precip,17.7,16.0,19.1,9
2013-04-21,58.0,1.38,2,4,no_event,no_event,0,5.7,2.3,56.1,0.0,no_precip,32.2,16.0,66.4,7
2013-04-22,36.0,1.38,3,4,no_event,no_event,0,12.2,11.0,50.5,0.0,no_precip,30.0,16.0,66.5,8
2013-04-24,50.0,1.38,5,4,no_event,no_event,0,6.1,4.0,49.3,0.0,no_precip,22.3,16.0,26.5,9
2013-04-26,78.0,1.38,7,4,no_event,no_event,0,12.8,11.8,46.8,0.0,no_precip,31.9,16.0,27.2,8
2013-04-27,94.0,1.38,1,4,no_event,no_event,0,13.4,13.1,64.9,0.0,no_precip,16.5,15.9,42.5,9
2013-04-28,58.0,1.38,2,4,no_event,no_event,0,13.7,13.7,62.5,0.0,no_precip,9.6,12.9,32.4,9
2013-05-06,64.0,1.38,3,5,no_event,no_event,1,15.7,15.7,58.7,0.0,no_precip,12.2,15.8,24.0,9
2013-05-08,50.0,1.38,5,5,no_event,no_event,1,18.5,18.5,51.7,0.0,no_precip,12.9,16.0,30.5,9
2013-05-11,114.0,1.38,1,5,no_event,no_event,1,9.2,8.0,64.8,0.0,no_precip,35.4,15.6,50.2,10
2013-05-13,39.0,1.38,3,5,no_event,no_event,0,10.2,10.1,50.1,0.0,no_precip,16.7,16.0,24.7,9
2013-05-15,44.0,1.38,5,5,no_event,no_event,1,21.3,21.3,41.1,0.0,no_precip,20.8,16.0,13.1,10
2013-05-16,67.0,1.38,6,5,no_event,no_event,0,19.2,19.0,48.1,0.0,no_precip,25.3,16.0,21.2,10
2013-05-18,113.0,1.38,1,5,no_event,no_event,0,18.7,18.7,70.8,0.0,no_precip,18.8,14.6,66.0,9
2013-05-24,87.0,1.38,7,5,no_event,no_event,0,10.3,10.1,64.1,0.0,no_precip,13.9,15.7,1.8,10
2013-06-02,80.0,1.38,2,6,no_event,no_event,1,13.0,12.7,68.5,0.0,no_precip,27.6,16.0,82.2,9
2013-06-03,51.0,1.38,3,6,no_event,no_event,1,14.1,14.1,61.3,0.0,no_precip,10.4,15.6,11.1,10
2013-06-07,79.0,1.38,7,6,no_event,no_event,0,15.2,15.2,72.3,0.0,no_precip,10.8,16.0,76.4,8
2013-06-08,132.0,1.38,1,6,no_event,no_event,1,16.7,16.7,62.8,0.0,no_precip,14.1,15.9,53.9,6
2013-06-11,53.0,1.38,4,6,no_event,no_event,1,22.4,22.6,71.3,0.0,no_precip,10.3,15.8,25.9,9
2013-06-14,101.0,1.38,7,6,no_event,no_event,1,19.0,19.0,68.0,0.0,no_precip,17.3,15.9,13.3,10
2013-06-17,46.0,1.38,3,6,no_event,no_event,0,23.3,23.2,54.2,0.0,no_precip,28.1,16.0,37.7,8
2013-06-18,40.0,1.38,4,6,no_event,no_event,0,17.6,17.6,66.6,0.0,no_precip,21.6,16.0,37.7,6
2013-06-19,39.0,1.38,5,6,no_event,no_event,0,18.3,18.3,59.5,0.0,no_precip,17.4,16.0,6.6,10
2013-06-30,65.0,1.38,2,6,no_event,no_event,0,19.5,19.5,63.5,0.0,no_precip,24.1,16.0,28.7,9
2013-07-01,45.0,1.38,3,7,no_event,no_event,0,19.5,19.5,63.3,0.0,no_precip,24.2,16.0,7.0,10
2013-07-02,41.0,1.38,4,7,no_event,no_event,1,18.3,18.3,64.7,0.0,no_precip,28.0,16.0,17.6,10
2013-07-05,56.0,1.38,7,7,no_event,no_event,1,24.3,24.4,63.4,0.0,no_precip,24.2,15.8,18.2,9
2013-07-06,78.0,1.38,1,7,no_event,no_event,1,24.9,25.1,62.0,0.0,no_precip,17.6,15.9,12.0,9
2013-07-07,56.0,1.38,2,7,no_event,no_event,0,26.1,27.0,68.2,0.0,no_precip,16.8,15.2,18.0,9
2013-07-10,77.0,1.38,5,7,no_event,no_event,0,23.3,23.3,67.6,0.0,no_precip,20.1,16.0,44.5,10
2013-07-11,59.0,1.38,6,7,no_event,no_event,1,21.0,21.0,64.9,0.0,no_precip,8.9,14.6,16.1,9
2013-07-12,61.0,1.38,7,7,no_event,no_event,1,21.8,21.6,57.3,0.0,no_precip,16.7,15.9,0.0,10
2013-07-13,100.0,1.38,1,7,no_event,no_event,0,23.0,23.1,58.8,0.0,no_precip,21.1,16.0,5.8,8
2013-07-14,71.0,1.38,2,7,no_event,no_event,1,24.1,24.5,68.3,0.0,no_precip,15.8,15.8,22.7,9
2013-07-16,35.0,1.38,4,7,no_event,no_event,0,28.8,31.1,69.8,0.0,no_precip,11.9,14.6,29.9,6
2013-07-18,72.0,1.38,6,7,no_event,no_event,0,29.4,31.4,65.5,0.0,no_precip,20.5,16.0,17.6,6
2013-07-19,78.0,1.38,7,7,no_event,no_event,0,28.5,30.3,60.8,0.0,no_precip,20.6,16.0,28.8,8
2013-07-24,30.0,1.38,5,7,no_event,no_event,0,17.5,17.5,68.4,0.0,no_precip,7.7,16.0,30.8,9
2013-07-29,38.0,1.38,3,7,no_event,no_event,0,17.9,17.9,70.6,0.0,no_precip,13.9,16.0,37.0,9
2013-08-03,92.0,1.38,1,8,no_event,no_event,1,19.2,19.2,63.2,0.0,no_precip,15.9,16.0,25.9,9
2013-08-04,99.0,1.38,2,8,no_event,no_event,0,18.0,18.0,70.4,0.0,no_precip,14.4,16.0,35.3,9
2013-08-07,41.0,1.38,5,8,no_event,no_event,0,23.3,23.3,75.1,0.0,no_precip,21.9,15.0,37.6,9
