visualisation/dataset_final.csv
date,sales,prix,wday,month,event_name_1,event_type_1,snap_WI,temp,feelslike,humidity,precip,preciptype,windspeed,visibility,cloudcover,uvindex
2013-08-09,139.0,1.38,7,8,no_event,no_event,1,21.3,21.3,63.3,0.0,no_precip,13.9,16.0,41.0,8
2013-08-10,78.0,1.38,1,8,no_event,no_event,0,18.1,18.1,72.3,0.0,no_precip,11.1,15.8,44.1,9
2013-08-13,54.0,1.38,4,8,no_event,no_event,0,17.0,17.0,64.2,0.0,no_precip,20.4,16.0,55.2,9
2013-08-14,36.0,1.38,5,8,no_event,no_event,1,15.7,15.7,71.6,0.0,no_precip,9.3,15.9,32.1,9
2013-08-15,66.0,1.38,6,8,no_event,no_event,1,18.9,18.9,65.3,0.0,no_precip,9.3,16.0,81.8,8
2013-08-16,86.0,1.38,7,8,no_event,no_event,0,19.5,19.5,66.8,0.0,no_precip,11.0,15.7,32.9,9
2013-08-17,59.0,1.38,1,8,no_event,no_event,0,19.5,19.5,66.1,0.0,no_precip,12.7,15.1,11.4,9
2013-08-18,60.0,1.38,2,8,no_event,no_event,0,20.3,20.2,64.3,0.0,no_precip,14.3,15.2,8.4,9
2013-08-19,50.0,1.38,3,8,no_event,no_event,0,21.2,21.2,69.3,0.0,no_precip,12.6,15.5,19.6,7
2013-08-20,57.0,1.38,4,8,no_event,no_event,0,24.6,24.7,64.0,0.0,no_precip,20.5,15.5,22.3,8
2013-08-21,44.0,1.38,5,8,no_event,no_event,0,26.5,27.2,64.1,0.0,no_precip,24.9,15.7,54.7,8
2013-08-24,104.0,1.0,1,8,no_event,no_event,0,22.0,22.2,69.0,0.0,no_precip,22.1,16.0,8.2,8
2013-08-25,130.0,1.0,2,8,no_event,no_event,0,26.2,27.0,64.5,0.0,no_precip,20.0,16.0,5.1,8
2013-08-26,114.0,1.0,3,8,no_event,no_event,0,27.1,28.8,67.4,0.0,no_precip,18.3,16.0,5.6,8
2013-08-27,232.0,1.0,4,8,no_event,no_event,0,28.9,31.2,66.0,0.0,no_precip,16.1,16.0,10.4,8
2013-08-28,181.0,1.0,5,8,no_event,no_event,0,24.9,25.4,81.0,0.0,no_precip,14.3,14.0,64.0,8
2013-09-03,199.0,1.0,4,9,no_event,no_event,1,15.6,15.6,74.9,0.0,no_precip,11.1,14.6,4.6,8
2013-09-04,250.0,1.0,5,9,no_event,no_event,0,19.6,19.7,72.9,0.0,no_precip,12.9,15.8,3.0,8
2013-09-05,283.0,1.0,6,9,no_event,no_event,1,19.8,19.8,71.1,0.0,no_precip,19.7,15.9,50.1,8
2013-09-06,173.0,1.0,7,9,no_event,no_event,1,21.9,22.0,60.2,0.0,no_precip,16.9,16.0,22.2,8
2013-09-07,260.0,1.0,1,9,no_event,no_event,0,25.5,26.2,66.3,0.0,no_precip,16.1,15.8,25.5,8
2013-09-08,259.0,1.0,2,9,no_event,no_event,1,20.2,20.2,81.9,0.0,no_precip,25.7,15.9,88.7,8
2013-09-09,331.0,1.0,3,9,no_event,no_event,1,25.5,27.1,72.6,0.0,no_precip,23.0,13.2,45.1,7
2013-09-10,175.0,1.0,4,9,no_event,no_event,0,29.1,29.2,48.4,0.0,no_precip,18.7,16.0,13.5,8
2013-09-12,203.0,1.0,6,9,no_event,no_event,1,18.8,18.8,67.8,0.0,no_precip,24.3,15.7,24.5,8
2013-09-13,187.0,1.0,7,9,no_event,no_event,0,12.6,12.3,63.3,0.0,no_precip,18.3,16.0,4.7,8
2013-09-14,275.0,1.0,1,9,no_event,no_event,1,14.3,14.2,62.1,0.0,no_precip,17.2,16.0,3.9,7
2013-09-21,253.0,1.0,1,9,no_event,no_event,0,12.4,12.3,78.3,0.0,no_precip,18.8,15.9,52.5,8
2013-09-23,168.0,1.0,3,9,no_event,no_event,0,12.6,12.6,75.1,0.0,no_precip,19.7,15.6,7.0,8
2013-09-24,187.0,1.0,4,9,no_event,no_event,0,13.9,13.9,73.8,0.0,no_precip,19.4,13.2,3.1,8
2013-09-25,147.0,1.0,5,9,no_event,no_event,0,14.1,14.0,77.4,0.0,no_precip,15.5,11.6,27.4,8
2013-09-26,127.0,1.0,6,9,no_event,no_event,0,15.0,15.0,73.6,0.0,no_precip,19.8,10.1,29.8,7
2013-09-27,181.0,1.0,7,9,no_event,no_event,0,17.7,17.7,64.9,0.0,no_precip,28.4,13.5,0.7,7
2013-09-30,130.0,1.0,3,9,no_event,no_event,0,16.0,16.0,57.0,0.0,no_precip,27.2,16.0,0.0,7
2013-10-01,77.0,1.0,4,10,no_event,no_event,0,19.7,19.7,69.2,0.0,no_precip,21.2,16.0,1.1,7
2013-10-02,164.0,1.0,5,10,no_event,no_event,1,16.2,16.2,62.8,0.0,no_precip,14.4,13.1,15.5,7
2013-10-08,82.0,1.0,4,10,no_event,no_event,1,14.2,14.2,64.8,0.0,no_precip,19.0,16.0,0.0,7
2013-10-10,100.0,1.0,6,10,no_event,no_event,0,13.6,13.6,72.3,0.0,no_precip,17.9,13.0,1.5,6
2013-10-11,155.0,1.0,7,10,no_event,no_event,1,16.1,16.1,74.0,0.0,no_precip,32.9,12.9,32.9,6
2013-10-13,145.0,1.0,2,10,no_event,no_event,0,9.0,9.0,68.4,0.0,no_precip,16.7,16.0,2.6,7
2013-10-18,21.0,1.0,7,10,no_event,no_event,0,7.0,5.6,77.6,0.0,no_precip,19.7,16.0,74.6,5
2013-10-21,47.0,1.38,3,10,no_event,no_event,0,4.1,1.6,65.8,0.0,no_precip,23.0,16.0,81.5,6
2013-10-22,45.0,1.38,4,10,no_event,no_event,0,2.4,1.0,64.6,0.0,no_precip,16.4,16.0,36.6,2
2013-10-23,24.0,1.38,5,10,no_event,no_event,0,1.5,-0.4,71.5,0.0,no_precip,18.4,15.9,65.0,4
2013-10-24,45.0,1.38,6,10,no_event,no_event,0,2.3,-0.6,63.0,0.0,no_precip,21.8,16.0,79.8,5
2013-10-25,65.0,1.38,7,10,no_event,no_event,0,5.0,3.2,56.3,0.0,no_precip,23.1,16.0,47.7,6
2013-10-26,103.0,1.38,1,10,no_event,no_event,0,7.9,5.6,50.2,0.0,no_precip,29.0,16.0,64.0,6
2013-10-27,79.0,1.38,2,10,no_event,no_event,0,5.4,4.8,60.9,0.0,no_precip,18.2,16.0,0.5,6
2013-10-28,51.0,1.38,3,10,no_event,no_event,0,4.4,0.9,68.5,0.0,no_precip,29.4,16.0,76.3,4
2013-10-29,48.0,1.38,4,10,no_event,no_event,0,6.5,4.7,71.3,0.0,no_precip,14.8,15.7,67.9,5
2013-11-03,135.0,1.38,2,11,no_event,no_event,1,3.5,1.9,76.7,0.0,no_precip,27.8,12.6,21.7,6
2013-11-07,53.0,1.38,6,11,no_event,no_event,0,1.5,-1.1,72.2,0.0,no_precip,14.5,16.0,59.7,5
2013-11-08,91.0,1.38,7,11,no_event,no_event,1,2.6,0.1,71.9,0.0,no_precip,38.9,13.7,25.8,4
2013-11-09,142.0,1.38,1,11,no_event,no_event,1,8.4,6.0,59.7,0.0,no_precip,30.7,16.0,72.4,5
2013-11-10,96.0,1.38,2,11,no_event,no_event,0,5.5,2.6,56.4,0.0,no_precip,20.0,16.0,64.3,5
2013-11-12,86.39594610277368,1.38,4,11,no_event,no_event,1,-5.0,-9.2,64.3,0.0,no_precip,16.9,16.0,6.0,5
2013-11-13,74.54565996328,1.38,5,11,no_event,no_event,0,-0.4,-4.8,49.9,0.0,no_precip,30.2,16.0,0.0,5
2013-11-15,68.39542748884867,1.38,7,11,no_event,no_event,1,6.8,4.9,62.4,0.0,no_precip,19.8,16.0,18.4,5
2013-11-18,76.56851476470615,1.38,3,11,no_event,no_event,0,1.0,-3.4,67.7,0.0,no_precip,27.8,16.0,60.1,5
2013-11-19,86.08632765664197,1.38,4,11,no_event,no_event,0,-0.8,-3.0,71.7,0.0,no_precip,17.6,16.0,3.0,5
2013-11-21,71.15919911775131,1.38,6,11,no_event,no_event,0,4.3,2.5,88.6,0.0,no_precip,15.5,7.6,100.0,2
2013-11-23,87.22939266059001,1.38,1,11,no_event,no_event,0,-7.6,-14.4,56.8,0.0,no_precip,27.3,15.9,38.3,5
2013-11-24,93.84235164936314,1.38,2,11,no_event,no_event,0,-7.7,-12.5,53.8,0.0,no_precip,26.5,16.0,0.9,5
2013-11-26,70.95771506414621,1.38,4,11,no_event,no_event,0,-3.2,-8.2,63.5,0.0,no_precip,27.6,15.4,71.1,4
2013-11-27,71.70369826937451,1.38,5,11,no_event,no_event,0,-7.5,-12.1,61.8,0.0,no_precip,17.7,16.0,31.4,4
2013-11-29,76.07677615373802,1.38,7,11,no_event,no_event,0,-5.8,-8.4,72.2,0.0,no_precip,19.5,16.0,0.4,2
2013-11-30,184.96331923481262,1.0,1,11,no_event,no_event,0,0.6,-2.2,72.9,0.0,no_precip,19.6,15.5,6.4,4
2013-12-01,212.0,1.0,2,12,no_event,no_event,0,0.3,-1.4,75.6,0.0,no_precip,12.5,14.1,54.6,4
2013-12-06,184.0,1.0,7,12,no_event,no_event,1,-11.7,-18.1,66.2,0.0,no_precip,19.6,16.0,26.4,4
2013-12-07,217.0,1.0,1,12,no_event,no_event,0,-13.7,-18.0,68.5,0.0,no_precip,14.4,16.0,27.7,4
2013-12-11,162.61039809187878,1.0,5,12,no_event,no_event,1,-13.6,-19.2,65.4,0.0,no_precip,22.3,12.9,44.1,5
2013-12-12,147.47493059518342,1.0,6,12,no_event,no_event,1,-12.0,-18.0,66.1,0.0,no_precip,20.6,16.0,79.4,3
2013-12-13,141.0886437953186,1.0,7,12,no_event,no_event,0,-6.5,-10.7,69.8,0.0,no_precip,24.9,15.9,82.8,2
2013-12-15,166.89795002901866,1.0,2,12,no_event,no_event,1,-11.6,-18.5,62.1,0.0,no_precip,23.1,15.7,74.5,4
2013-12-18,155.8784595285016,1.0,5,12,no_event,no_event,0,-4.6,-9.1,65.9,0.0,no_precip,30.8,16.0,41.8,4
2013-12-21,102.39894034911953,1.38,1,12,no_event,no_event,0,-3.9,-8.5,92.4,0.0,no_precip,30.1,6.9,100.0,1
2013-12-26,74.0,1.38,6,12,no_event,no_event,0,-6.4,-8.9,80.0,0.0,no_precip,15.9,14.6,95.6,3
2013-12-27,118.0,1.38,7,12,no_event,no_event,0,-3.5,-6.2,80.3,0.0,no_precip,23.1,11.7,74.4,4
2013-12-28,99.0,1.38,1,12,no_event,no_event,0,1.2,-1.3,75.9,0.0,no_precip,19.5,15.5,11.0,4
2013-12-29,137.0,1.38,2,12,no_event,no_event,0,-6.3,-12.4,71.6,0.0,no_precip,28.2,14.7,65.9,3
2014-01-02,79.0,1.38,6,1,no_event,no_event,1,-14.8,-21.8,67.6,0.0,no_precip,24.8,14.5,66.0,4
2014-01-03,93.0,1.38,7,1,no_event,no_event,1,-15.9,-22.1,72.7,0.0,no_precip,36.7,15.0,48.0,3
2014-01-04,161.0,1.38,1,1,no_event,no_event,0,-3.7,-9.4,69.0,0.0,no_precip,32.5,15.6,78.7,2
2014-01-05,134.0,1.38,2,1,no_event,no_event,1,-15.1,-24.6,55.9,0.0,no_precip,27.5,16.0,71.0,1
2014-01-06,45.0,1.38,3,1,no_event,no_event,1,-25.1,-36.2,57.4,0.0,no_precip,26.5,15.1,45.6,4
2014-01-08,56.0,1.38,5,1,no_event,no_event,1,-19.8,-20.6,69.9,0.0,no_precip,10.8,15.9,18.1,4
2014-01-09,102.0,1.38,6,1,no_event,no_event,1,-15.5,-18.4,75.9,0.0,no_precip,17.0,14.0,55.4,4
2014-01-11,149.0,1.38,1,1,no_event,no_event,1,0.4,-3.6,85.1,0.0,no_precip,20.7,12.8,99.6,5
2014-01-12,94.0,1.38,2,1,no_event,no_event,1,1.0,-3.3,77.3,0.0,no_precip,33.1,15.2,79.9,3
2014-01-13,42.0,1.38,3,1,no_event,no_event,0,1.9,-0.7,72.9,0.0,no_precip,22.9,16.0,62.6,5
2014-01-15,70.0,1.38,5,1,no_event,no_event,1,-10.4,-16.9,69.7,0.0,no_precip,22.1,15.5,81.4,5
2014-01-17,88.0,1.38,7,1,no_event,no_event,0,-10.0,-16.3,69.9,0.0,no_precip,21.9,12.3,95.2,2
2014-01-19,110.0,1.38,2,1,no_event,no_event,0,-3.9,-8.2,73.6,0.0,no_precip,19.4,15.9,55.7,5
2014-01-21,48.0,1.38,4,1,no_event,no_event,0,-17.4,-23.3,61.4,0.0,no_precip,28.1,15.9,36.2,5
2014-01-23,12.0,1.38,6,1,no_event,no_event,0,-18.1,-26.6,58.9,0.0,no_precip,26.2,15.9,1.1,5
2014-01-25,144.0,1.44,1,1,no_event,no_event,0,-9.4,-16.6,48.3,0.0,no_precip,38.9,15.6,28.5,4
2014-01-27,49.0,1.44,3,1,no_event,no_event,0,-20.4,-29.8,55.1,0.0,no_precip,28.0,15.1,25.2,5
2014-01-28,33.0,1.44,4,1,no_event,no_event,0,-20.8,-26.8,59.6,0.0,no_precip,17.6,16.0,0.0,5
2014-01-29,49.0,1.44,5,1,no_event,no_event,0,-12.3,-18.6,55.6,0.0,no_precip,26.7,16.0,12.2,6
2014-01-31,107.0,1.44,7,1,no_event,no_event,0,-13.1,-16.0,67.9,0.0,no_precip,14.1,16.0,55.7,3
2014-02-03,69.0,1.44,3,2,no_event,no_event,1,-15.5,-18.6,66.2,0.0,no_precip,19.7,16.0,27.3,6
2014-02-04,64.0,1.44,4,2,no_event,no_event,0,-12.0,-15.4,73.4,0.0,no_precip,20.1,14.4,67.3,2
2014-02-06,46.0,1.44,6,2,no_event,no_event,1,-17.7,-24.7,67.6,0.0,no_precip,17.3,16.0,5.3,5
2014-02-07,52.068301922657156,1.44,7,2,no_event,no_event,0,-15.5,-21.8,63.2,0.0,no_precip,17.0,16.0,10.2,6
2014-02-09,94.28863420400887,1.44,2,2,no_event,no_event,1,-13.3,-17.5,69.6,0.0,no_precip,18.8,12.9,34.0,5
2014-02-10,83.95500551320373,1.44,3,2,no_event,no_event,0,-18.0,-22.0,61.4,0.0,no_precip,13.0,16.0,0.0,6
2014-02-11,85.22722660777742,1.44,4,2,no_event,no_event,1,-18.1,-22.4,64.1,0.0,no_precip,17.1,15.9,1.8,6
2014-02-16,75.1669373297409,1.44,2,2,no_event,no_event,0,-8.6,-13.8,74.4,0.0,no_precip,20.2,13.7,67.4,6
2014-02-18,72.77702869271462,1.44,4,2,no_event,no_event,0,-0.5,-3.8,72.5,0.0,no_precip,25.8,12.1,50.1,5
2014-02-19,56.14457547770837,1.44,5,2,no_event,no_event,0,2.7,-0.2,61.0,0.0,no_precip,15.1,16.0,38.8,7
2014-02-21,42.48791780738185,1.44,7,2,no_event,no_event,0,-4.7,-11.7,66.7,0.0,no_precip,32.5,15.0,54.4,6
2014-02-22,82.491424326875,1.44,1,2,no_event,no_event,0,-6.3,-11.9,57.4,0.0,no_precip,22.5,16.0,16.4,6
2014-02-23,77.91435358134129,1.44,2,2,no_event,no_event,0,-9.3,-15.0,57.4,0.0,no_precip,20.4,16.0,7.2,7
2014-02-24,67.5516850726799,1.44,3,2,no_event,no_event,0,-9.6,-15.4,56.4,0.0,no_precip,24.2,16.0,41.3,7
2014-02-25,61.81144847682816,1.44,4,2,no_event,no_event,0,-12.0,-19.0,59.4,0.0,no_precip,23.1,15.3,31.8,7
2014-02-26,54.93990104145172,1.44,5,2,no_event,no_event,0,-15.2,-23.2,58.2,0.0,no_precip,29.2,15.4,42.2,7
2014-03-02,69.73310830078378,1.44,2,3,no_event,no_event,1,-16.6,-24.9,44.6,0.0,no_precip,20.4,16.0,53.9,7
2014-03-03,76.96980368214463,1.44,3,3,no_event,no_event,1,-14.8,-19.1,47.4,0.0,no_precip,14.0,16.0,39.4,7
2014-03-06,66.79144021535012,1.44,6,3,no_event,no_event,1,-10.4,-14.2,70.9,0.0,no_precip,20.0,15.9,26.7,7
2014-03-08,87.89053470815753,1.44,1,3,no_event,no_event,1,-1.8,-5.2,67.9,0.0,no_precip,26.2,14.5,63.7,7
2014-03-09,184.0,1.44,2,3,no_event,no_event,1,-1.5,-4.5,67.0,0.0,no_precip,28.6,16.0,49.6,6
2014-03-10,65.0,1.44,3,3,no_event,no_event,0,7.1,6.4,63.4,0.0,no_precip,11.7,16.0,65.6,7
2014-03-13,33.0,1.44,6,3,no_event,no_event,0,-2.9,-7.1,67.9,0.0,no_precip,25.1,16.0,32.4,7
2014-03-14,77.0,1.44,7,3,no_event,no_event,1,5.7,2.4,62.8,0.0,no_precip,39.4,16.0,51.6,8
2014-03-15,118.0,1.44,1,3,no_event,no_event,1,0.3,-2.8,59.4,0.0,no_precip,22.1,16.0,58.8,6
2014-03-18,60.0,1.44,4,3,no_event,no_event,0,2.4,-1.5,72.3,0.0,no_precip,25.6,14.4,58.1,7
2014-03-20,37.0,1.44,6,3,no_event,no_event,0,1.9,0.0,63.7,0.0,no_precip,16.3,16.0,40.8,7
2014-03-21,72.0,1.44,7,3,no_event,no_event,0,3.1,1.0,71.1,0.0,no_precip,30.5,15.3,49.2,6
2014-03-22,111.0,1.44,1,3,no_event,no_event,0,-0.1,-5.2,58.3,0.0,no_precip,32.0,15.9,78.3,8
2014-03-23,88.0,1.44,2,3,no_event,no_event,0,-6.1,-11.7,49.5,0.0,no_precip,21.9,16.0,25.8,8
2014-03-26,39.0,1.44,5,3,no_event,no_event,0,-3.7,-7.7,57.4,0.0,no_precip,36.3,16.0,57.7,8
2014-03-29,122.0,1.44,1,3,no_event,no_event,0,2.8,0.8,66.9,0.0,no_precip,17.9,13.6,49.9,8
2014-03-30,104.0,1.44,2,3,no_event,no_event,0,5.7,3.7,57.1,0.0,no_precip,27.5,16.0,23.6,8
2014-03-31,48.0,1.44,3,3,no_event,no_event,0,12.1,11.0,54.6,0.0,no_precip,49.1,16.0,58.0,8
2014-04-01,29.0,1.44,4,4,no_event,no_event,0,2.5,-1.8,59.4,0.0,no_precip,32.1,15.9,69.1,9
2014-04-02,45.0,1.44,5,4,no_event,no_event,1,2.7,0.4,61.1,0.0,no_precip,26.8,15.7,43.3,7
2014-04-05,98.0,1.44,1,4,no_event,no_event,1,4.4,3.1,56.8,0.0,no_precip,16.0,16.0,12.5,9
2014-04-06,70.0,1.44,2,4,no_event,no_event,1,8.4,7.4,53.3,0.0,no_precip,24.7,16.0,53.6,6
2014-04-09,65.0,1.44,5,4,no_event,no_event,1,9.2,8.8,47.1,0.0,no_precip,25.0,16.0,26.9,9
2014-04-10,31.0,1.44,6,4,no_event,no_event,0,13.0,12.9,33.6,0.0,no_precip,24.1,16.0,46.7,6
2014-04-11,72.0,1.44,7,4,no_event,no_event,1,11.0,10.7,41.6,0.0,no_precip,21.8,16.0,42.8,9
2014-04-16,53.0,1.44,5,4,no_event,no_event,0,4.5,1.4,55.2,0.0,no_precip,47.2,16.0,79.3,8
2014-04-17,39.0,1.44,6,4,no_event,no_event,0,8.0,5.6,59.8,0.0,no_precip,30.6,16.0,82.7,9
2014-04-18,47.0,1.44,7,4,no_event,no_event,0,5.3,3.8,64.6,0.0,no_precip,17.5,14.5,15.6,9
2014-04-19,97.0,1.44,1,4,no_event,no_event,0,9.7,8.2,50.6,0.0,no_precip,30.7,16.0,40.6,9
2014-04-26,123.15654411402988,1.24,1,4,no_event,no_event,0,7.6,5.4,60.1,0.0,no_precip,29.0,16.0,35.8,9
2014-05-03,180.0,1.24,1,5,no_event,no_event,1,12.2,11.6,59.0,0.0,no_precip,33.7,16.0,63.0,9
2014-05-04,62.0,1.24,2,5,no_event,no_event,0,10.8,9.9,41.3,0.0,no_precip,26.9,15.9,54.1,8
2014-05-06,35.0,1.24,4,5,no_event,no_event,1,10.8,9.8,55.2,0.0,no_precip,32.1,16.0,48.9,9
2014-05-08,49.0,1.24,6,5,no_event,no_event,1,20.7,20.7,66.0,0.0,no_precip,31.3,14.5,62.7,6
2014-05-10,81.0,1.24,1,5,no_event,no_event,0,15.1,15.1,56.2,0.0,no_precip,15.1,15.7,40.1,8
2014-05-14,106.79719214840406,1.24,5,5,no_event,no_event,1,10.4,10.1,60.4,0.0,no_precip,19.7,15.9,64.9,6
2014-05-17,116.17720186849277,1.24,1,5,no_event,no_event,0,11.0,10.8,44.6,0.0,no_precip,20.5,16.0,69.9,9
2014-05-18,108.23880670751356,1.24,2,5,no_event,no_event,0,15.8,15.5,37.7,0.0,no_precip,19.4,16.0,47.6,10
2014-05-21,101.16765006662422,1.24,5,5,no_event,no_event,0,21.3,21.1,61.5,0.0,no_precip,23.1,10.9,39.2,9
2014-05-22,92.3128608462792,1.24,6,5,no_event,no_event,0,16.8,16.8,55.6,0.0,no_precip,18.3,16.0,39.4,8
2014-05-23,87.47363782779604,1.24,7,5,no_event,no_event,0,15.9,15.8,58.8,0.0,no_precip,18.7,16.0,24.2,10
2014-05-24,117.28029090497262,1.24,1,5,no_event,no_event,0,16.8,16.8,53.6,0.0,no_precip,14.1,16.0,40.3,9
2014-05-25,109.17606024246192,1.24,2,5,no_event,no_event,0,20.3,20.1,50.9,0.0,no_precip,20.0,15.9,40.7,10
2014-05-30,87.73244389334695,1.24,7,5,no_event,no_event,0,20.3,20.3,62.6,0.0,no_precip,17.3,15.6,11.2,10
2014-05-31,117.64182367720849,1.24,1,5,no_event,no_event,0,22.9,22.5,51.2,0.0,no_precip,23.6,16.0,25.2,9
2014-06-03,106.51169131392447,1.24,4,6,no_event,no_event,1,20.7,20.7,55.7,0.0,no_precip,23.7,16.0,37.3,10
2014-06-06,84.03656649435885,1.24,7,6,no_event,no_event,1,22.1,22.1,46.9,0.0,no_precip,15.5,16.0,40.2,10
2014-06-08,85.31556806822533,1.38,2,6,no_event,no_event,1,18.1,18.1,68.1,0.0,no_precip,22.6,15.3,71.8,10
2014-06-09,79.67324244305587,1.38,3,6,no_event,no_event,1,17.8,17.7,62.5,0.0,no_precip,17.0,16.0,50.0,10
2014-06-12,63.0,1.38,6,6,no_event,no_event,1,18.3,18.3,67.6,0.0,no_precip,21.7,13.5,56.0,7
2014-06-13,50.0,1.38,7,6,no_event,no_event,0,17.0,17.0,45.6,0.0,no_precip,27.7,16.0,13.0,10
2014-06-14,68.0,1.38,1,6,no_event,no_event,1,19.2,19.2,51.0,0.0,no_precip,34.2,16.0,45.5,10
2014-06-24,68.0,1.38,4,6,no_event,no_event,0,23.8,23.9,70.3,0.0,no_precip,14.2,14.3,59.5,9
2014-06-26,25.0,1.38,6,6,no_event,no_event,0,21.0,21.0,75.7,0.0,no_precip,19.8,13.4,87.1,9
2014-06-27,56.0,1.38,7,6,no_event,no_event,0,24.7,25.3,65.6,0.0,no_precip,30.0,16.0,68.7,8
2014-07-05,83.0,1.38,1,7,no_event,no_event,1,20.3,20.3,64.1,0.0,no_precip,29.1,16.0,62.3,7
2014-07-09,57.0,1.38,5,7,no_event,no_event,1,19.0,19.0,66.7,0.0,no_precip,22.6,15.9,36.2,9
2014-07-10,41.0,1.38,6,7,no_event,no_event,0,20.4,20.4,66.0,0.0,no_precip,20.5,15.6,41.1,9
2014-07-11,92.0,1.38,7,7,no_event,no_event,1,21.9,21.9,61.1,0.0,no_precip,30.5,16.0,60.1,9
2014-07-16,46.0,1.38,5,7,no_event,no_event,0,16.3,16.3,69.2,0.0,no_precip,15.9,14.3,39.8,9
2014-07-17,73.0,1.38,6,7,no_event,no_event,0,18.1,18.1,63.7,0.0,no_precip,10.5,15.6,30.1,9
2014-07-18,60.0,1.38,7,7,no_event,no_event,0,20.6,20.6,64.2,0.0,no_precip,17.0,16.0,37.6,9
2014-07-19,69.0,1.38,1,7,no_event,no_event,0,22.0,22.0,62.3,0.0,no_precip,20.5,16.0,52.7,9
2014-07-20,62.0,1.38,2,7,no_event,no_event,0,22.6,22.7,64.5,0.0,no_precip,24.4,16.0,49.9,9
2014-07-21,29.0,1.38,3,7,no_event,no_event,0,25.1,25.6,65.2,0.0,no_precip,26.6,15.8,20.5,9
2014-07-22,46.0,1.38,4,7,no_event,no_event,0,27.3,29.2,67.9,0.0,no_precip,25.3,15.1,43.2,7
2014-07-23,42.0,1.38,5,7,no_event,no_event,0,21.4,21.4,62.4,0.0,no_precip,22.6,15.9,37.3,10
2014-07-24,44.0,1.38,6,7,no_event,no_event,0,19.5,19.5,61.8,0.0,no_precip,12.2,16.0,51.4,10
2014-07-26,82.0,1.38,1,7,no_event,no_event,0,22.5,22.5,77.2,0.0,no_precip,14.3,15.3,69.7,7
2014-07-28,23.0,1.38,3,7,no_event,no_event,0,18.2,18.2,63.5,0.0,no_precip,23.3,16.0,39.2,9
2014-08-03,78.0,1.38,2,8,no_event,no_event,1,23.0,23.1,70.7,0.0,no_precip,12.0,13.8,44.5,9
2014-08-06,34.0,1.38,5,8,no_event,no_event,1,20.6,20.6,71.2,0.0,no_precip,9.5,11.3,64.3,8
