visualisation/dataset_final.csv
date,sales,prix,wday,month,event_name_1,event_type_1,snap_WI,temp,feelslike,humidity,precip,preciptype,windspeed,visibility,cloudcover,uvindex
2015-07-03,160.0,1.38,7,7,no_event,no_event,1,17.7,17.7,66.6,0.0,no_precip,8.9,15.9,21.3,9
2015-07-05,48.0,1.38,2,7,no_event,no_event,1,23.2,23.3,67.6,0.0,no_precip,22.7,15.3,30.1,9
2015-07-08,30.0,1.38,5,7,no_event,no_event,1,16.5,16.5,70.2,0.0,no_precip,12.7,16.0,52.1,6
2015-07-09,44.0,1.38,6,7,no_event,no_event,1,18.9,18.9,69.8,0.0,no_precip,10.3,14.5,43.4,9
2015-07-10,79.0,1.38,7,7,no_event,no_event,0,21.3,21.3,68.0,0.0,no_precip,14.0,15.7,45.0,9
2015-07-11,133.0,1.38,1,7,no_event,no_event,1,21.4,21.4,74.0,0.0,no_precip,22.7,15.2,53.5,6
2015-07-12,131.0,1.38,2,7,no_event,no_event,1,23.2,23.7,75.5,0.0,no_precip,16.4,12.5,67.1,8
2015-07-14,70.0,1.38,4,7,no_event,no_event,1,23.1,23.2,75.3,0.0,no_precip,22.4,16.0,68.7,9
2015-07-15,79.0,1.38,5,7,no_event,no_event,1,19.1,19.1,65.7,0.0,no_precip,14.9,16.0,34.8,10
2015-07-17,131.0,1.38,7,7,no_event,no_event,0,26.3,27.6,77.7,0.0,no_precip,13.5,12.8,58.8,9
2015-07-19,122.0,1.38,2,7,no_event,no_event,0,23.9,24.0,66.6,0.0,no_precip,16.1,16.0,33.1,9
2015-07-21,56.0,1.38,4,7,no_event,no_event,0,21.1,21.1,62.4,0.0,no_precip,16.6,16.0,22.5,10
2015-07-22,95.0,1.38,5,7,no_event,no_event,0,21.5,21.5,65.3,0.0,no_precip,9.5,15.9,45.7,8
2015-07-23,54.0,1.38,6,7,no_event,no_event,0,22.6,22.6,65.7,0.0,no_precip,14.6,15.2,24.7,9
2015-07-24,102.0,1.38,7,7,no_event,no_event,0,23.0,23.1,68.4,0.0,no_precip,25.9,16.0,48.7,7
2015-07-25,116.0,1.38,1,7,no_event,no_event,0,25.9,26.5,68.5,0.0,no_precip,15.6,15.7,46.8,9
2015-07-26,68.0,1.38,2,7,no_event,no_event,0,22.8,22.9,71.6,0.0,no_precip,14.7,16.0,61.8,8
2015-07-27,67.0,1.38,3,7,no_event,no_event,0,23.7,24.2,70.2,0.0,no_precip,19.2,15.0,42.5,9
2015-07-30,51.0,1.38,6,7,no_event,no_event,0,24.1,23.8,51.7,0.0,no_precip,23.3,16.0,9.9,9
2015-07-31,90.0,1.38,7,7,no_event,no_event,0,23.2,23.1,51.1,0.0,no_precip,24.9,16.0,15.6,9
2015-08-01,110.0,1.38,1,8,no_event,no_event,0,22.9,22.9,59.7,0.0,no_precip,13.7,16.0,35.9,9
2015-08-02,96.0,1.38,2,8,no_event,no_event,1,27.0,27.7,62.4,0.0,no_precip,28.7,16.0,37.0,8
2015-08-03,50.0,1.38,3,8,no_event,no_event,1,21.9,21.9,53.1,0.0,no_precip,23.2,16.0,22.0,10
2015-08-04,58.0,1.38,4,8,no_event,no_event,0,20.2,20.2,60.3,0.0,no_precip,20.9,16.0,41.9,9
2015-08-05,68.0,1.38,5,8,no_event,no_event,1,20.8,20.8,64.6,0.0,no_precip,19.7,16.0,45.4,9
2015-08-06,59.0,1.38,6,8,no_event,no_event,1,20.9,20.9,65.9,0.0,no_precip,12.5,16.0,55.0,9
2015-08-09,90.0,1.38,2,8,no_event,no_event,1,22.0,22.0,80.0,0.0,no_precip,12.6,12.3,86.3,7
2015-08-11,70.0,1.38,4,8,no_event,no_event,1,21.2,21.2,67.7,0.0,no_precip,16.0,16.0,24.6,9
2015-08-12,33.0,1.38,5,8,no_event,no_event,1,20.9,20.9,68.1,0.0,no_precip,10.4,16.0,18.9,9
2015-08-13,36.0,1.38,6,8,no_event,no_event,0,23.9,24.1,64.9,0.0,no_precip,21.9,16.0,54.2,7
2015-08-14,90.0,1.38,7,8,no_event,no_event,1,26.5,27.1,68.7,0.0,no_precip,14.1,16.0,49.7,8
2015-08-16,112.0,1.38,2,8,no_event,no_event,0,26.6,27.3,65.7,0.0,no_precip,20.2,16.0,40.6,9
2015-08-21,80.0,1.38,7,8,no_event,no_event,0,19.8,19.8,65.5,0.0,no_precip,21.4,16.0,31.3,9
2015-08-22,96.0,1.38,1,8,no_event,no_event,0,22.0,22.0,60.8,0.0,no_precip,36.4,16.0,15.9,9
2015-08-24,32.0,1.38,3,8,no_event,no_event,0,15.5,15.5,60.9,0.0,no_precip,24.9,16.0,55.4,9
2015-08-25,53.0,1.38,4,8,no_event,no_event,0,15.8,15.8,68.4,0.0,no_precip,17.4,16.0,93.1,9
2015-08-26,53.0,1.38,5,8,no_event,no_event,0,16.7,16.7,71.5,0.0,no_precip,10.8,16.0,73.6,9
2015-08-27,69.0,1.38,6,8,no_event,no_event,0,18.0,18.0,71.7,0.0,no_precip,13.5,15.7,41.2,7
2015-08-30,76.0,1.38,2,8,no_event,no_event,0,19.7,19.7,82.5,0.0,no_precip,9.3,12.3,77.7,7
2015-08-31,44.0,1.38,3,8,no_event,no_event,0,21.3,21.6,82.4,0.0,no_precip,17.4,11.9,52.8,7
2015-09-01,32.0,1.38,4,9,no_event,no_event,0,25.8,26.9,75.4,0.0,no_precip,21.5,13.5,21.6,8
2015-09-02,48.0,1.38,5,9,no_event,no_event,1,26.0,26.7,71.1,0.0,no_precip,19.7,15.3,58.4,6
2015-09-03,67.0,1.38,6,9,no_event,no_event,1,25.2,26.2,76.6,0.0,no_precip,19.4,15.5,46.5,6
2015-09-04,76.0,1.38,7,9,no_event,no_event,0,23.9,24.4,78.8,0.0,no_precip,14.1,15.0,64.1,7
2015-09-06,113.0,1.38,2,9,no_event,no_event,1,26.9,28.0,68.3,0.0,no_precip,24.6,15.3,28.0,8
2015-09-09,58.0,1.38,5,9,no_event,no_event,1,20.0,20.0,60.3,0.0,no_precip,15.2,16.0,27.0,8
2015-09-11,81.0,1.38,7,9,no_event,no_event,1,14.6,14.6,66.8,0.0,no_precip,23.8,16.0,62.7,7
2015-09-12,105.0,1.38,1,9,no_event,no_event,1,12.6,12.3,69.2,0.0,no_precip,20.3,16.0,50.0,8
2015-09-13,110.0,1.38,2,9,no_event,no_event,0,14.6,14.6,63.2,0.0,no_precip,15.1,16.0,13.8,8
2015-09-14,73.0,1.38,3,9,no_event,no_event,1,19.7,19.7,57.7,0.0,no_precip,26.2,16.0,11.6,8
2015-09-16,65.0,1.38,5,9,no_event,no_event,0,23.0,23.1,56.2,0.0,no_precip,32.4,16.0,10.8,7
2015-09-20,67.0,1.38,2,9,no_event,no_event,0,14.3,14.3,72.4,0.0,no_precip,14.4,15.4,38.5,7
2015-09-21,60.0,1.38,3,9,no_event,no_event,0,17.2,17.2,61.2,0.0,no_precip,19.6,15.9,6.9,8
2015-09-22,57.0,1.38,4,9,no_event,no_event,0,18.4,18.4,67.9,0.0,no_precip,12.7,15.9,38.4,7
2015-09-23,39.0,1.38,5,9,no_event,no_event,0,18.8,18.8,69.9,0.0,no_precip,14.7,14.2,44.4,7
2015-09-25,120.0,1.38,7,9,no_event,no_event,0,18.0,18.0,75.8,0.0,no_precip,22.5,13.5,46.4,6
2015-09-26,100.0,1.38,1,9,no_event,no_event,0,18.1,18.1,77.7,0.0,no_precip,17.3,12.0,37.0,7
2015-09-27,61.0,1.38,2,9,no_event,no_event,0,17.7,17.7,82.3,0.0,no_precip,17.0,11.6,63.9,7
2015-09-28,52.0,1.38,3,9,no_event,no_event,0,20.6,20.6,78.2,0.0,no_precip,13.4,15.6,49.8,7
2015-09-30,47.0,1.38,5,9,no_event,no_event,0,10.2,9.2,70.6,0.0,no_precip,26.4,15.9,20.7,7
2015-10-01,66.0,1.38,6,10,no_event,no_event,0,10.3,9.2,65.8,0.0,no_precip,29.0,16.0,12.2,7
2015-10-02,100.0,1.38,7,10,no_event,no_event,1,10.5,9.0,67.7,0.0,no_precip,31.0,16.0,37.7,7
2015-10-03,127.0,1.38,1,10,no_event,no_event,1,9.4,7.8,67.5,0.0,no_precip,36.2,16.0,56.0,7
2015-10-04,66.0,1.38,2,10,no_event,no_event,0,10.6,9.8,78.1,0.0,no_precip,21.9,16.0,99.3,4
2015-10-06,39.0,1.38,4,10,no_event,no_event,1,15.1,15.1,80.9,0.0,no_precip,10.2,11.5,87.8,7
2015-10-07,62.0,1.38,5,10,no_event,no_event,0,13.9,13.9,74.8,0.0,no_precip,16.5,14.6,41.5,7
2015-10-09,77.0,1.38,7,10,no_event,no_event,1,12.0,12.0,73.2,0.0,no_precip,17.9,16.0,73.8,7
2015-10-10,127.0,1.38,1,10,no_event,no_event,0,11.7,11.5,69.8,0.0,no_precip,22.7,15.6,43.1,7
2015-10-11,88.0,1.38,2,10,no_event,no_event,1,18.5,18.5,60.9,0.0,no_precip,26.2,16.0,7.9,7
2015-10-13,57.0,1.38,4,10,no_event,no_event,0,10.4,9.1,69.1,0.0,no_precip,24.1,16.0,71.4,6
2015-10-14,49.0,1.38,5,10,no_event,no_event,1,9.6,9.4,68.1,0.0,no_precip,16.4,15.8,6.5,7
2015-10-15,56.0,1.38,6,10,no_event,no_event,1,12.5,12.3,46.9,0.0,no_precip,29.2,16.0,48.1,7
2015-10-16,85.0,1.38,7,10,no_event,no_event,0,6.1,3.6,55.7,0.0,no_precip,20.3,16.0,36.5,7
2015-10-17,89.0,1.38,1,10,no_event,no_event,0,3.9,2.5,58.2,0.0,no_precip,22.0,16.0,24.6,7
2015-10-18,99.0,1.38,2,10,no_event,no_event,0,6.5,6.3,57.3,0.0,no_precip,19.4,16.0,6.4,6
2015-10-19,70.0,1.38,3,10,no_event,no_event,0,15.3,14.4,38.6,0.0,no_precip,24.7,16.0,34.5,5
2015-10-21,53.0,1.38,5,10,no_event,no_event,0,16.1,16.1,73.4,0.0,no_precip,19.7,16.0,50.5,5
2015-10-22,62.0,1.38,6,10,no_event,no_event,0,10.6,10.3,64.3,0.0,no_precip,12.7,15.9,42.3,6
2015-10-25,80.0,1.38,2,10,no_event,no_event,0,8.2,8.1,72.8,0.0,no_precip,11.0,16.0,35.6,6
2015-10-26,50.0,1.38,3,10,no_event,no_event,0,9.1,9.0,66.6,0.0,no_precip,21.7,16.0,52.9,6
2015-10-29,62.0,1.38,6,10,no_event,no_event,0,4.6,1.4,79.0,0.0,no_precip,27.0,16.0,84.5,4
2015-10-30,118.0,1.38,7,10,no_event,no_event,0,6.2,4.9,84.1,0.0,no_precip,19.3,15.3,75.7,5
2015-11-01,77.0,1.38,2,11,no_event,no_event,0,11.0,9.9,65.0,0.0,no_precip,18.8,16.0,28.2,6
2015-11-02,64.0,1.38,3,11,no_event,no_event,1,15.2,15.2,59.2,0.0,no_precip,21.6,16.0,30.1,5
2015-11-03,59.0,1.38,4,11,no_event,no_event,1,14.6,14.5,66.1,0.0,no_precip,20.4,15.1,4.1,5
2015-11-04,44.0,1.38,5,11,no_event,no_event,0,15.9,15.9,82.9,0.0,no_precip,23.8,12.8,47.7,5
2015-11-07,62.0,1.38,1,11,no_event,no_event,0,4.3,2.4,69.0,0.0,no_precip,21.5,16.0,14.2,5
2015-11-08,100.0,1.38,2,11,no_event,no_event,1,5.1,4.2,64.2,0.0,no_precip,19.2,15.9,0.0,5
2015-11-09,71.0,1.38,3,11,no_event,no_event,1,4.5,3.8,65.1,0.0,no_precip,15.2,15.9,0.0,5
2015-11-10,40.0,1.38,4,11,no_event,no_event,0,4.5,4.0,67.3,0.0,no_precip,14.0,15.0,33.9,5
2015-11-13,81.0,1.38,7,11,no_event,no_event,0,2.9,-0.4,63.5,0.0,no_precip,29.2,16.0,55.0,5
2015-11-14,117.0,1.38,1,11,no_event,no_event,1,4.6,2.9,65.0,0.0,no_precip,24.7,16.0,36.0,5
2015-11-15,79.0,1.38,2,11,no_event,no_event,1,11.5,10.9,51.5,0.0,no_precip,21.8,16.0,34.3,5
2015-11-22,84.0,1.38,2,11,no_event,no_event,0,-7.2,-11.0,77.4,0.0,no_precip,23.3,15.8,57.7,4
2015-11-23,48.0,1.38,3,11,no_event,no_event,0,-0.5,-2.5,77.5,0.0,no_precip,14.6,15.9,42.0,5
2015-11-24,73.0,1.38,4,11,no_event,no_event,0,0.7,-1.3,81.4,0.0,no_precip,16.8,14.3,32.0,4
2015-11-25,143.0,1.38,5,11,no_event,no_event,0,5.0,1.6,75.1,0.0,no_precip,25.1,15.6,73.6,4
2015-11-28,71.0,1.38,1,11,no_event,no_event,0,-3.0,-5.1,80.2,0.0,no_precip,15.1,15.9,52.0,3
2015-11-29,70.0,1.38,2,11,no_event,no_event,0,-1.9,-3.5,76.0,0.0,no_precip,10.7,15.9,58.1,3
2015-12-03,67.43336847266096,1.38,6,12,no_event,no_event,1,1.3,-2.0,86.0,0.0,no_precip,17.1,14.7,78.2,4
2015-12-04,70.84326628682732,1.38,7,12,no_event,no_event,0,3.7,1.7,77.5,0.0,no_precip,17.0,14.1,0.9,4
2015-12-05,102.52122358601866,1.38,1,12,no_event,no_event,1,2.6,-0.9,83.6,0.0,no_precip,21.8,11.8,54.6,4
2015-12-06,104.40063390166256,1.38,2,12,no_event,no_event,1,1.6,-0.2,91.8,0.0,no_precip,15.6,5.7,80.2,4
2015-12-07,90.70345792112289,1.38,3,12,no_event,no_event,0,2.6,0.3,92.6,0.0,no_precip,22.8,7.5,97.3,2
2015-12-08,83.63900025927524,1.38,4,12,no_event,no_event,1,4.5,1.2,87.8,0.0,no_precip,22.2,11.1,95.2,1
2015-12-09,79.50662565803566,1.38,5,12,no_event,no_event,1,5.6,4.2,83.8,0.0,no_precip,12.4,11.7,76.7,3
2015-12-10,70.09821662716536,1.38,6,12,no_event,no_event,0,8.3,5.8,70.5,0.0,no_precip,34.2,16.0,44.8,2
2015-12-11,68.16217786171,1.38,7,12,no_event,no_event,1,4.3,2.3,75.9,0.0,no_precip,18.8,15.9,50.0,3
2015-12-15,80.01118217896675,1.38,4,12,no_event,no_event,1,2.3,-1.2,82.1,0.0,no_precip,29.0,16.0,76.0,4
2015-12-17,55.10661865435969,1.38,6,12,no_event,no_event,0,-1.4,-6.7,63.2,0.0,no_precip,28.3,16.0,80.0,4
2015-12-19,93.32280640982344,1.38,1,12,no_event,no_event,0,-6.8,-11.8,64.2,0.0,no_precip,18.7,16.0,27.7,4
2015-12-27,78.77895593225804,1.38,2,12,no_event,no_event,0,0.3,-4.7,81.9,0.0,no_precip,25.9,15.7,94.0,3
2015-12-30,67.08589280474649,1.38,5,12,no_event,no_event,0,-2.6,-4.6,78.9,0.0,no_precip,12.0,14.8,99.7,4
2015-12-31,55.9057213872743,1.38,6,12,no_event,no_event,0,-5.0,-10.1,72.0,0.0,no_precip,17.8,15.6,81.0,4
2016-01-02,111.95484673703783,1.38,1,1,no_event,no_event,1,-4.2,-8.2,72.1,0.0,no_precip,18.8,16.0,3.5,4
2016-01-03,90.33772901286841,1.38,2,1,no_event,no_event,1,-3.5,-8.1,72.7,0.0,no_precip,18.9,15.8,85.5,4
2016-01-04,91.4160197661484,1.38,3,1,no_event,no_event,0,-6.0,-9.6,71.3,0.0,no_precip,16.9,16.0,31.5,4
2016-01-05,88.03110244944651,1.38,4,1,no_event,no_event,1,-4.8,-10.0,74.8,0.0,no_precip,24.4,16.0,37.4,4
2016-01-06,80.30729602318348,1.38,5,1,no_event,no_event,1,-1.7,-6.1,75.6,0.0,no_precip,19.5,16.0,60.0,2
2016-01-10,104.0,1.38,2,1,no_event,no_event,0,-14.8,-23.6,68.7,0.0,no_precip,27.5,15.6,52.0,5
2016-01-12,52.0,1.38,4,1,no_event,no_event,1,-15.1,-23.4,63.6,0.0,no_precip,26.9,14.3,27.0,5
2016-01-13,50.0,1.38,5,1,no_event,no_event,0,-12.7,-17.6,73.9,0.0,no_precip,18.5,15.5,61.5,3
2016-01-14,71.0,1.38,6,1,no_event,no_event,1,-2.9,-5.1,83.8,0.0,no_precip,14.0,13.7,56.4,4
2016-01-15,123.0,1.38,7,1,no_event,no_event,1,-0.7,-4.7,89.4,0.0,no_precip,24.3,10.0,75.1,3
2016-01-16,160.0,1.38,1,1,no_event,no_event,0,-8.4,-14.8,67.1,0.0,no_precip,22.5,15.9,37.0,5
2016-01-17,96.0,1.38,2,1,no_event,no_event,0,-19.5,-29.2,57.3,0.0,no_precip,24.9,16.0,14.9,5
2016-01-19,72.0,1.38,4,1,no_event,no_event,0,-15.4,-18.7,62.6,0.0,no_precip,10.1,16.0,50.8,5
2016-01-20,39.0,1.38,5,1,no_event,no_event,0,-8.8,-10.8,70.7,0.0,no_precip,10.5,15.7,92.5,4
2016-01-21,48.0,1.38,6,1,no_event,no_event,0,-7.0,-8.9,81.1,0.0,no_precip,10.7,15.0,80.8,4
2016-01-22,90.0,1.38,7,1,no_event,no_event,0,-4.9,-9.9,78.2,0.0,no_precip,22.8,14.5,99.0,4
2016-01-23,117.0,1.38,1,1,no_event,no_event,0,-3.5,-6.6,72.0,0.0,no_precip,17.4,16.0,67.1,5
2016-01-24,113.0,1.38,2,1,no_event,no_event,0,-3.7,-7.2,83.2,0.0,no_precip,16.8,13.1,91.2,2
2016-01-27,50.0,1.38,5,1,no_event,no_event,0,-2.2,-6.5,73.6,0.0,no_precip,23.3,16.0,91.7,5
2016-01-29,122.0,1.38,7,1,no_event,no_event,0,-6.3,-10.2,70.9,0.0,no_precip,28.2,16.0,52.7,5
2016-01-30,101.0,1.38,1,1,no_event,no_event,0,2.0,0.0,77.6,0.0,no_precip,21.7,15.5,60.8,4
2016-02-01,65.0,1.38,3,2,no_event,no_event,0,-0.3,-1.1,84.7,0.0,no_precip,14.1,12.8,41.9,5
2016-02-04,76.0,1.38,6,2,no_event,no_event,0,-5.5,-8.8,69.2,0.0,no_precip,16.1,15.2,82.3,5
2016-02-05,62.0,1.38,7,2,no_event,no_event,1,-3.4,-6.5,71.5,0.0,no_precip,14.0,15.7,85.6,5
2016-02-06,128.0,1.38,1,2,no_event,no_event,1,-1.5,-5.4,78.2,0.0,no_precip,15.5,15.4,91.0,4
2016-02-08,47.0,1.38,3,2,no_event,no_event,1,-4.6,-10.8,77.0,0.0,no_precip,24.3,14.1,100.0,3
2016-02-11,54.0,1.38,6,2,no_event,no_event,1,-11.8,-15.8,56.5,0.0,no_precip,11.9,16.0,33.7,6
2016-02-12,99.0,1.38,7,2,no_event,no_event,1,-10.4,-17.8,53.2,0.0,no_precip,33.8,16.0,56.1,6
2016-02-13,108.0,1.38,1,2,no_event,no_event,0,-15.8,-20.6,52.1,0.0,no_precip,18.6,16.0,19.0,6
2016-02-18,43.0,1.38,6,2,no_event,no_event,0,-0.9,-6.4,73.0,0.0,no_precip,43.0,15.5,77.8,3
2016-02-19,116.0,1.38,7,2,no_event,no_event,0,6.0,1.9,71.2,0.0,no_precip,37.6,16.0,43.1,6
2016-02-20,160.0,1.38,1,2,no_event,no_event,0,6.2,3.8,62.0,0.0,no_precip,21.0,16.0,35.0,6
2016-02-21,130.0,1.38,2,2,no_event,no_event,0,1.1,-0.4,85.2,0.0,no_precip,14.3,16.0,65.1,3
2016-02-22,47.0,1.38,3,2,no_event,no_event,0,0.4,-0.6,82.8,0.0,no_precip,11.8,15.4,95.7,4
2016-02-23,46.0,1.38,4,2,no_event,no_event,0,1.7,0.8,81.2,0.0,no_precip,11.9,11.6,99.3,5
2016-02-24,34.0,1.38,5,2,no_event,no_event,0,1.5,-3.4,75.7,0.0,no_precip,35.7,14.5,94.8,3
2016-02-25,65.0,1.38,6,2,no_event,no_event,0,-0.2,-5.6,60.6,0.0,no_precip,31.9,16.0,89.4,6
2016-02-26,104.0,1.38,7,2,no_event,no_event,0,-1.1,-4.4,57.7,0.0,no_precip,18.4,16.0,73.1,3
2016-02-27,129.0,1.38,1,2,no_event,no_event,0,6.3,4.1,56.0,0.0,no_precip,20.0,16.0,39.8,7
2016-02-29,63.0,1.38,3,2,no_event,no_event,0,1.1,-3.3,59.3,0.0,no_precip,28.7,16.0,74.7,7
2016-03-02,68.0,1.38,5,3,no_event,no_event,1,-8.0,-10.5,52.2,0.0,no_precip,14.9,16.0,42.1,7
2016-03-03,84.0,1.38,6,3,no_event,no_event,1,-3.6,-6.7,69.9,0.0,no_precip,16.0,15.4,78.2,4
2016-03-05,164.0,1.38,1,3,no_event,no_event,1,1.7,-1.2,82.4,0.0,no_precip,26.3,12.1,100.0,6
2016-03-10,45.0,1.38,6,3,no_event,no_event,0,6.4,5.5,76.3,0.0,no_precip,14.5,15.9,59.2,5
2016-03-11,80.0,1.38,7,3,no_event,no_event,1,6.9,6.5,72.3,0.0,no_precip,20.0,14.2,27.8,7
2016-03-14,121.0,1.38,3,3,no_event,no_event,1,8.5,7.8,87.3,0.0,no_precip,12.1,11.3,84.4,6
2016-03-18,83.0,1.38,7,3,no_event,no_event,0,3.1,0.7,73.1,0.0,no_precip,17.9,16.0,97.0,8
2016-03-20,77.0,1.38,2,3,no_event,no_event,0,2.6,0.5,62.0,0.0,no_precip,21.9,16.0,65.7,6
2016-03-21,46.0,1.38,3,3,no_event,no_event,0,3.4,1.4,54.5,0.0,no_precip,16.5,16.0,45.7,7
2016-03-22,38.0,1.38,4,3,no_event,no_event,0,8.4,6.4,57.4,0.0,no_precip,26.0,15.8,59.2,3
2016-03-25,116.0,1.38,7,3,no_event,no_event,0,0.2,-1.5,77.3,0.0,no_precip,19.1,12.4,38.4,8
2016-03-26,138.0,1.38,1,3,no_event,no_event,0,5.8,4.3,72.4,0.0,no_precip,23.9,14.5,56.6,8
2016-03-28,7.0,1.38,3,3,no_event,no_event,0,7.1,5.1,61.2,0.0,no_precip,23.3,16.0,52.9,8
2016-03-29,63.0,1.38,4,3,no_event,no_event,0,8.2,8.1,57.6,0.0,no_precip,26.4,16.0,47.4,8
2016-04-03,110.0,1.38,2,4,no_event,no_event,1,7.2,4.8,49.4,0.0,no_precip,34.2,16.0,67.6,8
2016-04-04,71.0,1.38,3,4,no_event,no_event,0,0.2,-4.1,64.5,0.0,no_precip,32.0,15.9,84.6,6
2016-04-07,43.0,1.38,6,4,no_event,no_event,0,2.6,-1.2,74.5,0.0,no_precip,21.8,14.9,100.0,5
2016-04-09,131.0,1.38,1,4,no_event,no_event,1,-1.5,-5.4,56.6,0.0,no_precip,23.6,16.0,34.7,9
2016-04-11,50.0,1.38,3,4,no_event,no_event,1,5.4,2.4,52.3,0.0,no_precip,33.2,15.9,27.5,9
2016-04-12,52.0,1.38,4,4,no_event,no_event,1,3.9,1.8,46.5,0.0,no_precip,20.6,16.0,21.5,9
2016-04-13,52.0,1.38,5,4,no_event,no_event,0,6.7,3.6,51.2,0.0,no_precip,23.7,16.0,97.4,7
2016-04-14,68.0,1.38,6,4,no_event,no_event,1,9.9,9.3,50.5,0.0,no_precip,24.0,16.0,26.3,9
2016-04-15,102.0,1.38,7,4,no_event,no_event,1,13.0,12.5,44.6,0.0,no_precip,22.3,16.0,7.3,9
2016-04-16,146.0,1.38,1,4,no_event,no_event,0,15.6,15.5,47.4,0.0,no_precip,23.4,16.0,31.3,9
2016-04-17,112.0,1.38,2,4,no_event,no_event,0,17.8,17.8,46.9,0.0,no_precip,17.9,16.0,57.8,9
2016-04-18,70.0,1.38,3,4,no_event,no_event,0,18.3,18.3,50.3,0.0,no_precip,15.1,16.0,50.5,9
2016-04-21,70.0,1.38,6,4,no_event,no_event,0,16.3,16.3,67.9,0.0,no_precip,14.6,14.0,79.7,6
2016-04-22,70.0,1.38,7,4,no_event,no_event,0,11.6,11.3,71.9,0.0,no_precip,24.4,15.7,70.7,8
2016-04-23,171.0,1.38,1,4,no_event,no_event,0,10.6,9.9,59.9,0.0,no_precip,20.2,16.0,39.2,9
2016-04-25,56.0,1.38,3,4,no_event,no_event,0,17.6,17.6,63.3,0.0,no_precip,23.0,15.9,50.6,8
2016-04-26,49.0,1.38,4,4,no_event,no_event,0,6.9,3.6,80.9,0.0,no_precip,28.8,15.0,93.1,5
2016-05-02,107.0,1.38,3,5,no_event,no_event,1,11.3,10.8,61.8,0.0,no_precip,18.3,16.0,50.2,8
2016-05-06,57.03069850128651,1.38,7,5,no_event,no_event,1,18.8,18.6,45.5,0.0,no_precip,14.8,16.0,36.0,9
2016-05-14,141.0,1.44,1,5,no_event,no_event,1,5.0,1.6,63.2,0.0,no_precip,25.7,16.0,89.3,9
2016-05-15,80.0,1.44,2,5,no_event,no_event,1,6.8,5.9,56.0,0.0,no_precip,19.1,16.0,44.3,10
2016-05-17,31.0,1.44,4,5,no_event,no_event,0,11.2,10.5,59.3,0.0,no_precip,18.9,16.0,59.2,9
2016-05-18,61.0,1.44,5,5,no_event,no_event,0,11.6,11.5,53.3,0.0,no_precip,14.5,16.0,15.9,9
2016-05-19,42.0,1.44,6,5,no_event,no_event,0,14.5,14.5,53.3,0.0,no_precip,14.7,15.5,17.5,10
2016-05-20,67.0,1.44,7,5,no_event,no_event,0,14.9,14.9,52.4,0.0,no_precip,18.6,15.9,49.1,4
2016-05-21,126.0,1.44,1,5,no_event,no_event,0,16.7,16.7,55.7,0.0,no_precip,25.3,15.6,41.3,10
2016-05-22,114.0,1.44,2,5,no_event,no_event,0,19.8,19.5,48.2,0.0,no_precip,13.7,16.0,25.6,10
