visualisation/dataset_final.csv
date,sales,prix,wday,month,event_name_1,event_type_1,snap_WI,temp,feelslike,humidity,precip,preciptype,windspeed,visibility,cloudcover,uvindex
2011-09-25,162.0,1.28,2,9,no_event,no_event,0,11.9,11.6,89.6,9.953,rain,17.5,13.3,89.1,4
2011-09-26,127.0,1.28,3,9,no_event,no_event,0,13.3,13.3,84.3,28.804,rain,42.7,10.6,91.3,3
2011-09-27,72.0,1.28,4,9,no_event,no_event,0,13.7,13.7,83.9,1.459,rain,22.4,13.7,84.7,5
2011-09-28,58.0,1.28,5,9,no_event,no_event,0,14.3,14.2,76.7,0.003,rain,12.9,11.7,52.9,7
2011-09-29,100.0,1.28,6,9,no_event,no_event,0,12.7,12.7,83.0,4.954,rain,36.9,12.6,65.9,7
2011-09-30,133.0,1.28,7,9,no_event,no_event,0,10.4,9.0,61.3,0.288,rain,35.0,16.0,40.2,7
2011-10-11,85.0,1.28,4,10,no_event,no_event,1,18.6,18.6,68.0,0.006,rain,23.8,15.7,60.4,6
2011-10-12,112.0,1.28,5,10,no_event,no_event,1,15.9,15.9,85.7,6.3,rain,19.3,9.7,82.7,5
2011-10-13,100.0,1.28,6,10,no_event,no_event,0,15.0,15.0,82.8,17.638,rain,18.5,11.0,78.6,5
2011-10-15,168.0,1.28,1,10,no_event,no_event,1,11.6,10.7,52.8,0.48,rain,29.7,16.0,36.6,7
2011-10-23,97.0,1.28,2,10,no_event,no_event,0,9.0,9.0,73.2,5.178,rain,14.3,14.8,61.9,4
2011-10-25,57.0,1.28,4,10,no_event,no_event,0,12.0,11.4,72.5,0.695,rain,26.3,15.1,79.6,4
2011-10-27,113.0,1.28,6,10,no_event,no_event,0,5.5,5.2,74.3,0.291,rain,13.8,15.9,55.2,4
2011-10-28,168.0,1.28,7,10,no_event,no_event,0,4.7,4.5,72.8,0.534,rain,23.2,12.7,36.3,6
2011-10-30,107.0,1.28,2,10,no_event,no_event,0,7.2,4.8,62.9,0.707,rain,25.7,15.9,88.2,5
2011-11-02,94.0,1.28,5,11,no_event,no_event,1,8.9,7.0,77.8,19.73,rain,30.2,12.1,95.5,1
2011-11-03,100.0,1.28,6,11,no_event,no_event,1,4.6,1.5,81.5,0.064,rain,31.9,16.0,40.6,3
2011-11-08,66.0,1.28,4,11,no_event,no_event,1,5.4,1.8,84.1,20.846,rain,27.0,10.8,99.9,1
2011-11-14,91.0,1.28,3,11,no_event,no_event,1,7.7,6.9,69.0,0.268,rain,23.8,15.8,41.5,4
2011-11-26,96.0,1.28,1,11,no_event,no_event,0,9.9,9.2,85.9,7.626,rain,23.5,10.7,100.0,1
2011-12-03,200.0,1.28,1,12,no_event,no_event,1,5.5,2.2,90.8,18.121,rain,22.5,7.2,94.8,1
2011-12-04,149.0,1.28,2,12,no_event,no_event,0,3.2,0.7,86.7,6.313,rain,22.7,12.2,100.0,4
2011-12-14,96.0,1.28,5,12,no_event,no_event,1,6.0,3.7,94.5,16.049,rain,21.0,5.3,100.0,3
2011-12-15,103.0,1.28,6,12,no_event,no_event,1,3.6,-0.3,73.6,0.667,rain,26.8,15.3,88.1,3
2012-03-07,83.0,1.34,5,3,no_event,no_event,0,13.2,13.0,61.8,9.086,rain,35.0,15.0,91.6,3
2012-03-12,158.0,1.34,3,3,no_event,no_event,1,11.7,11.7,79.1,5.489,rain,29.4,13.4,85.1,4
2012-03-19,75.0,1.34,3,3,no_event,no_event,0,19.1,19.1,77.1,4.038,rain,26.7,15.8,41.0,3
2012-03-22,79.0,1.34,6,3,no_event,no_event,0,18.9,18.9,73.6,6.874,rain,18.4,14.5,71.5,5
2012-03-23,104.0,1.34,7,3,no_event,no_event,0,16.0,16.0,89.7,4.566,rain,14.4,7.9,98.4,7
2012-03-24,158.0,1.34,1,3,no_event,no_event,0,13.8,13.8,91.4,0.006,rain,14.4,7.6,99.0,6
2012-03-26,76.0,1.34,3,3,no_event,no_event,0,4.3,0.0,61.7,0.709,rain,28.2,16.0,91.2,4
2012-03-30,56.94160369274749,1.34,7,3,no_event,no_event,0,4.8,1.8,88.1,18.898,rain,20.1,8.2,97.9,8
2012-04-01,112.0,1.48,2,4,no_event,no_event,0,8.6,7.4,79.4,0.112,rain,20.9,9.4,56.5,8
2012-04-07,104.0,1.48,1,4,no_event,no_event,0,9.3,8.4,56.8,0.491,rain,24.6,15.7,31.9,8
2012-04-16,55.0,1.48,3,4,no_event,no_event,0,11.2,9.4,66.7,0.026,rain,38.8,15.8,81.1,8
2012-04-19,41.0,1.48,6,4,no_event,no_event,0,7.8,5.8,84.2,20.16,rain,24.8,14.1,74.5,6
2012-04-20,94.0,1.48,7,4,no_event,no_event,0,4.9,1.4,83.7,6.044,rain,33.9,14.2,78.1,5
2012-04-25,85.0,1.48,5,4,no_event,no_event,0,10.3,9.6,78.0,4.504,rain,20.3,15.0,68.7,5
2012-04-28,117.0,1.48,1,4,no_event,no_event,0,6.0,2.6,71.7,3.464,rain,31.0,14.0,99.5,4
2012-04-29,106.0,1.48,2,4,no_event,no_event,0,7.5,6.2,65.8,10.688,rain,24.6,13.8,40.6,7
2012-04-30,31.0,1.48,3,4,no_event,no_event,0,9.9,9.7,86.5,3.417,rain,10.8,9.3,99.2,7
2012-05-02,92.0,1.48,5,5,no_event,no_event,1,19.8,19.8,77.6,7.219,rain,19.6,11.5,59.9,7
2012-05-03,92.0,1.48,6,5,no_event,no_event,1,22.9,22.9,73.9,1.111,rain,19.7,15.4,63.9,6
2012-05-06,113.0,1.48,2,5,no_event,no_event,1,14.3,14.3,89.8,23.168,rain,24.4,11.1,95.2,5
2012-05-07,68.0,1.48,3,5,no_event,no_event,0,15.3,15.3,77.1,0.254,rain,13.2,11.3,66.9,5
2012-05-08,40.0,1.48,4,5,no_event,no_event,1,14.3,14.3,61.8,0.004,rain,17.3,16.0,45.3,9
2012-05-15,67.0,1.48,4,5,no_event,no_event,1,21.2,21.0,41.4,0.242,rain,22.5,15.9,22.5,9
2012-05-24,67.0,1.48,6,5,no_event,no_event,0,25.0,24.6,42.2,0.487,rain,52.9,16.0,21.3,9
2012-05-25,88.0,1.48,7,5,no_event,no_event,0,18.5,18.5,68.4,0.327,rain,29.8,16.0,34.6,10
2012-05-26,119.0,1.48,1,5,no_event,no_event,0,18.3,18.3,77.7,18.475,rain,28.4,14.2,67.4,9
2012-05-31,62.0,1.48,6,5,no_event,no_event,0,10.4,9.8,73.4,10.205,rain,22.0,15.2,86.7,5
2012-06-04,56.0,1.48,3,6,no_event,no_event,0,20.8,20.8,56.4,0.01,rain,20.0,16.0,65.7,10
2012-06-07,39.0,1.48,6,6,no_event,no_event,0,19.7,19.7,55.0,0.006,rain,11.0,16.0,16.3,10
2012-06-11,70.0,1.48,3,6,no_event,no_event,1,24.8,25.0,60.2,2.835,rain,22.1,15.9,41.7,8
2012-06-16,132.0,1.48,1,6,no_event,no_event,0,25.6,25.9,52.6,0.489,rain,23.8,16.0,36.9,9
2012-06-29,89.0,1.48,7,6,no_event,no_event,0,24.1,23.8,55.5,0.014,rain,21.0,16.0,10.1,8
2012-07-13,98.0,1.34,7,7,no_event,no_event,0,25.6,25.6,51.3,0.242,rain,22.7,15.8,32.8,6
2012-07-14,76.0,1.34,1,7,no_event,no_event,1,26.9,27.0,58.7,0.053,rain,16.6,15.8,45.2,9
2012-07-17,54.0,1.34,4,7,no_event,no_event,0,31.3,32.5,52.7,0.079,rain,17.7,16.0,20.3,9
2012-07-18,85.0,1.34,5,7,no_event,no_event,0,25.5,26.4,75.0,21.531,rain,24.5,14.7,49.9,9
2012-07-19,39.0,1.34,6,7,no_event,no_event,0,21.6,21.6,86.1,11.788,rain,26.5,10.7,98.9,9
2012-07-22,70.0,1.34,2,7,no_event,no_event,0,26.2,26.8,65.6,0.651,rain,17.7,15.4,17.5,8
2012-07-24,44.0,1.34,4,7,no_event,no_event,0,24.3,24.7,76.0,13.73,rain,23.6,14.1,55.0,5
2012-07-25,87.0,1.34,5,7,no_event,no_event,0,27.7,29.3,61.1,14.112,rain,27.7,15.3,30.2,9
2012-07-26,27.0,1.34,6,7,no_event,no_event,0,25.7,26.1,68.2,23.242,rain,32.2,15.2,57.7,9
2012-07-27,86.0,1.34,7,7,no_event,no_event,0,22.3,22.3,73.6,3.075,rain,17.2,15.8,62.8,9
2012-07-29,79.0,1.34,2,7,no_event,no_event,0,22.9,22.9,72.0,1.213,rain,13.7,16.0,51.9,5
2012-07-31,75.25948365286962,1.34,4,7,no_event,no_event,0,24.8,25.0,66.3,4.989,rain,12.9,15.7,22.8,9
2012-08-02,88.0,1.34,6,8,no_event,no_event,1,26.7,27.0,59.6,0.071,rain,13.6,16.0,27.1,9
2012-08-03,12.0,1.34,7,8,no_event,no_event,1,26.7,27.5,64.5,0.021,rain,17.9,15.7,11.5,9
2012-08-04,74.0,1.38,1,8,no_event,no_event,0,24.3,24.8,77.1,3.49,rain,37.7,12.7,17.2,8
2012-08-08,86.0,1.38,5,8,no_event,no_event,1,20.6,20.6,82.6,4.343,rain,15.7,13.2,44.5,5
2012-08-09,79.0,1.38,6,8,no_event,no_event,1,17.8,17.8,87.4,11.345,rain,20.3,14.5,89.2,5
2012-08-10,103.0,1.38,7,8,no_event,no_event,0,18.2,18.2,69.7,0.003,rain,25.9,15.9,42.8,9
2012-08-13,72.0,1.38,3,8,no_event,no_event,0,19.2,19.2,75.4,1.6,rain,13.5,15.0,74.4,5
2012-08-15,45.0,1.38,5,8,no_event,no_event,1,23.5,23.4,61.0,0.007,rain,20.5,16.0,66.1,8
2012-08-16,77.0,1.38,6,8,no_event,no_event,0,20.8,20.8,70.6,15.819,rain,26.0,14.9,71.8,6
2012-08-26,34.0,1.38,2,8,no_event,no_event,0,22.8,22.8,81.3,4.66,rain,10.6,13.6,89.3,2
2012-08-27,52.0,1.38,3,8,no_event,no_event,0,22.9,22.6,68.1,0.051,rain,18.7,11.1,28.4,9
2012-08-29,46.0,1.38,5,8,no_event,no_event,0,24.2,24.3,59.2,0.007,rain,21.4,16.0,10.0,8
2012-08-30,57.0,1.38,6,8,no_event,no_event,0,26.8,26.8,55.7,0.141,rain,24.0,16.0,0.0,8
2012-09-04,63.0,1.38,4,9,no_event,no_event,0,24.6,24.8,70.3,7.733,rain,27.6,12.0,29.3,7
2012-09-05,64.0,1.38,5,9,no_event,no_event,1,22.5,22.6,66.6,3.364,rain,26.7,15.8,24.4,7
2012-09-07,64.0,1.38,7,9,no_event,no_event,0,17.0,17.0,79.9,0.751,rain,26.5,15.3,61.9,4
2012-09-08,130.0,1.38,1,9,no_event,no_event,1,15.2,15.2,68.2,8.674,rain,24.0,15.6,36.2,8
2012-09-09,47.0,1.38,2,9,no_event,no_event,1,15.2,15.2,73.8,0.002,rain,19.2,16.0,42.6,8
2012-09-13,56.0,1.38,6,9,no_event,no_event,0,13.3,13.3,75.5,0.557,rain,19.8,15.7,64.8,3
2012-09-17,64.0,1.38,3,9,no_event,no_event,0,16.5,16.5,71.1,1.217,rain,25.2,15.8,71.3,6
2012-09-19,21.0,1.38,5,9,no_event,no_event,0,13.6,13.2,55.0,0.782,rain,34.6,16.0,49.6,8
2012-09-21,90.0,1.38,7,9,no_event,no_event,0,11.5,11.5,69.3,1.464,rain,16.6,15.8,72.5,3
2012-09-22,142.0,1.38,1,9,no_event,no_event,0,8.2,6.8,72.9,6.544,rain,21.5,15.8,70.8,7
2012-10-09,41.0,1.38,4,10,no_event,no_event,1,10.3,9.6,60.4,3.636,rain,25.8,15.4,72.6,6
2012-10-13,155.0,1.38,1,10,no_event,no_event,0,11.2,9.8,87.9,20.785,rain,23.5,8.6,95.9,3
2012-10-14,63.0,1.38,2,10,no_event,no_event,1,12.7,11.4,92.4,44.25,rain,30.8,9.3,98.2,4
2012-10-17,54.0,1.38,5,10,no_event,no_event,0,14.7,14.7,76.4,15.161,rain,26.2,13.3,55.4,3
2012-10-18,71.0,1.38,6,10,no_event,no_event,0,8.1,5.8,82.3,0.831,rain,22.3,15.4,95.7,3
2012-10-19,75.0,1.38,7,10,no_event,no_event,0,7.6,6.2,86.2,2.699,rain,19.5,14.7,89.8,5
2012-10-22,113.21102551608249,1.25,3,10,no_event,no_event,0,13.2,13.2,90.4,13.267,rain,14.6,7.4,82.3,2
2012-10-23,61.0,1.25,4,10,no_event,no_event,0,15.1,15.1,95.2,3.629,rain,16.9,3.4,99.6,4
2012-10-25,62.0,1.25,6,10,no_event,no_event,0,15.1,13.9,81.2,9.839,rain,30.8,14.4,85.7,3
2012-11-06,52.0,1.25,4,11,no_event,no_event,1,1.5,-1.4,89.5,3.133,rain,20.0,7.6,74.9,2
2012-11-19,127.0,1.25,3,11,no_event,no_event,0,8.3,7.5,70.6,0.823,rain,14.1,14.1,68.0,4
2012-12-01,275.0,1.25,1,12,no_event,no_event,0,7.1,5.1,88.7,3.005,rain,17.0,5.0,99.9,2
2012-12-03,133.0,1.25,3,12,no_event,no_event,1,12.4,11.6,88.0,0.431,rain,23.7,7.2,86.0,3
2012-12-15,141.0,1.25,1,12,no_event,no_event,1,5.5,3.0,89.8,9.865,rain,25.7,8.6,95.9,1
2013-03-30,167.0,1.25,1,3,no_event,no_event,0,6.1,4.1,63.4,0.242,rain,22.7,15.0,88.7,7
2013-04-06,75.0,1.38,1,4,no_event,no_event,1,8.3,5.8,57.3,1.636,rain,33.5,15.8,92.5,6
2013-04-08,56.0,1.38,3,4,no_event,no_event,1,7.7,5.5,82.2,13.456,rain,25.5,10.3,59.1,7
2013-04-09,62.0,1.38,4,4,no_event,no_event,1,4.1,-0.1,94.4,36.623,rain,36.6,6.6,100.0,3
2013-04-15,58.0,1.38,3,4,no_event,no_event,1,8.9,7.8,78.8,12.947,rain,24.5,13.1,86.2,8
2013-04-17,47.0,1.38,5,4,no_event,no_event,0,4.9,1.8,84.4,23.617,rain,27.7,13.0,92.8,3
2013-04-18,29.0,1.38,6,4,no_event,no_event,0,8.0,6.0,92.9,20.118,rain,31.7,10.2,100.0,4
2013-04-19,86.0,1.38,7,4,no_event,no_event,0,2.2,-2.6,70.1,0.004,rain,29.6,14.5,91.4,7
2013-04-23,50.0,1.38,4,4,no_event,no_event,0,6.9,4.3,69.8,0.112,rain,21.2,16.0,97.8,4
2013-04-25,73.0,1.38,6,4,no_event,no_event,0,6.6,4.4,59.5,0.489,rain,19.0,16.0,65.9,9
2013-04-29,35.0,1.38,3,4,no_event,no_event,0,16.6,16.6,67.3,0.468,rain,27.5,15.6,43.7,6
2013-04-30,26.0,1.38,4,4,no_event,no_event,0,22.8,22.3,53.5,0.916,rain,27.2,15.9,18.1,9
2013-05-01,49.0,1.38,5,5,no_event,no_event,0,19.4,19.3,52.4,0.142,rain,24.3,16.0,28.0,9
2013-05-02,67.0,1.38,6,5,no_event,no_event,1,8.1,5.5,69.7,2.074,rain,31.3,15.7,79.1,5
2013-05-03,77.0,1.38,7,5,no_event,no_event,1,5.0,1.2,93.3,19.537,rain,27.8,12.9,100.0,3
2013-05-04,65.0,1.38,1,5,no_event,no_event,0,13.9,13.4,73.9,0.533,rain,20.5,15.5,64.5,7
2013-05-07,108.0,1.38,4,5,no_event,no_event,0,18.7,18.7,44.2,0.007,rain,12.1,15.9,57.7,10
2013-05-09,76.0,1.38,6,5,no_event,no_event,1,15.6,15.5,78.5,15.911,rain,27.5,12.7,74.8,3
2013-05-10,107.0,1.38,7,5,no_event,no_event,0,8.2,5.8,87.4,21.874,rain,28.2,14.4,88.5,6
2013-05-14,55.0,1.38,4,5,no_event,no_event,1,21.9,21.5,41.9,1.058,rain,23.2,16.0,22.3,10
2013-05-17,94.0,1.38,7,5,no_event,no_event,0,13.8,13.6,67.0,11.707,rain,22.9,15.6,75.2,6
2013-05-19,80.0,1.38,2,5,no_event,no_event,0,22.5,22.6,67.8,0.503,rain,44.8,13.5,25.3,8
2013-05-20,51.0,1.38,3,5,no_event,no_event,0,22.4,22.4,66.0,13.688,rain,26.3,15.5,27.0,8
2013-05-21,52.0,1.38,4,5,no_event,no_event,0,20.9,20.9,66.6,0.008,rain,26.6,16.0,66.7,9
2013-05-22,21.0,1.38,5,5,no_event,no_event,0,16.5,16.5,87.0,5.461,rain,17.0,14.7,80.6,7
2013-05-23,51.0,1.38,6,5,no_event,no_event,0,12.4,11.9,73.4,2.351,rain,31.1,14.5,71.0,10
2013-05-25,101.0,1.38,1,5,no_event,no_event,0,11.7,11.3,56.1,0.297,rain,18.4,16.0,82.3,4
2013-05-26,78.0,1.38,2,5,no_event,no_event,0,12.4,12.2,63.8,0.788,rain,22.9,15.8,64.3,5
2013-05-28,51.0,1.38,4,5,no_event,no_event,0,16.2,16.2,91.2,23.371,rain,14.7,9.8,89.2,4
2013-05-29,32.0,1.38,5,5,no_event,no_event,0,21.6,21.9,78.8,14.605,rain,27.9,10.5,74.8,8
2013-05-30,60.0,1.38,6,5,no_event,no_event,0,22.2,22.3,79.3,18.684,rain,34.2,14.2,61.5,5
2013-05-31,86.0,1.38,7,5,no_event,no_event,0,20.4,20.4,79.5,0.298,rain,27.4,16.0,54.1,6
2013-06-01,69.0,1.38,1,6,no_event,no_event,0,21.0,21.0,75.3,0.075,rain,30.4,14.5,78.8,10
2013-06-04,69.0,1.38,4,6,no_event,no_event,0,16.4,16.4,60.4,2.56,rain,20.9,15.7,70.5,9
2013-06-05,50.0,1.38,5,6,no_event,no_event,1,13.9,13.9,83.6,5.124,rain,19.6,15.3,96.8,4
2013-06-09,71.0,1.38,2,6,no_event,no_event,1,19.8,19.8,63.3,4.366,rain,32.0,15.0,86.0,8
2013-06-10,58.0,1.38,3,6,no_event,no_event,0,21.2,21.2,76.8,0.107,rain,13.0,10.9,50.4,8
2013-06-12,33.0,1.38,5,6,no_event,no_event,1,21.4,21.4,82.8,38.603,rain,30.2,13.3,69.3,7
2013-06-13,67.0,1.38,6,6,no_event,no_event,0,19.8,19.8,69.5,0.056,rain,19.7,15.9,44.9,10
2013-06-15,100.0,1.38,1,6,no_event,no_event,1,21.0,21.1,75.3,15.983,rain,20.3,14.9,69.2,7
2013-06-21,66.0,1.38,7,6,no_event,no_event,0,22.3,22.3,75.1,20.352,rain,42.5,15.3,63.4,5
2013-06-22,77.0,1.38,1,6,no_event,no_event,0,22.4,22.4,83.4,35.767,rain,27.5,14.0,75.1,3
2013-06-23,81.0,1.38,2,6,no_event,no_event,0,23.4,24.0,78.5,11.034,rain,29.2,15.6,23.5,6
2013-06-24,53.0,1.38,3,6,no_event,no_event,0,23.0,23.1,77.3,0.067,rain,19.3,16.0,53.8,6
2013-06-25,20.0,1.38,4,6,no_event,no_event,0,22.7,23.2,85.8,33.658,rain,17.8,14.7,72.2,6
2013-06-26,45.0,1.38,5,6,no_event,no_event,0,23.6,23.9,81.2,72.322,rain,26.8,13.7,55.1,5
2013-06-27,47.0,1.38,6,6,no_event,no_event,0,25.7,26.2,69.3,0.059,rain,18.5,15.6,42.2,9
2013-06-28,57.0,1.38,7,6,no_event,no_event,0,21.1,21.1,71.8,0.633,rain,24.0,16.0,46.8,9
2013-06-29,85.0,1.38,1,6,no_event,no_event,0,19.1,19.1,85.0,8.561,rain,26.3,14.1,92.8,8
2013-07-03,79.0,1.38,5,7,no_event,no_event,1,17.6,17.6,78.6,0.003,rain,10.5,15.8,90.1,7
2013-07-08,38.0,1.38,3,7,no_event,no_event,1,26.7,28.1,75.2,11.615,rain,17.0,15.2,53.4,9
2013-07-15,44.0,1.38,3,7,no_event,no_event,1,26.5,28.1,71.1,0.015,rain,14.9,14.7,35.1,8
2013-07-17,43.0,1.38,5,7,no_event,no_event,0,29.0,31.3,69.5,0.017,rain,11.1,15.9,24.6,8
2013-07-20,56.0,1.38,1,7,no_event,no_event,0,23.6,23.7,65.7,0.011,rain,13.8,16.0,23.2,9
2013-07-21,81.0,1.38,2,7,no_event,no_event,0,20.1,20.2,77.1,40.374,rain,24.9,15.5,58.4,6
2013-07-22,39.0,1.38,3,7,no_event,no_event,0,23.0,23.3,76.5,4.294,rain,25.3,13.7,53.8,9
2013-07-23,64.0,1.38,4,7,no_event,no_event,0,20.6,20.6,65.0,0.034,rain,21.6,16.0,44.3,10
2013-07-25,55.0,1.38,6,7,no_event,no_event,0,20.5,20.5,69.1,2.007,rain,21.3,15.8,51.7,9
2013-07-26,85.0,1.38,7,7,no_event,no_event,0,20.4,20.4,77.0,6.913,rain,15.1,15.4,51.1,8
2013-07-27,99.0,1.38,1,7,no_event,no_event,0,13.4,13.4,72.7,0.326,rain,20.4,15.6,79.3,9
2013-07-28,92.0,1.38,2,7,no_event,no_event,0,14.9,14.9,73.5,0.631,rain,20.5,15.7,87.0,9
2013-07-30,37.0,1.38,4,7,no_event,no_event,0,18.7,18.7,78.6,0.026,rain,18.4,15.0,69.2,6
2013-07-31,57.0,1.38,5,7,no_event,no_event,0,20.8,20.8,78.5,0.015,rain,16.1,13.9,77.5,9
2013-08-01,60.0,1.38,6,8,no_event,no_event,0,20.7,20.7,66.2,0.002,rain,18.0,15.9,36.0,9
2013-08-02,89.0,1.38,7,8,no_event,no_event,1,22.0,22.0,65.8,2.997,rain,13.3,16.0,56.5,6
2013-08-05,90.0,1.38,3,8,no_event,no_event,1,18.9,18.9,79.2,1.429,rain,19.1,15.4,69.0,5
2013-08-06,61.0,1.38,4,8,no_event,no_event,1,23.6,23.9,76.8,0.014,rain,14.4,14.3,66.4,9
2013-08-11,81.0,1.38,2,8,no_event,no_event,1,18.0,18.0,85.7,2.932,rain,12.3,15.1,74.5,8
2013-08-12,55.0,1.38,3,8,no_event,no_event,1,21.5,21.5,77.2,0.31,rain,12.9,12.5,75.7,7
2013-08-22,50.0,1.38,6,8,no_event,no_event,0,22.0,22.0,87.7,43.528,rain,18.3,12.0,49.3,4
2013-08-23,57.49376612878143,1.38,7,8,no_event,no_event,0,21.1,21.1,66.4,0.179,rain,15.1,15.0,7.8,9
2013-08-29,165.0,1.0,6,8,no_event,no_event,0,24.0,24.3,74.3,0.002,rain,22.3,12.3,14.4,8
2013-08-30,354.0,1.0,7,8,no_event,no_event,0,26.5,28.2,74.9,0.073,rain,21.2,15.2,43.5,8
2013-08-31,333.0,1.0,1,8,no_event,no_event,0,22.0,22.0,77.1,0.013,rain,19.1,16.0,62.7,6
2013-09-01,316.0,1.0,2,9,no_event,no_event,0,22.1,22.3,78.2,0.039,rain,13.4,14.1,46.6,7
2013-09-11,173.0,1.0,5,9,no_event,no_event,1,22.8,23.0,76.1,6.388,rain,14.2,15.2,49.4,7
2013-09-15,195.0,1.0,2,9,no_event,no_event,1,14.2,14.2,85.1,17.589,rain,21.1,14.5,86.3,2
2013-09-16,188.0,1.0,3,9,no_event,no_event,0,12.4,11.9,69.4,0.002,rain,22.0,16.0,28.2,8
2013-09-17,142.0,1.0,4,9,no_event,no_event,0,13.4,13.4,76.5,1.249,rain,20.9,14.8,34.8,6
2013-09-18,201.0,1.0,5,9,no_event,no_event,0,19.7,19.7,78.0,1.487,rain,26.3,15.4,60.4,7
2013-09-19,157.0,1.0,6,9,no_event,no_event,0,22.9,23.2,84.4,44.141,rain,25.4,13.3,64.9,5
2013-09-20,197.0,1.0,7,9,no_event,no_event,0,18.6,18.6,80.9,0.028,rain,22.4,15.9,79.7,4
2013-09-22,210.0,1.0,2,9,no_event,no_event,0,11.2,11.1,74.9,0.002,rain,16.6,15.7,7.3,8
2013-09-28,189.0,1.0,1,9,no_event,no_event,0,18.6,18.6,67.3,4.424,rain,39.5,15.1,46.6,7
2013-09-29,176.0,1.0,2,9,no_event,no_event,0,14.0,14.0,70.4,0.04,rain,10.7,14.9,7.3,7
2013-10-03,117.0,1.0,6,10,no_event,no_event,1,18.8,18.8,79.9,0.062,rain,18.9,14.4,69.2,6
2013-10-04,209.0,1.0,7,10,no_event,no_event,0,18.3,18.3,95.3,11.462,rain,22.3,11.3,86.3,5
2013-10-05,200.0,1.0,1,10,no_event,no_event,1,18.7,18.7,93.9,4.339,rain,16.6,7.0,94.3,5
2013-10-06,163.0,1.0,2,10,no_event,no_event,1,10.8,10.5,70.7,0.706,rain,15.3,16.0,70.0,7
2013-10-07,144.0,1.0,3,10,no_event,no_event,0,11.5,10.9,75.0,0.25,rain,18.1,15.7,44.7,7
2013-10-09,101.0,1.0,5,10,no_event,no_event,1,15.3,15.3,62.2,0.007,rain,17.7,16.0,0.0,7
2013-10-12,246.0,1.0,1,10,no_event,no_event,1,16.4,16.4,65.9,0.921,rain,23.9,15.6,38.2,6
2013-10-16,10.0,1.0,5,10,no_event,no_event,0,10.2,9.6,84.9,0.135,rain,15.3,15.5,99.6,3
2013-10-17,24.0,1.0,6,10,no_event,no_event,0,8.3,8.2,82.9,2.821,rain,9.2,14.0,68.5,4
2013-10-19,140.0,1.38,1,10,no_event,no_event,0,5.6,4.5,78.7,0.644,rain,13.3,15.9,57.1,5
2013-10-20,183.0,1.38,2,10,no_event,no_event,0,5.8,4.5,86.2,2.092,rain,21.8,14.3,61.6,6
