visualisation/dataset_final.csv
date,sales,prix,wday,month,event_name_1,event_type_1,snap_WI,temp,feelslike,humidity,precip,preciptype,windspeed,visibility,cloudcover,uvindex
2013-10-30,38.0,1.38,5,10,no_event,no_event,0,10.2,9.7,91.9,0.254,rain,24.7,6.1,88.5,2
2013-11-01,107.0,1.38,7,11,no_event,no_event,0,6.5,4.6,85.5,0.901,rain,18.4,14.7,89.3,3
2013-11-02,152.0,1.38,1,11,no_event,no_event,1,4.2,2.7,83.8,0.009,rain,19.4,13.9,70.1,5
2013-11-04,87.0,1.38,3,11,no_event,no_event,0,9.0,7.2,67.5,0.242,rain,30.8,15.9,51.4,4
2013-11-05,52.0,1.38,4,11,no_event,no_event,1,10.4,10.2,88.1,9.769,rain,30.0,10.1,99.6,2
2013-11-06,60.0,1.38,5,11,no_event,no_event,1,6.4,4.0,80.0,7.169,rain,26.6,13.3,70.9,4
2013-11-14,72.71981564813473,1.38,6,11,no_event,no_event,1,4.8,1.6,50.4,0.242,rain,23.9,15.9,13.5,4
2013-11-16,102.84561795355677,1.38,1,11,no_event,no_event,0,9.1,7.3,89.2,4.086,rain,36.9,10.2,77.0,2
2013-11-17,75.85163929393963,1.38,2,11,no_event,no_event,0,10.3,8.8,87.0,22.971,rain,27.3,13.7,92.2,3
2013-11-20,67.43259686069882,1.38,5,11,no_event,no_event,0,2.4,-2.4,75.1,0.999,rain,34.8,14.5,77.0,3
2013-12-04,181.0,1.0,5,12,no_event,no_event,0,4.7,2.0,95.8,1.828,rain,24.5,4.5,100.0,1
2014-03-07,47.80534666276611,1.44,7,3,no_event,no_event,0,0.0,-3.9,67.8,0.003,rain,19.2,11.5,67.0,5
2014-03-11,68.0,1.44,4,3,no_event,no_event,1,4.0,2.2,79.5,0.933,rain,20.0,15.5,88.2,3
2014-03-28,100.0,1.44,7,3,no_event,no_event,0,2.4,-1.1,78.9,4.09,rain,29.4,14.2,94.2,8
2014-04-03,51.0,1.44,6,4,no_event,no_event,1,3.2,-1.9,62.6,0.005,rain,33.9,16.0,100.0,4
2014-04-07,49.0,1.44,3,4,no_event,no_event,0,9.6,9.1,64.1,2.883,rain,19.2,15.4,90.1,4
2014-04-08,23.0,1.44,4,4,no_event,no_event,1,9.3,8.1,60.9,0.003,rain,22.2,16.0,72.2,8
2014-04-12,86.0,1.44,1,4,no_event,no_event,1,10.2,8.9,64.4,0.703,rain,31.1,15.2,66.7,6
2014-04-13,68.0,1.44,2,4,no_event,no_event,0,9.1,7.5,93.1,62.548,rain,42.1,8.1,100.0,5
2014-04-21,54.0,1.44,3,4,no_event,no_event,0,16.5,16.5,71.8,1.225,rain,23.0,14.8,69.4,6
2014-04-23,49.0,1.44,5,4,no_event,no_event,0,6.4,5.2,56.8,3.181,rain,22.6,15.7,59.6,8
2014-04-24,32.0,1.44,6,4,no_event,no_event,0,7.4,5.3,78.1,8.691,rain,30.0,14.0,100.0,5
2014-04-25,50.0,1.44,7,4,no_event,no_event,0,12.3,11.5,61.7,1.67,rain,26.7,13.9,56.0,9
2014-04-27,110.99135796423326,1.24,2,4,no_event,no_event,0,7.1,3.8,68.6,6.075,rain,45.8,15.7,94.6,7
2014-04-28,30.0,1.24,3,4,no_event,no_event,0,7.5,3.1,76.3,18.053,rain,43.0,14.2,100.0,3
2014-04-29,56.0,1.24,4,4,no_event,no_event,0,7.7,5.2,90.6,6.114,rain,27.3,12.1,99.9,3
2014-04-30,29.0,1.24,5,4,no_event,no_event,0,8.0,5.7,83.3,0.246,rain,22.0,15.0,99.3,6
2014-05-01,25.0,1.24,6,5,no_event,no_event,0,6.9,4.9,83.0,0.737,rain,19.5,14.0,100.0,6
2014-05-02,110.0,1.24,7,5,no_event,no_event,1,9.1,7.8,75.5,0.468,rain,15.8,15.9,97.7,6
2014-05-07,54.0,1.24,5,5,no_event,no_event,0,12.5,12.1,63.3,0.389,rain,27.6,16.0,68.0,6
2014-05-09,104.0,1.24,7,5,no_event,no_event,1,16.5,16.5,67.3,0.245,rain,26.2,16.0,76.6,10
2014-05-12,29.0,1.24,3,5,no_event,no_event,1,20.7,20.7,84.6,22.079,rain,24.7,14.6,89.3,4
2014-05-13,101.57269877302656,1.24,4,5,no_event,no_event,0,13.5,13.5,77.4,5.627,rain,18.3,15.4,91.5,5
2014-05-15,92.45833749836783,1.24,6,5,no_event,no_event,1,9.0,7.4,61.3,1.71,rain,26.3,15.4,92.5,8
2014-05-16,80.85440960986051,1.24,7,5,no_event,no_event,0,7.5,6.4,57.9,0.003,rain,14.9,16.0,89.3,7
2014-05-19,115.16866197686102,1.24,3,5,no_event,no_event,0,14.1,14.1,60.1,3.094,rain,42.7,15.6,69.3,7
2014-05-20,97.90973282657967,1.24,4,5,no_event,no_event,0,22.2,22.2,61.8,0.558,rain,28.4,15.8,78.8,8
2014-05-27,87.9728445946958,1.24,4,5,no_event,no_event,0,22.4,22.5,80.3,32.47,rain,23.4,13.0,90.2,4
2014-05-28,95.1956431141657,1.24,5,5,no_event,no_event,0,18.2,18.2,62.0,0.09,rain,22.2,15.7,65.8,8
2014-05-29,94.55300802591933,1.24,6,5,no_event,no_event,0,19.2,19.2,64.9,0.014,rain,18.7,16.0,18.4,9
2014-06-01,91.67532966730897,1.24,2,6,no_event,no_event,0,24.6,24.9,61.2,40.672,rain,29.9,15.1,77.3,5
2014-06-02,92.03364179309165,1.24,3,6,no_event,no_event,1,23.2,23.2,74.6,30.565,rain,22.3,15.1,75.4,9
2014-06-04,94.31367192438381,1.24,5,6,no_event,no_event,0,18.5,18.5,75.9,2.209,rain,13.2,15.6,77.4,5
2014-06-07,86.33623154609813,1.38,1,6,no_event,no_event,0,20.4,20.4,60.8,3.131,rain,24.3,15.9,60.3,7
2014-06-10,69.91395614357668,1.38,4,6,no_event,no_event,0,18.0,18.0,61.9,0.075,rain,18.8,16.0,80.5,5
2014-06-11,85.0,1.38,5,6,no_event,no_event,1,18.3,18.3,73.6,0.57,rain,24.7,15.6,82.9,7
2014-06-16,51.0,1.38,3,6,no_event,no_event,0,24.9,24.8,57.2,0.047,rain,22.8,16.0,46.6,10
2014-06-17,87.0,1.38,4,6,no_event,no_event,0,24.1,24.4,72.2,25.53,rain,26.5,15.6,83.4,9
2014-06-18,36.0,1.38,5,6,no_event,no_event,0,22.6,22.6,76.4,18.649,rain,36.2,15.6,79.5,5
2014-06-19,54.0,1.38,6,6,no_event,no_event,0,20.3,20.3,86.3,19.188,rain,21.8,11.1,98.2,7
2014-06-20,77.0,1.38,7,6,no_event,no_event,0,23.0,23.2,80.5,31.645,rain,13.1,13.7,76.1,8
2014-06-21,77.0,1.38,1,6,no_event,no_event,0,21.3,21.4,84.3,0.694,rain,19.6,10.3,79.3,7
2014-06-22,94.0,1.38,2,6,no_event,no_event,0,22.2,22.3,82.5,1.593,rain,16.1,14.6,60.0,10
2014-06-23,32.0,1.38,3,6,no_event,no_event,0,23.1,23.3,78.8,0.546,rain,13.1,13.8,81.0,7
2014-06-25,31.0,1.38,5,6,no_event,no_event,0,20.7,20.7,82.5,0.002,rain,15.5,11.4,68.7,9
2014-06-28,140.0,1.38,1,6,no_event,no_event,0,26.1,27.0,70.3,0.008,rain,35.2,16.0,55.3,5
2014-06-30,39.0,1.38,3,6,no_event,no_event,0,23.2,23.9,82.8,58.149,rain,26.0,14.5,78.0,7
2014-07-01,31.0,1.38,4,7,no_event,no_event,0,21.5,21.5,72.5,0.015,rain,23.9,16.0,74.1,10
2014-07-02,57.0,1.38,5,7,no_event,no_event,1,17.0,17.0,76.3,0.262,rain,19.4,14.6,93.8,7
2014-07-03,103.0,1.38,6,7,no_event,no_event,1,18.4,18.4,61.2,0.003,rain,17.6,15.6,34.6,10
2014-07-06,64.0,1.38,2,7,no_event,no_event,1,23.1,23.7,77.7,0.007,rain,20.5,15.6,93.6,8
2014-07-07,35.0,1.38,3,7,no_event,no_event,0,25.0,25.1,66.4,0.008,rain,18.2,15.9,39.4,10
2014-07-08,54.0,1.38,4,7,no_event,no_event,1,21.6,21.6,69.8,8.51,rain,25.3,15.4,70.1,9
2014-07-12,56.0,1.38,1,7,no_event,no_event,1,23.2,23.2,78.0,9.73,rain,18.4,14.1,90.8,8
2014-07-13,63.0,1.38,2,7,no_event,no_event,0,22.1,22.2,73.2,0.033,rain,21.4,15.6,66.5,9
2014-07-14,33.0,1.38,3,7,no_event,no_event,1,18.2,18.2,67.2,1.451,rain,25.7,15.9,57.8,9
2014-07-15,59.0,1.38,4,7,no_event,no_event,1,15.3,15.3,77.7,3.609,rain,22.3,16.0,82.7,8
2014-07-25,59.0,1.38,7,7,no_event,no_event,0,19.5,19.5,70.4,0.408,rain,23.1,15.8,78.2,6
2014-07-27,67.0,1.38,2,7,no_event,no_event,0,22.1,22.1,72.0,1.848,rain,27.3,14.8,51.1,9
2014-07-30,28.0,1.38,5,7,no_event,no_event,0,19.2,19.2,69.1,0.106,rain,15.3,15.9,36.8,9
2014-07-31,40.0,1.38,6,7,no_event,no_event,0,21.9,21.9,63.6,0.051,rain,20.5,16.0,38.9,9
2014-08-01,61.0,1.38,7,8,no_event,no_event,0,20.5,20.4,70.4,18.011,rain,23.2,14.7,31.3,8
2014-08-02,126.0,1.38,1,8,no_event,no_event,1,21.3,21.4,71.0,0.014,rain,7.5,13.4,27.0,9
2014-08-04,31.0,1.38,3,8,no_event,no_event,0,20.5,20.6,83.5,35.266,rain,17.9,12.4,58.5,8
2014-08-05,50.0,1.38,4,8,no_event,no_event,1,20.6,20.6,83.2,0.006,rain,12.7,9.9,81.0,8
2014-08-11,35.0,1.38,3,8,no_event,no_event,1,21.0,21.0,76.2,4.456,rain,21.5,15.2,68.7,8
2014-08-12,43.0,1.38,4,8,no_event,no_event,1,18.7,18.7,65.9,0.017,rain,26.3,16.0,75.7,7
2014-08-17,64.0,1.38,2,8,no_event,no_event,0,21.0,21.0,77.1,0.002,rain,17.5,15.0,85.3,8
2014-08-19,38.0,1.38,4,8,no_event,no_event,0,22.9,23.0,76.2,13.261,rain,19.9,15.4,61.2,9
2014-08-21,32.0,1.38,6,8,no_event,no_event,0,22.5,22.5,90.1,15.04,rain,22.1,14.3,85.2,5
2014-08-22,54.0,1.38,7,8,no_event,no_event,0,26.0,27.4,83.3,0.024,rain,12.8,10.5,73.0,5
2014-08-23,44.0,1.38,1,8,no_event,no_event,0,24.5,24.5,91.3,1.169,rain,17.2,8.7,93.9,3
2014-08-25,52.0,1.38,3,8,no_event,no_event,0,23.8,23.8,87.0,31.563,rain,23.8,13.1,69.9,6
2014-08-26,39.0,1.38,4,8,no_event,no_event,0,21.5,21.5,74.0,0.06,rain,18.1,16.0,55.0,8
2014-08-29,71.0,1.38,7,8,no_event,no_event,0,23.9,24.8,76.3,0.089,rain,26.1,14.5,69.7,7
2014-08-30,84.0,1.38,1,8,no_event,no_event,0,23.0,23.1,81.3,5.681,rain,22.2,14.8,78.8,8
2014-09-04,80.0,1.38,6,9,no_event,no_event,0,24.3,25.0,76.7,27.178,rain,33.5,15.3,77.4,6
2014-09-05,54.0,1.38,7,9,no_event,no_event,1,22.1,22.1,71.2,0.006,rain,22.8,16.0,85.4,8
2014-09-09,67.0,1.38,4,9,no_event,no_event,1,20.9,20.9,70.6,0.14,rain,20.3,16.0,44.4,8
2014-09-10,38.0,1.38,5,9,no_event,no_event,0,18.4,18.4,86.7,10.137,rain,37.5,13.4,97.8,8
2014-09-11,33.0,1.38,6,9,no_event,no_event,1,9.8,8.5,73.6,0.368,rain,24.6,16.0,98.2,8
2014-09-12,62.0,1.38,7,9,no_event,no_event,1,7.0,5.6,89.4,3.731,rain,15.6,15.1,79.1,3
2014-09-15,41.0,1.38,3,9,no_event,no_event,1,11.8,11.8,83.8,4.082,rain,18.1,14.3,65.3,4
2014-09-20,72.0,1.38,1,9,no_event,no_event,0,20.7,20.7,75.2,2.59,rain,20.9,15.4,67.9,5
2014-09-21,62.0,1.38,2,9,no_event,no_event,0,14.5,14.5,72.4,0.002,rain,27.4,15.9,56.2,8
2014-09-29,47.0,1.38,3,9,no_event,no_event,0,16.7,16.7,78.7,1.129,rain,31.8,13.1,50.1,7
2014-10-02,53.0,1.38,6,10,no_event,no_event,1,18.0,18.0,83.7,1.566,rain,19.5,14.0,91.7,3
2014-10-03,77.0,1.38,7,10,no_event,no_event,1,11.0,10.0,74.6,14.545,rain,26.6,14.5,98.8,6
2014-10-12,64.0,1.38,2,10,no_event,no_event,1,10.4,9.7,62.8,0.441,rain,26.1,15.5,49.4,6
2014-10-14,35.0,1.38,4,10,no_event,no_event,1,13.0,13.0,92.2,12.625,rain,32.7,12.4,100.0,5
2014-10-15,55.0,1.38,5,10,no_event,no_event,1,10.5,9.9,90.3,0.648,rain,23.0,12.6,99.6,2
2014-10-17,48.0,1.38,7,10,no_event,no_event,0,11.8,11.6,73.6,0.002,rain,23.8,15.9,63.6,3
2014-10-18,87.0,1.38,1,10,no_event,no_event,0,7.8,6.2,70.9,0.003,rain,28.0,16.0,68.5,6
2014-10-23,44.0,1.38,6,10,no_event,no_event,0,8.2,7.1,82.7,2.459,rain,17.2,14.1,72.4,3
2014-10-26,60.0,1.38,2,10,no_event,no_event,0,10.4,10.2,47.9,0.37,rain,15.7,16.0,33.8,6
2014-10-27,39.0,1.38,3,10,no_event,no_event,0,17.6,17.6,59.7,1.614,rain,21.5,16.0,66.1,5
2014-11-03,57.0,1.38,3,11,no_event,no_event,1,10.7,9.4,52.1,1.968,rain,21.6,15.8,63.0,5
2014-11-04,71.0,1.38,4,11,no_event,no_event,0,10.4,8.9,68.1,2.062,rain,22.9,15.9,61.7,3
2014-11-05,34.0,1.38,5,11,no_event,no_event,1,7.7,7.1,66.8,0.833,rain,19.6,16.0,68.2,4
2014-11-06,38.0,1.38,6,11,no_event,no_event,1,4.1,0.1,74.4,0.217,rain,30.9,15.4,97.8,5
2014-11-07,62.0,1.38,7,11,no_event,no_event,0,3.2,0.9,62.7,0.211,rain,27.5,16.0,77.9,4
2014-11-08,87.0,1.38,1,11,no_event,no_event,1,5.2,2.1,59.4,0.641,rain,25.9,16.0,89.0,5
2014-11-09,72.0,1.38,2,11,no_event,no_event,1,5.6,3.4,61.7,0.426,rain,22.2,15.9,91.0,4
2014-11-10,30.0,1.38,3,11,no_event,no_event,0,6.7,4.4,82.1,0.004,rain,22.0,12.2,89.8,4
2014-11-23,41.0,1.38,2,11,no_event,no_event,0,9.1,7.1,94.7,15.342,rain,19.9,5.7,100.0,1
2014-12-15,95.17946938699441,1.38,3,12,no_event,no_event,1,7.0,4.5,96.6,4.086,rain,22.7,3.9,100.0,2
2014-12-23,74.07852855475653,1.38,4,12,no_event,no_event,0,4.4,1.4,92.0,7.762,rain,22.0,9.8,100.0,2
2014-12-26,62.35973631633681,1.38,7,12,no_event,no_event,0,3.6,1.7,81.6,0.003,rain,17.4,16.0,53.6,3
2014-12-27,90.2661675457694,1.38,1,12,no_event,no_event,0,1.8,-1.2,84.3,1.386,rain,19.7,13.7,98.5,2
2015-04-02,74.0,1.38,6,4,no_event,no_event,1,14.7,14.7,43.4,0.514,rain,26.7,16.0,68.1,8
2015-04-06,40.0,1.38,3,4,no_event,no_event,1,6.6,5.1,70.9,3.79,rain,34.9,14.2,52.1,7
2015-04-07,48.0,1.38,4,4,no_event,no_event,0,5.2,1.1,79.8,8.825,rain,29.2,14.6,100.0,7
2015-04-08,51.0,1.38,5,4,no_event,no_event,1,5.3,2.0,91.1,12.515,rain,23.3,7.9,100.0,4
2015-04-09,49.0,1.38,6,4,no_event,no_event,1,7.7,5.6,91.8,44.963,rain,33.0,11.9,99.5,3
2015-04-10,88.0,1.38,7,4,no_event,no_event,0,6.0,3.2,74.4,2.978,rain,26.2,14.5,69.3,9
2015-04-13,93.0,1.38,3,4,no_event,no_event,0,14.2,14.2,46.0,2.755,rain,32.7,15.6,60.3,8
2015-04-14,41.0,1.38,4,4,no_event,no_event,1,11.1,11.1,40.6,0.003,rain,13.5,16.0,41.7,8
2015-04-16,61.0,1.38,6,4,no_event,no_event,0,12.7,12.4,43.1,0.002,rain,10.7,15.8,29.1,9
2015-04-19,98.0,1.38,2,4,no_event,no_event,0,14.7,14.7,45.2,4.899,rain,26.1,15.3,73.5,7
2015-04-20,38.0,1.38,3,4,no_event,no_event,0,7.3,4.5,76.9,10.552,rain,28.2,13.5,99.7,8
2015-04-21,53.0,1.38,4,4,no_event,no_event,0,4.2,0.3,63.0,0.387,rain,30.0,15.5,97.8,8
2015-04-24,73.0,1.38,7,4,no_event,no_event,0,4.9,3.7,61.4,5.919,rain,21.6,15.2,68.6,6
2015-04-25,120.0,1.38,1,4,no_event,no_event,0,6.8,3.5,65.5,0.002,rain,29.0,16.0,92.7,6
2015-05-03,101.0,1.38,2,5,no_event,no_event,1,19.1,19.1,57.7,0.075,rain,27.6,16.0,74.9,9
2015-05-04,50.0,1.38,3,5,no_event,no_event,0,18.1,18.1,68.3,9.089,rain,19.6,14.9,74.5,9
2015-05-06,54.0,1.38,5,5,no_event,no_event,1,16.2,16.2,82.2,1.662,rain,21.1,8.8,82.5,8
2015-05-11,65.0,1.38,3,5,no_event,no_event,1,13.9,13.9,77.8,2.34,rain,26.1,12.3,94.6,6
2015-05-14,75.85403101208993,1.38,6,5,no_event,no_event,1,12.0,11.3,60.4,0.985,rain,30.8,14.7,63.4,4
2015-05-15,56.48138690176029,1.38,7,5,no_event,no_event,1,17.7,17.7,77.3,2.933,rain,15.3,12.2,90.6,9
2015-05-16,85.04181092736053,1.38,1,5,no_event,no_event,0,21.1,21.1,77.1,0.028,rain,20.4,15.9,84.4,7
2015-05-17,68.59642066464062,1.38,2,5,no_event,no_event,0,22.5,22.5,71.7,28.052,rain,33.5,14.7,82.8,7
2015-05-19,65.50373231706368,1.38,4,5,no_event,no_event,0,8.9,7.1,59.6,0.211,rain,22.9,15.8,76.4,10
2015-05-21,58.49058549560493,1.38,6,5,no_event,no_event,0,13.9,13.3,55.7,0.002,rain,16.3,16.0,38.6,10
2015-05-24,85.16462532433019,1.38,2,5,no_event,no_event,0,14.7,14.7,82.3,17.808,rain,24.3,12.1,84.3,3
2015-05-26,70.44077840981981,1.38,4,5,no_event,no_event,0,20.0,20.0,81.5,13.884,rain,27.5,14.0,68.4,6
2015-05-27,66.80216549896232,1.38,5,5,no_event,no_event,0,19.2,19.2,72.0,0.026,rain,17.9,15.7,49.8,8
2015-05-29,47.76363957907944,1.38,7,5,no_event,no_event,0,21.8,21.8,73.1,8.546,rain,25.6,15.4,77.4,8
2015-05-30,97.82759194917213,1.38,1,5,no_event,no_event,0,14.7,14.5,85.0,4.026,rain,35.4,14.8,91.7,3
2015-06-07,79.28136880379958,1.38,2,6,no_event,no_event,0,22.5,22.7,66.2,1.863,rain,24.9,15.8,75.5,7
2015-06-08,85.1365950679762,1.38,3,6,no_event,no_event,1,21.2,21.2,64.8,2.262,rain,32.1,16.0,48.6,8
2015-06-11,62.654754414634624,1.38,6,6,no_event,no_event,1,16.4,16.4,85.4,24.505,rain,26.2,12.1,81.1,5
2015-06-12,48.11110702058335,1.38,7,6,no_event,no_event,1,16.9,16.9,85.1,24.49,rain,20.5,13.0,98.7,7
2015-06-13,88.94738172085954,1.38,1,6,no_event,no_event,0,18.6,18.6,86.2,0.107,rain,15.1,13.3,96.2,5
2015-06-14,109.0,1.38,2,6,no_event,no_event,1,23.3,23.4,77.4,3.788,rain,11.9,11.8,83.9,7
2015-06-15,46.0,1.38,3,6,no_event,no_event,1,21.9,21.9,84.3,3.555,rain,21.5,15.3,71.9,5
2015-06-20,122.0,1.38,1,6,no_event,no_event,0,17.6,17.6,77.0,1.935,rain,30.5,15.7,59.3,10
2015-06-22,66.0,1.38,3,6,no_event,no_event,0,23.4,23.7,80.6,11.808,rain,25.9,14.9,58.5,3
2015-06-25,57.0,1.38,6,6,no_event,no_event,0,21.1,21.1,81.1,0.901,rain,11.8,14.4,86.0,9
2015-06-26,79.0,1.38,7,6,no_event,no_event,0,19.1,19.1,79.1,2.006,rain,16.3,13.3,66.0,6
2015-06-28,66.0,1.38,2,6,no_event,no_event,0,17.8,17.8,79.0,2.993,rain,19.3,15.7,71.5,3
2015-06-29,61.0,1.38,3,6,no_event,no_event,0,20.0,20.0,79.0,1.588,rain,15.8,14.4,88.9,8
2015-07-06,46.0,1.38,3,7,no_event,no_event,1,23.1,23.1,80.5,17.846,rain,18.2,11.8,69.2,7
2015-07-07,52.0,1.38,4,7,no_event,no_event,0,17.8,17.8,71.8,0.006,rain,20.5,10.5,91.8,10
2015-07-13,65.0,1.38,3,7,no_event,no_event,0,24.7,25.6,77.8,19.459,rain,27.6,15.4,69.4,8
2015-07-16,80.0,1.38,6,7,no_event,no_event,0,19.3,19.3,75.6,18.015,rain,17.5,13.7,72.0,6
2015-07-20,68.0,1.38,3,7,no_event,no_event,0,23.1,23.2,69.3,0.632,rain,16.3,15.9,47.1,8
2015-07-28,45.0,1.38,4,7,no_event,no_event,0,25.3,26.4,70.2,0.004,rain,24.4,16.0,49.1,7
2015-07-29,44.0,1.38,5,7,no_event,no_event,0,25.3,25.0,57.4,26.315,rain,26.1,15.5,43.6,10
2015-08-07,123.0,1.38,7,8,no_event,no_event,0,22.1,22.1,74.0,6.721,rain,29.1,15.2,83.3,7
2015-08-08,101.0,1.38,1,8,no_event,no_event,1,19.5,19.5,88.5,1.0,rain,11.4,14.2,70.3,6
2015-08-10,38.0,1.38,3,8,no_event,no_event,0,23.6,23.8,72.8,0.21,rain,19.6,15.4,66.3,8
2015-08-15,108.0,1.38,1,8,no_event,no_event,1,26.5,27.7,71.6,0.106,rain,12.9,16.0,42.0,8
2015-08-17,60.0,1.38,3,8,no_event,no_event,0,23.8,24.1,80.2,9.664,rain,15.3,14.1,63.4,6
2015-08-18,57.0,1.38,4,8,no_event,no_event,0,22.1,22.1,84.9,32.907,rain,20.8,12.2,86.3,8
2015-08-19,42.0,1.38,5,8,no_event,no_event,0,18.0,18.0,80.1,1.152,rain,25.7,15.8,98.2,7
2015-08-20,55.0,1.38,6,8,no_event,no_event,0,16.8,16.8,72.2,0.561,rain,26.0,15.6,73.6,9
2015-08-23,60.0,1.38,2,8,no_event,no_event,0,19.0,19.0,68.4,0.974,rain,26.9,15.5,68.5,9
2015-08-28,72.0,1.38,7,8,no_event,no_event,0,17.5,17.5,85.1,18.294,rain,16.1,12.2,69.6,3
2015-08-29,108.0,1.38,1,8,no_event,no_event,0,18.1,18.1,92.2,24.876,rain,14.9,10.2,100.0,6
2015-09-05,103.0,1.38,1,9,no_event,no_event,1,24.3,25.0,78.3,0.002,rain,22.1,14.5,59.3,4
2015-09-08,61.0,1.38,4,9,no_event,no_event,1,22.2,22.2,86.3,11.137,rain,18.9,13.7,76.1,3
2015-09-10,56.0,1.38,6,9,no_event,no_event,0,19.1,19.1,72.6,7.827,rain,14.7,15.3,81.0,6
2015-09-15,48.0,1.38,4,9,no_event,no_event,1,23.0,22.9,54.6,0.012,rain,35.8,16.0,19.0,8
2015-09-17,54.0,1.38,6,9,no_event,no_event,0,21.9,21.9,75.0,35.875,rain,25.6,15.0,65.5,6
2015-09-18,93.0,1.38,7,9,no_event,no_event,0,19.9,19.9,89.2,18.064,rain,24.5,14.8,97.6,6
2015-09-19,90.0,1.38,1,9,no_event,no_event,0,15.4,15.4,72.6,4.904,rain,21.1,15.3,59.4,8
2015-09-29,22.0,1.38,4,9,no_event,no_event,0,14.3,14.2,75.4,54.955,rain,31.7,13.0,69.6,6
2015-10-05,66.0,1.38,3,10,no_event,no_event,1,13.3,13.3,85.6,0.007,rain,8.8,13.6,100.0,5
2015-10-08,61.0,1.38,6,10,no_event,no_event,1,16.1,16.1,75.6,0.004,rain,24.5,16.0,80.7,5
2015-10-20,43.0,1.38,4,10,no_event,no_event,0,17.8,17.8,48.0,0.004,rain,18.1,16.0,55.6,5
2015-10-23,124.0,1.38,7,10,no_event,no_event,0,11.3,10.4,80.9,7.947,rain,26.2,12.5,79.7,4
2015-10-24,132.0,1.38,1,10,no_event,no_event,0,13.1,12.8,85.3,15.853,rain,23.1,13.0,81.9,4
2015-10-27,36.0,1.38,4,10,no_event,no_event,0,10.3,9.3,73.9,13.625,rain,28.5,14.2,66.8,3
2015-10-28,46.0,1.38,5,10,no_event,no_event,0,8.4,6.6,86.8,16.678,rain,26.6,12.4,100.0,4
2015-11-05,60.0,1.38,6,11,no_event,no_event,1,17.2,17.2,80.7,10.876,rain,33.0,14.5,94.5,5
2015-11-06,81.0,1.38,7,11,no_event,no_event,1,7.7,5.5,74.5,2.865,rain,26.2,16.0,78.5,5
