visualisation/dataset_final.csv
date,sales,prix,wday,month,event_name_1,event_type_1,snap_WI,temp,feelslike,humidity,precip,preciptype,windspeed,visibility,cloudcover,uvindex
2015-11-12,56.0,1.38,6,11,no_event,no_event,1,6.9,3.4,77.6,1.943,rain,29.7,15.6,96.4,3
2015-11-16,36.0,1.38,3,11,no_event,no_event,0,10.8,10.0,64.1,0.184,rain,29.3,15.2,91.6,2
2015-11-17,34.0,1.38,4,11,no_event,no_event,0,11.4,10.5,95.5,27.878,rain,31.5,8.5,100.0,1
2015-11-18,54.0,1.38,5,11,no_event,no_event,0,11.9,11.1,80.2,3.988,rain,48.5,15.5,92.1,2
2015-11-19,40.0,1.38,6,11,no_event,no_event,0,3.4,-1.1,57.6,0.42,rain,33.1,15.9,61.1,5
2015-12-01,66.0,1.38,4,12,no_event,no_event,0,2.6,-0.8,83.4,1.28,rain,22.0,14.2,98.3,4
2015-12-12,107.01307901682122,1.38,1,12,no_event,no_event,1,5.8,3.8,97.2,0.21,rain,12.4,3.1,100.0,3
2015-12-13,81.51360848235106,1.38,2,12,no_event,no_event,0,11.4,10.9,97.0,29.929,rain,23.5,8.2,100.0,1
2015-12-16,65.04466479474769,1.38,5,12,no_event,no_event,0,4.4,-0.1,82.4,0.42,rain,35.4,13.4,95.4,4
2015-12-20,83.8253441216591,1.38,2,12,no_event,no_event,0,3.4,-0.7,67.8,0.21,rain,28.6,15.9,61.8,3
2015-12-21,89.96973456890606,1.38,3,12,no_event,no_event,0,3.8,1.6,96.4,2.73,rain,21.0,5.9,100.0,2
2015-12-23,76.42667085746677,1.38,5,12,no_event,no_event,0,8.1,6.1,94.7,8.994,rain,35.3,8.7,99.5,1
2015-12-26,92.73041152952538,1.38,1,12,no_event,no_event,0,1.4,-3.1,91.8,1.622,rain,23.1,10.0,99.6,1
2016-03-06,86.0,1.38,2,3,no_event,no_event,1,4.9,1.3,69.0,0.912,rain,33.6,15.9,78.2,6
2016-03-07,79.0,1.38,3,3,no_event,no_event,0,11.9,11.0,67.5,0.21,rain,26.7,16.0,70.2,5
2016-03-08,35.0,1.38,4,3,no_event,no_event,1,16.1,16.1,70.3,0.296,rain,28.0,16.0,82.9,5
2016-03-09,43.0,1.38,5,3,no_event,no_event,1,11.2,11.2,79.8,3.086,rain,21.3,14.6,80.5,7
2016-03-12,153.0,1.38,1,3,no_event,no_event,1,9.4,8.9,67.5,0.446,rain,12.0,15.9,55.8,5
2016-03-13,109.0,1.38,2,3,no_event,no_event,0,8.3,6.9,83.8,5.713,rain,18.1,13.9,100.0,2
2016-03-15,44.0,1.38,4,3,no_event,no_event,1,8.3,6.4,94.3,13.56,rain,24.5,6.7,89.4,3
2016-03-16,42.0,1.38,5,3,no_event,no_event,0,8.4,5.5,66.9,15.245,rain,40.7,14.6,87.4,8
2016-03-19,109.0,1.38,1,3,no_event,no_event,0,2.2,-1.2,74.9,0.002,rain,20.0,15.9,96.2,5
2016-03-30,70.0,1.38,5,3,no_event,no_event,0,8.7,6.8,69.9,3.807,rain,29.5,14.9,90.0,6
2016-03-31,64.0,1.38,6,3,no_event,no_event,0,6.7,4.1,91.0,15.832,rain,25.2,11.0,99.6,6
2016-04-01,101.0,1.38,7,4,no_event,no_event,0,4.5,2.3,70.2,0.118,rain,28.8,15.9,79.8,8
2016-04-05,46.0,1.38,4,4,no_event,no_event,1,1.3,-3.0,65.4,0.42,rain,30.3,16.0,52.2,9
2016-04-06,43.0,1.38,5,4,no_event,no_event,1,6.0,3.2,81.2,11.691,rain,29.0,13.5,100.0,3
2016-04-19,61.0,1.38,4,4,no_event,no_event,0,10.2,9.3,77.7,4.522,rain,22.1,15.0,73.5,3
2016-04-20,60.0,1.38,5,4,no_event,no_event,0,13.8,13.4,66.1,0.006,rain,23.3,16.0,67.4,8
2016-04-24,91.0,1.38,2,4,no_event,no_event,0,13.9,13.2,64.6,0.735,rain,23.5,15.8,69.8,8
2016-04-27,44.0,1.38,5,4,no_event,no_event,0,7.1,4.1,60.4,3.27,rain,38.2,15.7,80.2,7
2016-04-28,65.0,1.38,6,4,no_event,no_event,0,5.2,1.8,81.5,8.095,rain,24.2,13.5,99.9,5
2016-04-29,90.0,1.38,7,4,no_event,no_event,0,7.0,5.4,78.3,1.635,rain,19.6,14.8,84.5,5
2016-05-03,50.0,1.38,4,5,no_event,no_event,1,12.8,12.7,57.4,1.618,rain,50.1,16.0,49.8,9
2016-05-04,67.0,1.38,5,5,no_event,no_event,0,10.2,8.9,64.6,0.437,rain,32.6,15.7,55.8,9
2016-05-07,140.0,1.44,1,5,no_event,no_event,0,16.9,16.9,49.5,0.353,rain,29.8,16.0,67.8,8
2016-05-09,47.0,1.44,3,5,no_event,no_event,1,12.8,12.7,63.4,3.479,rain,32.8,15.5,70.5,4
2016-05-10,51.0,1.44,4,5,no_event,no_event,0,10.6,10.3,94.0,13.274,rain,25.6,12.1,100.0,3
2016-05-11,55.0,1.44,5,5,no_event,no_event,1,13.4,13.0,93.6,0.259,rain,16.5,6.4,98.9,9
2016-05-12,56.0,1.44,6,5,no_event,no_event,1,15.6,15.6,74.8,10.802,rain,21.1,12.2,81.8,9
2016-05-13,111.0,1.44,7,5,no_event,no_event,0,10.1,8.9,73.8,4.205,rain,22.1,14.8,60.6,7
2016-05-16,47.0,1.44,3,5,no_event,no_event,0,14.1,13.6,50.1,0.351,rain,22.2,16.0,55.0,8
2011-11-09,95.0,1.28,5,11,no_event,no_event,1,2.8,-1.9,88.7,27.781,"rain,snow",36.7,8.0,79.3,2
2011-11-10,118.0,1.28,6,11,no_event,no_event,0,1.5,-1.6,75.8,0.242,"rain,snow",17.3,13.5,78.3,3
2011-12-21,101.36602363627821,1.28,5,12,no_event,no_event,0,1.4,0.0,89.8,0.645,"rain,snow",11.5,7.3,76.3,4
2011-12-22,4.0,1.28,6,12,no_event,no_event,0,-0.7,-4.4,82.7,2.068,"rain,snow",21.7,10.9,87.8,2
2011-12-30,45.49872744643898,1.48,7,12,no_event,no_event,0,-0.1,-3.9,91.7,6.598,"rain,snow",23.4,5.7,81.1,1
2012-01-17,78.0,1.28,4,1,no_event,no_event,0,-4.5,-10.9,76.5,2.757,"rain,snow",30.1,9.7,69.2,3
2012-01-22,175.0,1.28,2,1,no_event,no_event,0,-4.0,-10.0,88.5,1.694,"rain,snow",29.8,5.8,78.5,2
2012-01-23,70.0,1.28,3,1,no_event,no_event,0,-0.3,-4.0,85.0,8.041,"rain,snow",25.0,9.5,100.0,3
2012-01-27,84.70757055571022,1.28,7,1,no_event,no_event,0,0.3,-2.9,67.3,0.242,"rain,snow",18.2,14.9,56.3,4
2012-01-28,117.64853241088804,1.28,1,1,no_event,no_event,0,-2.1,-7.2,63.3,0.242,"rain,snow",26.2,15.0,37.7,5
2012-02-10,88.37042790619307,1.28,7,2,no_event,no_event,0,-5.2,-11.5,72.5,0.925,"rain,snow",38.3,10.9,75.6,2
2012-02-13,99.76990111041488,1.34,3,2,no_event,no_event,0,-3.8,-7.3,70.8,2.338,"rain,snow",19.0,11.1,74.9,1
2012-02-17,108.0,1.34,7,2,no_event,no_event,0,0.7,-1.4,73.5,0.53,"rain,snow",21.6,14.4,46.5,4
2012-02-21,87.0,1.34,4,2,no_event,no_event,0,2.4,-1.2,75.0,0.887,"rain,snow",27.1,11.9,87.8,3
2012-02-23,70.0,1.34,6,2,no_event,no_event,0,-0.2,-2.4,78.6,2.69,"rain,snow",19.1,10.4,69.7,2
2012-02-24,78.0,1.34,7,2,no_event,no_event,0,-1.1,-6.0,76.9,1.819,"rain,snow",24.6,10.1,98.9,3
2012-02-28,67.0,1.34,4,2,no_event,no_event,0,-0.3,-3.8,73.8,2.745,"rain,snow",29.6,13.5,87.9,5
2012-03-02,113.0,1.34,7,3,no_event,no_event,1,0.6,-3.3,89.0,8.751,"rain,snow",26.9,7.7,95.6,2
2012-12-09,121.0,1.25,2,12,no_event,no_event,1,0.8,-2.2,91.0,8.357,"rain,snow",18.2,6.6,97.5,1
2012-12-10,96.0,1.25,3,12,no_event,no_event,0,-1.0,-4.1,85.0,1.236,"rain,snow",22.0,12.5,98.1,4
2012-12-18,98.0,1.25,4,12,no_event,no_event,0,-1.5,-4.6,88.3,2.464,"rain,snow",15.2,7.3,99.9,2
2012-12-19,142.0,1.25,5,12,no_event,no_event,0,-0.5,-1.7,87.9,2.123,"rain,snow",16.8,7.3,94.1,1
2012-12-20,128.0,1.25,6,12,no_event,no_event,0,0.2,-6.6,92.9,28.031,"rain,snow",41.7,2.2,100.0,1
2012-12-28,147.0,1.25,7,12,no_event,no_event,0,-3.4,-5.7,88.7,1.615,"rain,snow",11.1,6.4,100.0,2
2013-01-10,123.0,1.25,6,1,no_event,no_event,0,-1.8,-4.1,82.1,4.763,"rain,snow",21.9,13.8,33.4,3
2013-01-11,153.0,1.25,7,1,no_event,no_event,1,4.1,2.0,97.4,2.03,"rain,snow",21.0,3.1,91.4,3
2013-01-27,130.0,1.25,2,1,no_event,no_event,0,-2.0,-7.2,76.0,3.291,"rain,snow",25.6,10.1,89.6,2
2013-01-28,86.0,1.25,3,1,no_event,no_event,0,2.1,0.4,90.1,2.514,"rain,snow",15.1,9.8,78.0,5
2013-01-29,78.0,1.25,4,1,no_event,no_event,0,5.7,3.7,96.2,43.474,"rain,snow",18.1,4.9,98.1,2
2013-01-30,85.0,1.25,5,1,no_event,no_event,0,-2.1,-8.0,87.1,10.837,"rain,snow",28.3,4.9,99.5,3
2013-02-07,72.0,1.25,6,2,no_event,no_event,0,-0.1,-4.0,90.1,12.82,"rain,snow",31.4,3.8,100.0,2
2013-02-10,108.0,1.25,2,2,no_event,no_event,0,0.7,-3.4,91.4,15.175,"rain,snow",36.8,5.9,84.4,1
2013-02-11,70.0,1.25,3,2,no_event,no_event,1,-0.5,-6.0,75.8,0.032,"rain,snow",31.4,14.9,100.0,3
2013-02-22,105.0,1.25,7,2,no_event,no_event,0,-2.6,-5.9,84.8,5.546,"rain,snow",31.4,8.4,100.0,3
2013-02-26,69.0,1.25,4,2,no_event,no_event,0,-0.5,-6.9,81.6,2.907,"rain,snow",49.4,11.2,64.0,3
2013-02-27,64.0,1.25,5,2,no_event,no_event,0,-0.4,-6.2,88.6,6.145,"rain,snow",29.7,4.4,100.0,3
2013-03-04,115.0,1.25,3,3,no_event,no_event,0,-5.5,-9.3,74.4,0.241,"rain,snow",25.9,15.0,65.9,3
2013-03-05,84.0,1.25,4,3,no_event,no_event,1,-2.1,-7.5,86.9,10.958,"rain,snow",27.7,7.7,96.6,1
2013-03-09,140.0,1.25,1,3,no_event,no_event,1,2.0,-2.4,80.0,8.676,"rain,snow",27.0,11.0,83.1,4
2013-03-10,144.0,1.25,2,3,no_event,no_event,0,2.9,-0.2,95.7,20.505,"rain,snow",27.1,3.8,100.0,2
2013-03-11,100.0,1.25,3,3,no_event,no_event,1,0.6,-2.8,90.4,0.681,"rain,snow",20.6,8.4,100.0,3
2013-03-12,89.0,1.25,4,3,no_event,no_event,1,-2.0,-6.5,77.0,0.241,"rain,snow",20.6,11.2,97.5,7
2013-03-14,71.0,1.25,6,3,no_event,no_event,1,-3.3,-5.3,75.0,0.482,"rain,snow",17.5,14.4,44.3,5
2013-03-15,110.0,1.25,7,3,no_event,no_event,1,-0.4,-2.1,89.4,3.174,"rain,snow",24.5,7.3,70.5,2
2013-03-18,68.0,1.25,3,3,no_event,no_event,0,-3.1,-7.5,82.1,6.692,"rain,snow",27.3,10.4,78.5,3
2013-03-24,111.0,1.25,2,3,no_event,no_event,0,-1.2,-6.5,79.2,0.885,"rain,snow",34.0,11.7,97.5,5
2013-04-10,47.0,1.38,5,4,no_event,no_event,0,1.9,-3.4,91.7,20.344,"rain,snow",35.2,12.5,100.0,3
2013-04-11,59.0,1.38,6,4,no_event,no_event,1,2.8,-2.2,93.6,10.155,"rain,snow",37.2,5.2,100.0,1
2013-04-12,111.0,1.38,7,4,no_event,no_event,1,2.3,-0.2,86.3,1.188,"rain,snow",18.3,11.1,100.0,6
2013-04-14,55.0,1.38,2,4,no_event,no_event,1,4.1,0.8,79.1,3.239,"rain,snow",38.7,14.8,77.9,7
2013-11-22,58.54046593399926,1.38,7,11,no_event,no_event,0,-0.3,-4.2,73.1,1.293,"rain,snow",23.4,14.1,51.4,5
2013-12-02,192.0,1.0,3,12,no_event,no_event,1,-0.1,-2.4,83.6,2.625,"rain,snow",23.6,9.4,74.1,1
2013-12-03,155.0,1.0,4,12,no_event,no_event,1,2.6,-0.8,97.4,1.89,"rain,snow",18.7,1.9,100.0,1
2013-12-17,153.04078536294952,1.0,4,12,no_event,no_event,0,-3.8,-8.8,72.6,0.405,"rain,snow",23.7,13.1,87.1,4
2014-01-10,61.0,1.38,7,1,no_event,no_event,0,-1.0,-5.3,94.1,3.71,"rain,snow",22.6,3.8,100.0,2
2014-01-14,46.0,1.38,4,1,no_event,no_event,1,-2.6,-8.3,81.1,1.991,"rain,snow",32.2,9.4,99.1,4
2014-01-16,38.0,1.38,6,1,no_event,no_event,0,-4.2,-10.1,74.3,1.619,"rain,snow",26.3,12.2,91.2,2
2014-01-24,55.11315707862616,1.38,7,1,no_event,no_event,0,-10.5,-18.2,63.8,0.726,"rain,snow",30.6,15.1,73.6,4
2014-02-20,49.039790256356696,1.44,6,2,no_event,no_event,0,1.9,-2.8,87.5,11.661,"rain,snow",33.9,10.4,97.9,4
2014-03-19,51.0,1.44,5,3,no_event,no_event,0,2.0,-1.9,83.9,4.784,"rain,snow",26.8,8.0,100.0,4
2014-03-27,55.0,1.44,6,3,no_event,no_event,0,4.3,0.0,82.7,6.755,"rain,snow",28.6,8.6,100.0,2
2014-04-04,55.0,1.44,7,4,no_event,no_event,0,2.0,-2.3,82.5,3.221,"rain,snow",31.5,10.8,98.4,5
2014-04-14,60.0,1.44,3,4,no_event,no_event,1,1.1,-4.2,81.3,12.861,"rain,snow",38.1,12.2,99.0,7
2014-11-22,64.0,1.38,1,11,no_event,no_event,0,4.2,0.9,89.7,0.219,"rain,snow",25.6,7.0,100.0,1
2014-11-24,32.0,1.38,3,11,no_event,no_event,0,1.0,-3.3,92.7,7.048,"rain,snow",24.1,4.8,100.0,1
2014-12-08,91.43374726596778,1.38,3,12,no_event,no_event,1,0.8,-3.0,90.9,4.606,"rain,snow",21.9,6.9,100.0,1
2014-12-16,76.3685481319647,1.38,4,12,no_event,no_event,0,2.0,-1.7,85.1,2.338,"rain,snow",28.7,10.9,100.0,2
2014-12-22,81.2002984701403,1.38,3,12,no_event,no_event,0,1.9,-2.5,87.2,3.293,"rain,snow",23.8,7.7,100.0,2
2015-01-03,112.85680480662893,1.38,1,1,no_event,no_event,1,-1.2,-3.7,86.9,1.175,"rain,snow",14.6,6.6,99.5,1
2015-01-04,54.0,1.38,2,1,no_event,no_event,0,-9.2,-16.4,70.6,2.435,"rain,snow",29.2,9.7,74.8,2
2015-01-21,36.0,1.38,5,1,no_event,no_event,0,-1.8,-4.4,83.8,0.844,"rain,snow",14.7,11.5,99.7,3
2015-01-29,40.0,1.38,6,1,no_event,no_event,0,0.0,-4.8,71.3,0.211,"rain,snow",29.2,14.4,100.0,5
2015-01-31,145.0,1.38,1,1,no_event,no_event,0,-2.2,-5.3,70.2,2.069,"rain,snow",20.2,13.7,81.4,3
2015-03-03,81.0741390542268,1.38,4,3,no_event,no_event,1,-2.3,-7.2,75.5,2.122,"rain,snow",21.8,11.9,99.0,2
2015-03-22,89.0,1.38,2,3,no_event,no_event,0,-0.3,-4.0,62.8,0.01,"rain,snow",19.1,15.0,85.1,4
2015-03-23,37.0,1.38,3,3,no_event,no_event,0,-1.4,-5.9,74.0,4.237,"rain,snow",25.5,10.0,80.1,5
2015-03-25,42.0,1.38,5,3,no_event,no_event,0,2.6,-0.5,77.7,7.773,"rain,snow",23.8,11.0,92.2,8
2015-03-29,77.0,1.38,2,3,no_event,no_event,0,1.9,-2.3,69.7,1.107,"rain,snow",33.5,15.3,65.9,4
2015-04-22,38.0,1.38,5,4,no_event,no_event,0,3.4,-0.2,55.9,0.211,"rain,snow",26.7,15.8,89.3,8
2015-11-20,65.0,1.38,7,11,no_event,no_event,0,0.5,-2.7,53.0,2.723,"rain,snow",20.1,13.0,56.0,4
2015-11-21,102.0,1.38,1,11,no_event,no_event,0,-3.7,-8.6,78.5,4.756,"rain,snow",23.1,9.8,68.1,2
2015-11-27,39.0,1.38,7,11,no_event,no_event,0,-0.5,-6.0,84.9,6.282,"rain,snow",29.9,14.7,99.4,2
2015-11-30,39.0,1.38,3,11,no_event,no_event,0,2.8,-0.2,88.8,11.572,"rain,snow",21.4,12.4,100.0,3
2015-12-02,81.0,1.38,5,12,no_event,no_event,1,-0.3,-3.6,84.1,1.869,"rain,snow",16.5,13.4,97.9,2
2015-12-22,80.96075884732488,1.38,4,12,no_event,no_event,0,1.2,-1.8,94.1,0.21,"rain,snow",24.8,9.1,99.9,3
2015-12-24,67.46434744762723,1.38,6,12,no_event,no_event,0,1.1,-2.0,74.4,0.21,"rain,snow",48.9,15.8,94.4,4
2015-12-29,77.58371158596049,1.38,4,12,no_event,no_event,0,-3.5,-6.9,81.6,0.633,"rain,snow",26.7,12.5,99.7,3
2016-01-08,99.0,1.38,7,1,no_event,no_event,1,2.0,0.7,96.8,8.736,"rain,snow",10.6,4.1,99.9,1
2016-01-09,117.0,1.38,1,1,no_event,no_event,1,-2.0,-6.9,88.9,0.469,"rain,snow",29.0,13.0,99.4,3
2016-01-25,54.0,1.38,3,1,no_event,no_event,0,-1.5,-4.5,88.8,5.406,"rain,snow",14.4,6.5,96.7,2
2016-01-26,45.0,1.38,4,1,no_event,no_event,0,-2.9,-7.7,86.3,2.393,"rain,snow",25.2,10.8,97.8,4
2016-01-28,48.0,1.38,6,1,no_event,no_event,0,0.1,-4.9,72.7,0.21,"rain,snow",26.5,15.4,97.5,4
2016-01-31,103.0,1.38,2,1,no_event,no_event,0,1.9,0.4,89.7,0.444,"rain,snow",17.9,11.8,70.9,3
2016-02-02,55.0,1.38,4,2,no_event,no_event,1,-0.1,-4.1,94.9,6.298,"rain,snow",32.1,4.8,92.8,3
2016-02-03,51.0,1.38,5,2,no_event,no_event,1,-1.2,-5.4,86.5,1.768,"rain,snow",26.1,9.7,98.9,3
2016-02-16,85.0,1.38,4,2,no_event,no_event,0,-2.4,-5.3,84.7,0.561,"rain,snow",12.3,9.6,99.3,4
2016-02-28,118.0,1.38,2,2,no_event,no_event,0,8.0,5.5,58.6,0.42,"rain,snow",24.9,15.9,60.5,5
2016-03-04,95.0,1.38,7,3,no_event,no_event,0,-2.5,-5.5,76.2,1.824,"rain,snow",22.0,11.5,78.2,7
2016-03-23,40.0,1.38,5,3,no_event,no_event,0,1.6,-4.0,87.6,7.103,"rain,snow",31.3,11.7,99.9,2
2016-04-02,119.0,1.38,1,4,no_event,no_event,1,-0.4,-5.1,63.4,1.367,"rain,snow",36.3,12.2,62.8,6
2016-04-08,107.0,1.38,7,4,no_event,no_event,1,0.8,-3.0,71.2,1.45,"rain,snow",32.8,12.0,94.4,6
2016-04-10,108.0,1.38,2,4,no_event,no_event,0,5.1,1.3,72.4,0.565,"rain,snow",33.8,15.8,93.9,3
