visualisation/dataset_final.csv
date,sales,prix,wday,month,event_name_1,event_type_1,snap_WI,temp,feelslike,humidity,precip,preciptype,windspeed,visibility,cloudcover,uvindex
2011-12-17,148.0,1.28,1,12,no_event,no_event,0,-2.8,-4.5,83.7,1.728,snow,9.7,10.0,90.6,3
2012-01-12,74.0,1.28,6,1,no_event,no_event,1,-5.4,-12.0,80.6,7.621,snow,24.0,6.8,99.9,1
2012-01-19,80.0,1.28,6,1,no_event,no_event,0,-14.9,-21.2,54.0,0.242,snow,27.6,15.4,18.0,5
2012-01-20,109.0,1.28,7,1,no_event,no_event,0,-17.1,-21.8,72.1,6.197,snow,14.4,11.0,70.1,1
2012-01-29,117.85297474439955,1.28,2,1,no_event,no_event,0,-5.1,-8.7,67.9,1.086,snow,20.8,13.9,41.0,5
2012-03-04,145.0,1.34,2,3,no_event,no_event,0,-3.9,-6.0,80.7,0.484,snow,11.1,9.8,100.0,5
2013-01-13,135.0,1.25,2,1,no_event,no_event,0,-8.1,-14.4,66.3,0.016,snow,18.6,15.3,95.2,5
2013-01-23,67.0,1.25,5,1,no_event,no_event,0,-10.8,-16.3,64.5,0.482,snow,28.5,10.8,87.6,2
2013-01-25,111.0,1.25,7,1,no_event,no_event,0,-6.6,-12.5,67.9,0.924,snow,22.1,13.2,89.5,4
2013-01-31,91.0,1.25,6,1,no_event,no_event,0,-12.0,-19.7,71.1,0.191,snow,22.5,10.1,82.6,3
2013-02-01,98.0,1.25,7,2,no_event,no_event,0,-17.6,-25.0,68.8,0.967,snow,16.3,14.0,24.7,5
2013-02-02,240.0,1.25,1,2,no_event,no_event,1,-13.3,-17.8,73.3,1.419,snow,18.2,12.7,69.4,4
2013-02-04,106.0,1.25,3,2,no_event,no_event,0,-10.2,-14.7,74.9,2.882,snow,18.2,11.8,63.3,5
2013-02-05,105.0,1.25,4,2,no_event,no_event,1,-6.6,-11.1,76.3,2.48,snow,16.9,12.7,83.9,2
2013-02-08,158.0,1.25,7,2,no_event,no_event,1,-6.8,-10.8,78.1,0.127,snow,29.9,15.1,57.6,6
2013-02-09,266.0,1.25,1,2,no_event,no_event,1,-5.2,-10.3,84.5,0.152,snow,27.4,11.1,87.9,6
2013-02-21,60.0,1.25,6,2,no_event,no_event,0,-7.5,-13.4,80.7,0.241,snow,36.6,13.3,67.8,3
2013-03-01,137.0,1.25,7,3,no_event,no_event,0,-5.7,-10.0,76.7,0.241,snow,28.0,13.1,69.6,4
2013-11-25,75.12269908107646,1.38,3,11,no_event,no_event,0,-2.6,-7.8,71.4,2.919,snow,23.2,13.7,80.4,3
2013-12-08,2.0,1.0,2,12,no_event,no_event,1,-9.5,-14.7,75.2,4.022,snow,19.1,9.2,90.9,2
2013-12-09,174.1871441835217,1.0,3,12,no_event,no_event,1,-12.3,-18.5,73.6,0.726,snow,22.1,13.1,36.5,4
2013-12-10,157.70384941095085,1.0,4,12,no_event,no_event,0,-12.7,-19.3,65.9,0.242,snow,30.8,14.1,64.1,4
2013-12-14,181.04215811853183,1.0,1,12,no_event,no_event,1,-6.3,-11.9,82.0,0.241,snow,24.9,11.9,97.7,1
2013-12-16,168.07530560837688,1.0,3,12,no_event,no_event,0,-13.8,-17.4,72.9,4.077,snow,15.8,13.1,76.2,3
2013-12-19,157.26465958707678,1.0,6,12,no_event,no_event,0,-3.3,-6.9,83.6,0.761,snow,27.5,12.2,66.5,1
2013-12-20,140.47687066501027,1.0,7,12,no_event,no_event,0,-5.1,-11.2,88.2,0.61,snow,29.5,10.7,100.0,2
2013-12-22,84.59493004149766,1.38,2,12,no_event,no_event,0,-4.3,-9.1,85.6,9.477,snow,26.4,8.6,99.1,3
2013-12-23,83.28452354040064,1.38,3,12,no_event,no_event,0,-12.2,-17.1,78.6,0.241,snow,14.6,11.1,84.3,3
2013-12-24,85.5240916001668,1.38,4,12,no_event,no_event,0,-17.0,-21.4,76.6,1.207,snow,16.7,14.6,35.2,4
2013-12-30,142.0,1.38,3,12,no_event,no_event,0,-19.5,-21.9,65.9,1.125,snow,12.0,12.9,58.2,2
2013-12-31,239.0,1.38,4,12,no_event,no_event,0,-16.3,-19.5,75.8,2.504,snow,13.7,12.6,83.6,2
2014-01-18,121.0,1.38,1,1,no_event,no_event,0,-12.7,-16.2,79.3,0.496,snow,17.9,11.7,62.6,1
2014-01-22,52.0,1.38,5,1,no_event,no_event,0,-15.4,-23.3,65.9,0.242,snow,25.1,11.0,84.6,3
2014-01-26,92.0,1.44,2,1,no_event,no_event,0,-11.1,-18.4,71.1,3.735,snow,35.6,9.2,90.4,4
2014-01-30,44.0,1.44,6,1,no_event,no_event,0,-3.5,-9.6,66.4,1.147,snow,30.7,14.1,69.3,1
2014-02-01,121.0,1.44,1,2,no_event,no_event,0,-10.2,-12.8,77.2,3.14,snow,13.9,10.7,90.3,3
2014-02-05,51.0,1.44,5,2,no_event,no_event,1,-9.6,-16.7,69.8,0.726,snow,27.4,12.4,79.9,3
2014-02-08,107.22091464327235,1.44,1,2,no_event,no_event,1,-15.2,-17.4,79.9,1.292,snow,12.8,10.2,70.1,2
2014-02-12,71.58543209888182,1.44,5,2,no_event,no_event,1,-12.1,-16.8,73.4,1.017,snow,15.6,11.6,78.6,2
2014-02-13,45.59740877908507,1.44,6,2,no_event,no_event,0,-5.5,-11.4,72.2,1.612,snow,28.0,12.9,97.6,6
2014-02-15,97.22783957873742,1.44,1,2,no_event,no_event,1,-12.6,-16.1,70.6,0.484,snow,17.7,14.1,50.7,5
2014-02-27,54.8581012314462,1.44,6,2,no_event,no_event,0,-16.6,-23.7,46.2,0.369,snow,33.6,15.2,31.1,7
2014-02-28,52.02933940233231,1.44,7,2,no_event,no_event,0,-12.6,-17.4,64.5,0.926,snow,33.2,14.3,71.9,6
2014-03-01,72.95371604553202,1.44,1,3,no_event,no_event,0,-11.2,-18.5,68.1,1.949,snow,26.5,11.9,99.4,5
2014-03-04,54.5956727489077,1.44,4,3,no_event,no_event,0,-9.1,-13.8,68.8,4.23,snow,12.9,12.2,99.2,7
2014-03-24,32.0,1.44,3,3,no_event,no_event,0,-3.4,-6.9,57.1,0.809,snow,22.6,15.4,51.6,8
2014-03-25,39.0,1.44,4,3,no_event,no_event,0,-6.2,-11.9,55.2,0.729,snow,27.7,15.8,40.7,8
2014-04-15,39.0,1.44,4,4,no_event,no_event,1,-1.9,-4.4,60.4,0.403,snow,20.6,15.7,48.7,8
2014-11-15,79.0,1.38,1,11,no_event,no_event,1,-7.0,-8.1,75.7,1.945,snow,12.1,12.6,58.8,3
2014-11-16,72.0,1.38,2,11,no_event,no_event,0,-5.4,-9.9,79.8,0.211,snow,17.8,10.6,82.5,2
2014-11-19,31.0,1.38,5,11,no_event,no_event,0,-5.7,-11.9,66.0,0.211,snow,24.2,14.9,84.2,4
2014-11-25,52.0,1.38,4,11,no_event,no_event,0,-6.8,-10.8,82.0,0.213,snow,17.8,15.0,75.8,5
2014-11-28,60.0,1.38,7,11,no_event,no_event,0,-5.7,-10.7,76.2,0.22,snow,26.5,14.3,94.8,4
2015-01-05,52.0,1.38,3,1,no_event,no_event,1,-19.0,-24.9,66.9,2.84,snow,16.4,13.7,55.7,4
2015-01-06,85.0,1.38,4,1,no_event,no_event,1,-16.1,-21.6,69.8,0.388,snow,27.7,14.4,66.1,4
2015-01-08,32.0,1.38,6,1,no_event,no_event,1,-17.1,-26.4,71.6,2.784,snow,29.9,10.5,69.0,2
2015-01-09,81.0,1.38,7,1,no_event,no_event,1,-16.1,-23.9,58.9,0.288,snow,25.9,15.6,47.9,3
2015-01-26,42.0,1.38,3,1,no_event,no_event,0,-6.8,-10.2,85.4,1.409,snow,17.0,9.1,77.4,3
2015-02-03,78.0,1.38,4,2,no_event,no_event,1,-11.4,-14.2,78.6,2.733,snow,10.4,12.9,63.0,3
2015-02-10,44.0,1.38,4,2,no_event,no_event,0,-7.2,-10.3,76.0,0.211,snow,23.9,15.2,72.0,5
2015-02-12,38.0,1.38,6,2,no_event,no_event,1,-12.4,-18.3,58.2,0.211,snow,30.6,14.8,52.6,6
2015-12-18,55.46916661557469,1.38,7,12,no_event,no_event,0,-4.9,-10.1,64.5,0.21,snow,26.5,15.5,67.1,3
2015-12-28,77.27652121727056,1.38,3,12,no_event,no_event,0,-3.0,-10.5,83.5,12.322,snow,46.2,8.1,99.5,1
2016-01-11,81.0,1.38,3,1,no_event,no_event,1,-16.6,-20.4,75.6,0.874,snow,13.1,11.8,60.3,3
2016-02-09,46.0,1.38,4,2,no_event,no_event,1,-10.6,-18.9,68.2,0.42,snow,27.7,12.2,93.5,2
2016-03-01,51.0,1.38,4,3,no_event,no_event,0,-6.6,-13.4,73.9,2.751,snow,36.8,9.4,81.3,4
